Archive member included to satisfy reference by file (symbol)

/usr/lib/gcc/arm-none-eabi/9.2.0/thumb/v7e-m/nofp/libgcc.a(_aeabi_uldivmod.o)
                              CMakeFiles/4wheelsSTM32F411.elf.dir/Drivers/STM32F4xx_HAL_Driver/Src/stm32f4xx_hal_rcc.c.obj (__aeabi_uldivmod)
/usr/lib/gcc/arm-none-eabi/9.2.0/thumb/v7e-m/nofp/libgcc.a(_udivmoddi4.o)
                              /usr/lib/gcc/arm-none-eabi/9.2.0/thumb/v7e-m/nofp/libgcc.a(_aeabi_uldivmod.o) (__udivmoddi4)
/usr/lib/gcc/arm-none-eabi/9.2.0/thumb/v7e-m/nofp/libgcc.a(_dvmd_tls.o)
                              /usr/lib/gcc/arm-none-eabi/9.2.0/thumb/v7e-m/nofp/libgcc.a(_aeabi_uldivmod.o) (__aeabi_ldiv0)
/usr/lib/gcc/arm-none-eabi/9.2.0/../../../../arm-none-eabi/lib/thumb/v7e-m/nofp/libg_nano.a(lib_a-atexit.o)
                              /usr/lib/gcc/arm-none-eabi/9.2.0/../../../../arm-none-eabi/lib/thumb/v7e-m/nofp/crt0.o (atexit)
/usr/lib/gcc/arm-none-eabi/9.2.0/../../../../arm-none-eabi/lib/thumb/v7e-m/nofp/libg_nano.a(lib_a-atoi.o)
                              CMakeFiles/4wheelsSTM32F411.elf.dir/Src/main.c.obj (atoi)
/usr/lib/gcc/arm-none-eabi/9.2.0/../../../../arm-none-eabi/lib/thumb/v7e-m/nofp/libg_nano.a(lib_a-errno.o)
                              CMakeFiles/4wheelsSTM32F411.elf.dir/Src/syscalls.c.obj (__errno)
/usr/lib/gcc/arm-none-eabi/9.2.0/../../../../arm-none-eabi/lib/thumb/v7e-m/nofp/libg_nano.a(lib_a-exit.o)
                              /usr/lib/gcc/arm-none-eabi/9.2.0/../../../../arm-none-eabi/lib/thumb/v7e-m/nofp/crt0.o (exit)
/usr/lib/gcc/arm-none-eabi/9.2.0/../../../../arm-none-eabi/lib/thumb/v7e-m/nofp/libg_nano.a(lib_a-fini.o)
                              /usr/lib/gcc/arm-none-eabi/9.2.0/../../../../arm-none-eabi/lib/thumb/v7e-m/nofp/crt0.o (__libc_fini_array)
/usr/lib/gcc/arm-none-eabi/9.2.0/../../../../arm-none-eabi/lib/thumb/v7e-m/nofp/libg_nano.a(lib_a-impure.o)
                              /usr/lib/gcc/arm-none-eabi/9.2.0/../../../../arm-none-eabi/lib/thumb/v7e-m/nofp/libg_nano.a(lib_a-exit.o) (_global_impure_ptr)
/usr/lib/gcc/arm-none-eabi/9.2.0/../../../../arm-none-eabi/lib/thumb/v7e-m/nofp/libg_nano.a(lib_a-init.o)
                              /usr/lib/gcc/arm-none-eabi/9.2.0/../../../../arm-none-eabi/lib/thumb/v7e-m/nofp/crt0.o (__libc_init_array)
/usr/lib/gcc/arm-none-eabi/9.2.0/../../../../arm-none-eabi/lib/thumb/v7e-m/nofp/libg_nano.a(lib_a-memset.o)
                              /usr/lib/gcc/arm-none-eabi/9.2.0/../../../../arm-none-eabi/lib/thumb/v7e-m/nofp/crt0.o (memset)
/usr/lib/gcc/arm-none-eabi/9.2.0/../../../../arm-none-eabi/lib/thumb/v7e-m/nofp/libg_nano.a(lib_a-sprintf.o)
                              CMakeFiles/4wheelsSTM32F411.elf.dir/Src/main.c.obj (sprintf)
/usr/lib/gcc/arm-none-eabi/9.2.0/../../../../arm-none-eabi/lib/thumb/v7e-m/nofp/libg_nano.a(lib_a-strtol.o)
                              /usr/lib/gcc/arm-none-eabi/9.2.0/../../../../arm-none-eabi/lib/thumb/v7e-m/nofp/libg_nano.a(lib_a-atoi.o) (_strtol_r)
/usr/lib/gcc/arm-none-eabi/9.2.0/../../../../arm-none-eabi/lib/thumb/v7e-m/nofp/libg_nano.a(lib_a-__atexit.o)
                              /usr/lib/gcc/arm-none-eabi/9.2.0/../../../../arm-none-eabi/lib/thumb/v7e-m/nofp/libg_nano.a(lib_a-atexit.o) (__register_exitproc)
/usr/lib/gcc/arm-none-eabi/9.2.0/../../../../arm-none-eabi/lib/thumb/v7e-m/nofp/libg_nano.a(lib_a-__call_atexit.o)
                              /usr/lib/gcc/arm-none-eabi/9.2.0/../../../../arm-none-eabi/lib/thumb/v7e-m/nofp/libg_nano.a(lib_a-__atexit.o) (__call_exitprocs)
/usr/lib/gcc/arm-none-eabi/9.2.0/../../../../arm-none-eabi/lib/thumb/v7e-m/nofp/libg_nano.a(lib_a-ctype_.o)
                              /usr/lib/gcc/arm-none-eabi/9.2.0/../../../../arm-none-eabi/lib/thumb/v7e-m/nofp/libg_nano.a(lib_a-strtol.o) (_ctype_)
/usr/lib/gcc/arm-none-eabi/9.2.0/../../../../arm-none-eabi/lib/thumb/v7e-m/nofp/libg_nano.a(lib_a-lock.o)
                              /usr/lib/gcc/arm-none-eabi/9.2.0/../../../../arm-none-eabi/lib/thumb/v7e-m/nofp/libg_nano.a(lib_a-__atexit.o) (__retarget_lock_acquire_recursive)
/usr/lib/gcc/arm-none-eabi/9.2.0/../../../../arm-none-eabi/lib/thumb/v7e-m/nofp/libg_nano.a(lib_a-nano-svfprintf.o)
                              /usr/lib/gcc/arm-none-eabi/9.2.0/../../../../arm-none-eabi/lib/thumb/v7e-m/nofp/libg_nano.a(lib_a-sprintf.o) (_svfprintf_r)
/usr/lib/gcc/arm-none-eabi/9.2.0/../../../../arm-none-eabi/lib/thumb/v7e-m/nofp/libg_nano.a(lib_a-nano-vfprintf_i.o)
                              /usr/lib/gcc/arm-none-eabi/9.2.0/../../../../arm-none-eabi/lib/thumb/v7e-m/nofp/libg_nano.a(lib_a-nano-svfprintf.o) (_printf_i)
/usr/lib/gcc/arm-none-eabi/9.2.0/../../../../arm-none-eabi/lib/thumb/v7e-m/nofp/libg_nano.a(lib_a-memchr.o)
                              /usr/lib/gcc/arm-none-eabi/9.2.0/../../../../arm-none-eabi/lib/thumb/v7e-m/nofp/libg_nano.a(lib_a-nano-svfprintf.o) (memchr)
/usr/lib/gcc/arm-none-eabi/9.2.0/../../../../arm-none-eabi/lib/thumb/v7e-m/nofp/libg_nano.a(lib_a-memcpy-stub.o)
[...]
Memory Configuration

Name             Origin             Length             Attributes
RAM              0x0000000020000000 0x0000000000020000 xrw
FLASH            0x0000000008000000 0x0000000000080000 xr
*default*        0x0000000000000000 0xffffffffffffffff

Linker script and memory map

LOAD /usr/lib/gcc/arm-none-eabi/9.2.0/thumb/v7e-m/nofp/crti.o
LOAD /usr/lib/gcc/arm-none-eabi/9.2.0/thumb/v7e-m/nofp/crtbegin.o
LOAD /usr/lib/gcc/arm-none-eabi/9.2.0/../../../../arm-none-eabi/lib/thumb/v7e-m/nofp/crt0.o
LOAD CMakeFiles/4wheelsSTM32F411.elf.dir/Drivers/STM32F4xx_HAL_Driver/Src/stm32f4xx_hal.c.obj
LOAD CMakeFiles/4wheelsSTM32F411.elf.dir/Drivers/STM32F4xx_HAL_Driver/Src/stm32f4xx_hal_cortex.c.obj
LOAD CMakeFiles/4wheelsSTM32F411.elf.dir/Drivers/STM32F4xx_HAL_Driver/Src/stm32f4xx_hal_dma.c.obj
LOAD CMakeFiles/4wheelsSTM32F411.elf.dir/Drivers/STM32F4xx_HAL_Driver/Src/stm32f4xx_hal_dma_ex.c.obj
LOAD CMakeFiles/4wheelsSTM32F411.elf.dir/Drivers/STM32F4xx_HAL_Driver/Src/stm32f4xx_hal_exti.c.obj
LOAD CMakeFiles/4wheelsSTM32F411.elf.dir/Drivers/STM32F4xx_HAL_Driver/Src/stm32f4xx_hal_flash.c.obj
LOAD CMakeFiles/4wheelsSTM32F411.elf.dir/Drivers/STM32F4xx_HAL_Driver/Src/stm32f4xx_hal_flash_ex.c.obj
LOAD CMakeFiles/4wheelsSTM32F411.elf.dir/Drivers/STM32F4xx_HAL_Driver/Src/stm32f4xx_hal_flash_ramfunc.c.obj
LOAD CMakeFiles/4wheelsSTM32F411.elf.dir/Drivers/STM32F4xx_HAL_Driver/Src/stm32f4xx_hal_gpio.c.obj
LOAD CMakeFiles/4wheelsSTM32F411.elf.dir/Drivers/STM32F4xx_HAL_Driver/Src/stm32f4xx_hal_pwr.c.obj
LOAD CMakeFiles/4wheelsSTM32F411.elf.dir/Drivers/STM32F4xx_HAL_Driver/Src/stm32f4xx_hal_pwr_ex.c.obj
LOAD CMakeFiles/4wheelsSTM32F411.elf.dir/Drivers/STM32F4xx_HAL_Driver/Src/stm32f4xx_hal_rcc.c.obj
LOAD CMakeFiles/4wheelsSTM32F411.elf.dir/Drivers/STM32F4xx_HAL_Driver/Src/stm32f4xx_hal_rcc_ex.c.obj
LOAD CMakeFiles/4wheelsSTM32F411.elf.dir/Drivers/STM32F4xx_HAL_Driver/Src/stm32f4xx_hal_tim.c.obj
LOAD CMakeFiles/4wheelsSTM32F411.elf.dir/Drivers/STM32F4xx_HAL_Driver/Src/stm32f4xx_hal_tim_ex.c.obj
LOAD CMakeFiles/4wheelsSTM32F411.elf.dir/Drivers/STM32F4xx_HAL_Driver/Src/stm32f4xx_hal_uart.c.obj
LOAD CMakeFiles/4wheelsSTM32F411.elf.dir/Src/main.c.obj
LOAD CMakeFiles/4wheelsSTM32F411.elf.dir/Src/stm32f4xx_hal_msp.c.obj
LOAD CMakeFiles/4wheelsSTM32F411.elf.dir/Src/stm32f4xx_it.c.obj
LOAD CMakeFiles/4wheelsSTM32F411.elf.dir/Src/syscalls.c.obj
LOAD CMakeFiles/4wheelsSTM32F411.elf.dir/Src/system_stm32f4xx.c.obj
LOAD CMakeFiles/4wheelsSTM32F411.elf.dir/startup/startup_stm32f411xe.s.obj
START GROUP
LOAD /usr/lib/gcc/arm-none-eabi/9.2.0/thumb/v7e-m/nofp/libgcc.a
LOAD /usr/lib/gcc/arm-none-eabi/9.2.0/../../../../arm-none-eabi/lib/thumb/v7e-m/nofp/libg_nano.a
LOAD /usr/lib/gcc/arm-none-eabi/9.2.0/../../../../arm-none-eabi/lib/thumb/v7e-m/nofp/libc_nano.a
END GROUP
START GROUP
LOAD /usr/lib/gcc/arm-none-eabi/9.2.0/thumb/v7e-m/nofp/libgcc.a
LOAD /usr/lib/gcc/arm-none-eabi/9.2.0/../../../../arm-none-eabi/lib/thumb/v7e-m/nofp/libc_nano.a
LOAD /usr/lib/gcc/arm-none-eabi/9.2.0/../../../../arm-none-eabi/lib/thumb/v7e-m/nofp/libnosys.a
END GROUP
START GROUP
LOAD /usr/lib/gcc/arm-none-eabi/9.2.0/thumb/v7e-m/nofp/libgcc.a
LOAD /usr/lib/gcc/arm-none-eabi/9.2.0/../../../../arm-none-eabi/lib/thumb/v7e-m/nofp/libc_nano.a
LOAD /usr/lib/gcc/arm-none-eabi/9.2.0/../../../../arm-none-eabi/lib/thumb/v7e-m/nofp/libnosys.a
END GROUP
LOAD /usr/lib/gcc/arm-none-eabi/9.2.0/thumb/v7e-m/nofp/crtend.o
LOAD /usr/lib/gcc/arm-none-eabi/9.2.0/thumb/v7e-m/nofp/crtn.o
                0x0000000020020000                _estack = 0x20020000
                0x0000000000000200                _Min_Heap_Size = 0x200
                0x0000000000000400                _Min_Stack_Size = 0x400

.isr_vector     0x0000000008000000      0x198
                0x0000000008000000                . = ALIGN (0x4)
 *(.isr_vector)
 .isr_vector    0x0000000008000000      0x198 CMakeFiles/4wheelsSTM32F411.elf.dir/startup/startup_stm32f411xe.s.obj
                0x0000000008000000                g_pfnVectors
                0x0000000008000198                . = ALIGN (0x4)

.text           0x00000000080001a0     0x3e48
                0x00000000080001a0                . = ALIGN (0x4)
 *(.text)
 .text          0x00000000080001a0       0x30 /usr/lib/gcc/arm-none-eabi/9.2.0/thumb/v7e-m/nofp/libgcc.a(_aeabi_uldivmod.o)
                0x00000000080001a0                __aeabi_uldivmod
 .text          0x00000000080001d0        0x4 /usr/lib/gcc/arm-none-eabi/9.2.0/thumb/v7e-m/nofp/libgcc.a(_dvmd_tls.o)
                0x00000000080001d0                __aeabi_ldiv0
                0x00000000080001d0                __aeabi_idiv0
 *fill*         0x00000000080001d4        0xc 
 .text          0x00000000080001e0       0xa0 /usr/lib/gcc/arm-none-eabi/9.2.0/../../../../arm-none-eabi/lib/thumb/v7e-m/nofp/libg_nano.a(lib_a-memchr.o)
                0x00000000080001e0                memchr
 *(.text*)
 .text.__do_global_dtors_aux
                0x0000000008000280       0x24 /usr/lib/gcc/arm-none-eabi/9.2.0/thumb/v7e-m/nofp/crtbegin.o
 .text.frame_dummy
                0x00000000080002a4       0x1c /usr/lib/gcc/arm-none-eabi/9.2.0/thumb/v7e-m/nofp/crtbegin.o
 .text.HAL_Init
                0x00000000080002c0       0x44 CMakeFiles/4wheelsSTM32F411.elf.dir/Drivers/STM32F4xx_HAL_Driver/Src/stm32f4xx_hal.c.obj
                0x00000000080002c0                HAL_Init
 .text.HAL_InitTick
                0x0000000008000304       0x60 CMakeFiles/4wheelsSTM32F411.elf.dir/Drivers/STM32F4xx_HAL_Driver/Src/stm32f4xx_hal.c.obj
                0x0000000008000304                HAL_InitTick
 .text.HAL_IncTick
                0x0000000008000364       0x24 CMakeFiles/4wheelsSTM32F411.elf.dir/Drivers/STM32F4xx_HAL_Driver/Src/stm32f4xx_hal.c.obj
                0x0000000008000364                HAL_IncTick
 .text.HAL_GetTick
                0x0000000008000388       0x14 CMakeFiles/4wheelsSTM32F411.elf.dir/Drivers/STM32F4xx_HAL_Driver/Src/stm32f4xx_hal.c.obj
                0x0000000008000388                HAL_GetTick
 .text.HAL_Delay
                0x000000000800039c       0x48 CMakeFiles/4wheelsSTM32F411.elf.dir/Drivers/STM32F4xx_HAL_Driver/Src/stm32f4xx_hal.c.obj
                0x000000000800039c                HAL_Delay
 .text.__NVIC_SetPriorityGrouping
                0x00000000080003e4       0x48 CMakeFiles/4wheelsSTM32F411.elf.dir/Drivers/STM32F4xx_HAL_Driver/Src/stm32f4xx_hal_cortex.c.obj
 .text.__NVIC_GetPriorityGrouping
                0x000000000800042c       0x1c CMakeFiles/4wheelsSTM32F411.elf.dir/Drivers/STM32F4xx_HAL_Driver/Src/stm32f4xx_hal_cortex.c.obj
 .text.__NVIC_EnableIRQ
                0x0000000008000448       0x38 CMakeFiles/4wheelsSTM32F411.elf.dir/Drivers/STM32F4xx_HAL_Driver/Src/stm32f4xx_hal_cortex.c.obj
 .text.__NVIC_SetPriority
                0x0000000008000480       0x54 CMakeFiles/4wheelsSTM32F411.elf.dir/Drivers/STM32F4xx_HAL_Driver/Src/stm32f4xx_hal_cortex.c.obj
 .text.NVIC_EncodePriority
                0x00000000080004d4       0x64 CMakeFiles/4wheelsSTM32F411.elf.dir/Drivers/STM32F4xx_HAL_Driver/Src/stm32f4xx_hal_cortex.c.obj
 .text.SysTick_Config
                0x0000000008000538       0x44 CMakeFiles/4wheelsSTM32F411.elf.dir/Drivers/STM32F4xx_HAL_Driver/Src/stm32f4xx_hal_cortex.c.obj
 .text.HAL_NVIC_SetPriorityGrouping
                0x000000000800057c       0x16 CMakeFiles/4wheelsSTM32F411.elf.dir/Drivers/STM32F4xx_HAL_Driver/Src/stm32f4xx_hal_cortex.c.obj
                0x000000000800057c                HAL_NVIC_SetPriorityGrouping
 .text.HAL_NVIC_SetPriority
                0x0000000008000592       0x38 CMakeFiles/4wheelsSTM32F411.elf.dir/Drivers/STM32F4xx_HAL_Driver/Src/stm32f4xx_hal_cortex.c.obj
                0x0000000008000592                HAL_NVIC_SetPriority
 .text.HAL_NVIC_EnableIRQ
                0x00000000080005ca       0x1c CMakeFiles/4wheelsSTM32F411.elf.dir/Drivers/STM32F4xx_HAL_Driver/Src/stm32f4xx_hal_cortex.c.obj
                0x00000000080005ca                HAL_NVIC_EnableIRQ
 .text.HAL_SYSTICK_Config
                0x00000000080005e6       0x18 CMakeFiles/4wheelsSTM32F411.elf.dir/Drivers/STM32F4xx_HAL_Driver/Src/stm32f4xx_hal_cortex.c.obj
                0x00000000080005e6                HAL_SYSTICK_Config
 .text.HAL_DMA_Abort_IT
                0x00000000080005fe       0x42 CMakeFiles/4wheelsSTM32F411.elf.dir/Drivers/STM32F4xx_HAL_Driver/Src/stm32f4xx_hal_dma.c.obj
                0x00000000080005fe                HAL_DMA_Abort_IT
 .text.HAL_GPIO_Init
                0x0000000008000640      0x304 CMakeFiles/4wheelsSTM32F411.elf.dir/Drivers/STM32F4xx_HAL_Driver/Src/stm32f4xx_hal_gpio.c.obj
                0x0000000008000640                HAL_GPIO_Init
 .text.HAL_GPIO_WritePin
                0x0000000008000944       0x30 CMakeFiles/4wheelsSTM32F411.elf.dir/Drivers/STM32F4xx_HAL_Driver/Src/stm32f4xx_hal_gpio.c.obj
                0x0000000008000944                HAL_GPIO_WritePin
 .text.HAL_GPIO_TogglePin
                0x0000000008000974       0x34 CMakeFiles/4wheelsSTM32F411.elf.dir/Drivers/STM32F4xx_HAL_Driver/Src/stm32f4xx_hal_gpio.c.obj
                0x0000000008000974                HAL_GPIO_TogglePin
 .text.HAL_GPIO_EXTI_IRQHandler
                0x00000000080009a8       0x30 CMakeFiles/4wheelsSTM32F411.elf.dir/Drivers/STM32F4xx_HAL_Driver/Src/stm32f4xx_hal_gpio.c.obj
                0x00000000080009a8                HAL_GPIO_EXTI_IRQHandler
 .text.HAL_GPIO_EXTI_Callback
                0x00000000080009d8       0x14 CMakeFiles/4wheelsSTM32F411.elf.dir/Drivers/STM32F4xx_HAL_Driver/Src/stm32f4xx_hal_gpio.c.obj
                0x00000000080009d8                HAL_GPIO_EXTI_Callback
 .text.HAL_RCC_OscConfig
                0x00000000080009ec      0x4e0 CMakeFiles/4wheelsSTM32F411.elf.dir/Drivers/STM32F4xx_HAL_Driver/Src/stm32f4xx_hal_rcc.c.obj
                0x00000000080009ec                HAL_RCC_OscConfig
 .text.HAL_RCC_ClockConfig
                0x0000000008000ecc      0x1cc CMakeFiles/4wheelsSTM32F411.elf.dir/Drivers/STM32F4xx_HAL_Driver/Src/stm32f4xx_hal_rcc.c.obj
                0x0000000008000ecc                HAL_RCC_ClockConfig
 .text.HAL_RCC_GetSysClockFreq
                0x0000000008001098      0x16c CMakeFiles/4wheelsSTM32F411.elf.dir/Drivers/STM32F4xx_HAL_Driver/Src/stm32f4xx_hal_rcc.c.obj
                0x0000000008001098                HAL_RCC_GetSysClockFreq
 .text.HAL_RCC_GetHCLKFreq
                0x0000000008001204       0x14 CMakeFiles/4wheelsSTM32F411.elf.dir/Drivers/STM32F4xx_HAL_Driver/Src/stm32f4xx_hal_rcc.c.obj
                0x0000000008001204                HAL_RCC_GetHCLKFreq
 .text.HAL_RCC_GetPCLK1Freq
                0x0000000008001218       0x28 CMakeFiles/4wheelsSTM32F411.elf.dir/Drivers/STM32F4xx_HAL_Driver/Src/stm32f4xx_hal_rcc.c.obj
                0x0000000008001218                HAL_RCC_GetPCLK1Freq
 .text.HAL_RCC_GetPCLK2Freq
                0x0000000008001240       0x28 CMakeFiles/4wheelsSTM32F411.elf.dir/Drivers/STM32F4xx_HAL_Driver/Src/stm32f4xx_hal_rcc.c.obj
                0x0000000008001240                HAL_RCC_GetPCLK2Freq
 .text.HAL_TIM_PWM_Init
                0x0000000008001268       0x56 CMakeFiles/4wheelsSTM32F411.elf.dir/Drivers/STM32F4xx_HAL_Driver/Src/stm32f4xx_hal_tim.c.obj
                0x0000000008001268                HAL_TIM_PWM_Init
 .text.HAL_TIM_IRQHandler
                0x00000000080012be      0x210 CMakeFiles/4wheelsSTM32F411.elf.dir/Drivers/STM32F4xx_HAL_Driver/Src/stm32f4xx_hal_tim.c.obj
                0x00000000080012be                HAL_TIM_IRQHandler
 *fill*         0x00000000080014ce        0x2 
 .text.HAL_TIM_PWM_ConfigChannel
                0x00000000080014d0      0x18c CMakeFiles/4wheelsSTM32F411.elf.dir/Drivers/STM32F4xx_HAL_Driver/Src/stm32f4xx_hal_tim.c.obj
                0x00000000080014d0                HAL_TIM_PWM_ConfigChannel
 .text.HAL_TIM_PeriodElapsedCallback
                0x000000000800165c       0x12 CMakeFiles/4wheelsSTM32F411.elf.dir/Drivers/STM32F4xx_HAL_Driver/Src/stm32f4xx_hal_tim.c.obj
                0x000000000800165c                HAL_TIM_PeriodElapsedCallback
 .text.HAL_TIM_OC_DelayElapsedCallback
                0x000000000800166e       0x12 CMakeFiles/4wheelsSTM32F411.elf.dir/Drivers/STM32F4xx_HAL_Driver/Src/stm32f4xx_hal_tim.c.obj
                0x000000000800166e                HAL_TIM_OC_DelayElapsedCallback
 .text.HAL_TIM_IC_CaptureCallback
                0x0000000008001680       0x12 CMakeFiles/4wheelsSTM32F411.elf.dir/Drivers/STM32F4xx_HAL_Driver/Src/stm32f4xx_hal_tim.c.obj
                0x0000000008001680                HAL_TIM_IC_CaptureCallback
 .text.HAL_TIM_PWM_PulseFinishedCallback
                0x0000000008001692       0x12 CMakeFiles/4wheelsSTM32F411.elf.dir/Drivers/STM32F4xx_HAL_Driver/Src/stm32f4xx_hal_tim.c.obj
                0x0000000008001692                HAL_TIM_PWM_PulseFinishedCallback
 .text.HAL_TIM_TriggerCallback
                0x00000000080016a4       0x12 CMakeFiles/4wheelsSTM32F411.elf.dir/Drivers/STM32F4xx_HAL_Driver/Src/stm32f4xx_hal_tim.c.obj
                0x00000000080016a4                HAL_TIM_TriggerCallback
 *fill*         0x00000000080016b6        0x2 
 .text.TIM_Base_SetConfig
                0x00000000080016b8       0xfc CMakeFiles/4wheelsSTM32F411.elf.dir/Drivers/STM32F4xx_HAL_Driver/Src/stm32f4xx_hal_tim.c.obj
                0x00000000080016b8                TIM_Base_SetConfig
 .text.TIM_OC1_SetConfig
                0x00000000080017b4       0xcc CMakeFiles/4wheelsSTM32F411.elf.dir/Drivers/STM32F4xx_HAL_Driver/Src/stm32f4xx_hal_tim.c.obj
 .text.TIM_OC2_SetConfig
                0x0000000008001880       0xd4 CMakeFiles/4wheelsSTM32F411.elf.dir/Drivers/STM32F4xx_HAL_Driver/Src/stm32f4xx_hal_tim.c.obj
                0x0000000008001880                TIM_OC2_SetConfig
 .text.TIM_OC3_SetConfig
                0x0000000008001954       0xd4 CMakeFiles/4wheelsSTM32F411.elf.dir/Drivers/STM32F4xx_HAL_Driver/Src/stm32f4xx_hal_tim.c.obj
 .text.TIM_OC4_SetConfig
                0x0000000008001a28       0x9c CMakeFiles/4wheelsSTM32F411.elf.dir/Drivers/STM32F4xx_HAL_Driver/Src/stm32f4xx_hal_tim.c.obj
 .text.HAL_TIMEx_MasterConfigSynchronization
                0x0000000008001ac4       0xd8 CMakeFiles/4wheelsSTM32F411.elf.dir/Drivers/STM32F4xx_HAL_Driver/Src/stm32f4xx_hal_tim_ex.c.obj
                0x0000000008001ac4                HAL_TIMEx_MasterConfigSynchronization
 .text.HAL_TIMEx_ConfigBreakDeadTime
                0x0000000008001b9c       0xa2 CMakeFiles/4wheelsSTM32F411.elf.dir/Drivers/STM32F4xx_HAL_Driver/Src/stm32f4xx_hal_tim_ex.c.obj
                0x0000000008001b9c                HAL_TIMEx_ConfigBreakDeadTime
 .text.HAL_TIMEx_CommutCallback
                0x0000000008001c3e       0x12 CMakeFiles/4wheelsSTM32F411.elf.dir/Drivers/STM32F4xx_HAL_Driver/Src/stm32f4xx_hal_tim_ex.c.obj
                0x0000000008001c3e                HAL_TIMEx_CommutCallback
 .text.HAL_TIMEx_BreakCallback
                0x0000000008001c50       0x12 CMakeFiles/4wheelsSTM32F411.elf.dir/Drivers/STM32F4xx_HAL_Driver/Src/stm32f4xx_hal_tim_ex.c.obj
                0x0000000008001c50                HAL_TIMEx_BreakCallback
 .text.HAL_UART_Init
                0x0000000008001c62       0x9a CMakeFiles/4wheelsSTM32F411.elf.dir/Drivers/STM32F4xx_HAL_Driver/Src/stm32f4xx_hal_uart.c.obj
                0x0000000008001c62                HAL_UART_Init
 .text.HAL_UART_Transmit
                0x0000000008001cfc      0x132 CMakeFiles/4wheelsSTM32F411.elf.dir/Drivers/STM32F4xx_HAL_Driver/Src/stm32f4xx_hal_uart.c.obj
                0x0000000008001cfc                HAL_UART_Transmit
 .text.HAL_UART_Receive_IT
                0x0000000008001e2e       0xa8 CMakeFiles/4wheelsSTM32F411.elf.dir/Drivers/STM32F4xx_HAL_Driver/Src/stm32f4xx_hal_uart.c.obj
                0x0000000008001e2e                HAL_UART_Receive_IT
 *fill*         0x0000000008001ed6        0x2 
 .text.HAL_UART_IRQHandler
                0x0000000008001ed8      0x200 CMakeFiles/4wheelsSTM32F411.elf.dir/Drivers/STM32F4xx_HAL_Driver/Src/stm32f4xx_hal_uart.c.obj
                0x0000000008001ed8                HAL_UART_IRQHandler
 .text.HAL_UART_TxCpltCallback
                0x00000000080020d8       0x12 CMakeFiles/4wheelsSTM32F411.elf.dir/Drivers/STM32F4xx_HAL_Driver/Src/stm32f4xx_hal_uart.c.obj
                0x00000000080020d8                HAL_UART_TxCpltCallback
 .text.HAL_UART_ErrorCallback
                0x00000000080020ea       0x12 CMakeFiles/4wheelsSTM32F411.elf.dir/Drivers/STM32F4xx_HAL_Driver/Src/stm32f4xx_hal_uart.c.obj
                0x00000000080020ea                HAL_UART_ErrorCallback
 .text.UART_WaitOnFlagUntilTimeout
                0x00000000080020fc       0x94 CMakeFiles/4wheelsSTM32F411.elf.dir/Drivers/STM32F4xx_HAL_Driver/Src/stm32f4xx_hal_uart.c.obj
 .text.UART_EndRxTransfer
                0x0000000008002190       0x3a CMakeFiles/4wheelsSTM32F411.elf.dir/Drivers/STM32F4xx_HAL_Driver/Src/stm32f4xx_hal_uart.c.obj
 .text.UART_DMAAbortOnError
                0x00000000080021ca       0x28 CMakeFiles/4wheelsSTM32F411.elf.dir/Drivers/STM32F4xx_HAL_Driver/Src/stm32f4xx_hal_uart.c.obj
 .text.UART_Transmit_IT
                0x00000000080021f2       0xaa CMakeFiles/4wheelsSTM32F411.elf.dir/Drivers/STM32F4xx_HAL_Driver/Src/stm32f4xx_hal_uart.c.obj
 .text.UART_EndTransmit_IT
                0x000000000800229c       0x30 CMakeFiles/4wheelsSTM32F411.elf.dir/Drivers/STM32F4xx_HAL_Driver/Src/stm32f4xx_hal_uart.c.obj
 .text.UART_Receive_IT
                0x00000000080022cc      0x102 CMakeFiles/4wheelsSTM32F411.elf.dir/Drivers/STM32F4xx_HAL_Driver/Src/stm32f4xx_hal_uart.c.obj
 *fill*         0x00000000080023ce        0x2 
 .text.UART_SetConfig
                0x00000000080023d0      0x740 CMakeFiles/4wheelsSTM32F411.elf.dir/Drivers/STM32F4xx_HAL_Driver/Src/stm32f4xx_hal_uart.c.obj
 .text.start_car
                0x0000000008002b10       0x28 CMakeFiles/4wheelsSTM32F411.elf.dir/Src/main.c.obj
                0x0000000008002b10                start_car
 .text.HAL_UART_RxCpltCallback
                0x0000000008002b38      0x11c CMakeFiles/4wheelsSTM32F411.elf.dir/Src/main.c.obj
                0x0000000008002b38                HAL_UART_RxCpltCallback
 .text.main     0x0000000008002c54       0x44 CMakeFiles/4wheelsSTM32F411.elf.dir/Src/main.c.obj
                0x0000000008002c54                main
 .text.SystemClock_Config
                0x0000000008002c98       0xd0 CMakeFiles/4wheelsSTM32F411.elf.dir/Src/main.c.obj
                0x0000000008002c98                SystemClock_Config
 .text.MX_TIM1_Init
                0x0000000008002d68      0x108 CMakeFiles/4wheelsSTM32F411.elf.dir/Src/main.c.obj
 .text.MX_USART2_UART_Init
                0x0000000008002e70       0x54 CMakeFiles/4wheelsSTM32F411.elf.dir/Src/main.c.obj
 .text.MX_GPIO_Init
                0x0000000008002ec4      0x104 CMakeFiles/4wheelsSTM32F411.elf.dir/Src/main.c.obj
 .text.Error_Handler
                0x0000000008002fc8        0xc CMakeFiles/4wheelsSTM32F411.elf.dir/Src/main.c.obj
                0x0000000008002fc8                Error_Handler
 .text.HAL_MspInit
                0x0000000008002fd4       0x5c CMakeFiles/4wheelsSTM32F411.elf.dir/Src/stm32f4xx_hal_msp.c.obj
                0x0000000008002fd4                HAL_MspInit
 .text.HAL_TIM_PWM_MspInit
                0x0000000008003030       0x80 CMakeFiles/4wheelsSTM32F411.elf.dir/Src/stm32f4xx_hal_msp.c.obj
                0x0000000008003030                HAL_TIM_PWM_MspInit
 .text.HAL_TIM_MspPostInit
                0x00000000080030b0       0x74 CMakeFiles/4wheelsSTM32F411.elf.dir/Src/stm32f4xx_hal_msp.c.obj
                0x00000000080030b0                HAL_TIM_MspPostInit
 .text.HAL_UART_MspInit
                0x0000000008003124       0xa0 CMakeFiles/4wheelsSTM32F411.elf.dir/Src/stm32f4xx_hal_msp.c.obj
                0x0000000008003124                HAL_UART_MspInit
 .text.NMI_Handler
                0x00000000080031c4        0xc CMakeFiles/4wheelsSTM32F411.elf.dir/Src/stm32f4xx_it.c.obj
                0x00000000080031c4                NMI_Handler
 .text.HardFault_Handler
                0x00000000080031d0        0x6 CMakeFiles/4wheelsSTM32F411.elf.dir/Src/stm32f4xx_it.c.obj
                0x00000000080031d0                HardFault_Handler
 .text.MemManage_Handler
                0x00000000080031d6        0x6 CMakeFiles/4wheelsSTM32F411.elf.dir/Src/stm32f4xx_it.c.obj
                0x00000000080031d6                MemManage_Handler
 .text.BusFault_Handler
                0x00000000080031dc        0x6 CMakeFiles/4wheelsSTM32F411.elf.dir/Src/stm32f4xx_it.c.obj
                0x00000000080031dc                BusFault_Handler
 .text.UsageFault_Handler
                0x00000000080031e2        0x6 CMakeFiles/4wheelsSTM32F411.elf.dir/Src/stm32f4xx_it.c.obj
                0x00000000080031e2                UsageFault_Handler
 .text.SVC_Handler
                0x00000000080031e8        0xc CMakeFiles/4wheelsSTM32F411.elf.dir/Src/stm32f4xx_it.c.obj
                0x00000000080031e8                SVC_Handler
 .text.DebugMon_Handler
                0x00000000080031f4        0xc CMakeFiles/4wheelsSTM32F411.elf.dir/Src/stm32f4xx_it.c.obj
                0x00000000080031f4                DebugMon_Handler
 .text.PendSV_Handler
                0x0000000008003200        0xc CMakeFiles/4wheelsSTM32F411.elf.dir/Src/stm32f4xx_it.c.obj
                0x0000000008003200                PendSV_Handler
 .text.SysTick_Handler
                0x000000000800320c        0xc CMakeFiles/4wheelsSTM32F411.elf.dir/Src/stm32f4xx_it.c.obj
                0x000000000800320c                SysTick_Handler
 .text.RCC_IRQHandler
                0x0000000008003218        0xc CMakeFiles/4wheelsSTM32F411.elf.dir/Src/stm32f4xx_it.c.obj
                0x0000000008003218                RCC_IRQHandler
 .text.EXTI0_IRQHandler
                0x0000000008003224        0xe CMakeFiles/4wheelsSTM32F411.elf.dir/Src/stm32f4xx_it.c.obj
                0x0000000008003224                EXTI0_IRQHandler
 *fill*         0x0000000008003232        0x2 
 .text.TIM1_BRK_TIM9_IRQHandler
                0x0000000008003234       0x14 CMakeFiles/4wheelsSTM32F411.elf.dir/Src/stm32f4xx_it.c.obj
                0x0000000008003234                TIM1_BRK_TIM9_IRQHandler
 .text.TIM1_UP_TIM10_IRQHandler
                0x0000000008003248       0x14 CMakeFiles/4wheelsSTM32F411.elf.dir/Src/stm32f4xx_it.c.obj
                0x0000000008003248                TIM1_UP_TIM10_IRQHandler
 .text.TIM1_TRG_COM_TIM11_IRQHandler
                0x000000000800325c       0x14 CMakeFiles/4wheelsSTM32F411.elf.dir/Src/stm32f4xx_it.c.obj
                0x000000000800325c                TIM1_TRG_COM_TIM11_IRQHandler
 .text.TIM1_CC_IRQHandler
                0x0000000008003270       0x14 CMakeFiles/4wheelsSTM32F411.elf.dir/Src/stm32f4xx_it.c.obj
                0x0000000008003270                TIM1_CC_IRQHandler
 .text.USART2_IRQHandler
                0x0000000008003284       0x14 CMakeFiles/4wheelsSTM32F411.elf.dir/Src/stm32f4xx_it.c.obj
                0x0000000008003284                USART2_IRQHandler
 .text._sbrk    0x0000000008003298       0x58 CMakeFiles/4wheelsSTM32F411.elf.dir/Src/syscalls.c.obj
                0x0000000008003298                _sbrk
 .text.SystemInit
                0x00000000080032f0       0x18 CMakeFiles/4wheelsSTM32F411.elf.dir/Src/system_stm32f4xx.c.obj
                0x00000000080032f0                SystemInit
 .text.Reset_Handler
                0x0000000008003308       0x50 CMakeFiles/4wheelsSTM32F411.elf.dir/startup/startup_stm32f411xe.s.obj
                0x0000000008003308                Reset_Handler
 .text.Default_Handler
                0x0000000008003358        0x2 CMakeFiles/4wheelsSTM32F411.elf.dir/startup/startup_stm32f411xe.s.obj
                0x0000000008003358                RTC_Alarm_IRQHandler
                0x0000000008003358                EXTI2_IRQHandler
                0x0000000008003358                SPI4_IRQHandler
                0x0000000008003358                DMA2_Stream5_IRQHandler
                0x0000000008003358                DMA1_Stream5_IRQHandler
                0x0000000008003358                PVD_IRQHandler
                0x0000000008003358                SDIO_IRQHandler
                0x0000000008003358                TAMP_STAMP_IRQHandler
                0x0000000008003358                EXTI3_IRQHandler
                0x0000000008003358                I2C3_ER_IRQHandler
                0x0000000008003358                I2C2_EV_IRQHandler
                0x0000000008003358                DMA1_Stream2_IRQHandler
                0x0000000008003358                FPU_IRQHandler
                0x0000000008003358                DMA2_Stream2_IRQHandler
                0x0000000008003358                SPI1_IRQHandler
                0x0000000008003358                DMA2_Stream3_IRQHandler
                0x0000000008003358                USART6_IRQHandler
                0x0000000008003358                DMA2_Stream0_IRQHandler
                0x0000000008003358                TIM4_IRQHandler
                0x0000000008003358                I2C1_EV_IRQHandler
                0x0000000008003358                DMA1_Stream6_IRQHandler
                0x0000000008003358                DMA1_Stream1_IRQHandler
                0x0000000008003358                TIM3_IRQHandler
                0x0000000008003358                Default_Handler
                0x0000000008003358                EXTI15_10_IRQHandler
                0x0000000008003358                ADC_IRQHandler
                0x0000000008003358                DMA1_Stream7_IRQHandler
                0x0000000008003358                SPI5_IRQHandler
                0x0000000008003358                TIM5_IRQHandler
                0x0000000008003358                DMA2_Stream7_IRQHandler
                0x0000000008003358                I2C3_EV_IRQHandler
                0x0000000008003358                EXTI9_5_IRQHandler
                0x0000000008003358                RTC_WKUP_IRQHandler
                0x0000000008003358                SPI2_IRQHandler
                0x0000000008003358                DMA1_Stream0_IRQHandler
                0x0000000008003358                EXTI4_IRQHandler
                0x0000000008003358                WWDG_IRQHandler
                0x0000000008003358                TIM2_IRQHandler
                0x0000000008003358                OTG_FS_WKUP_IRQHandler
                0x0000000008003358                EXTI1_IRQHandler
                0x0000000008003358                I2C2_ER_IRQHandler
                0x0000000008003358                DMA2_Stream1_IRQHandler
                0x0000000008003358                FLASH_IRQHandler
                0x0000000008003358                DMA2_Stream4_IRQHandler
                0x0000000008003358                USART1_IRQHandler
                0x0000000008003358                OTG_FS_IRQHandler
                0x0000000008003358                SPI3_IRQHandler
                0x0000000008003358                DMA1_Stream4_IRQHandler
                0x0000000008003358                I2C1_ER_IRQHandler
                0x0000000008003358                DMA2_Stream6_IRQHandler
                0x0000000008003358                DMA1_Stream3_IRQHandler
 .text.__udivmoddi4
                0x000000000800335a      0x2aa /usr/lib/gcc/arm-none-eabi/9.2.0/thumb/v7e-m/nofp/libgcc.a(_udivmoddi4.o)
                0x000000000800335a                __udivmoddi4
 .text.atoi     0x0000000008003604        0x8 /usr/lib/gcc/arm-none-eabi/9.2.0/../../../../arm-none-eabi/lib/thumb/v7e-m/nofp/libg_nano.a(lib_a-atoi.o)
                0x0000000008003604                atoi
 .text.__errno  0x000000000800360c        0xc /usr/lib/gcc/arm-none-eabi/9.2.0/../../../../arm-none-eabi/lib/thumb/v7e-m/nofp/libg_nano.a(lib_a-errno.o)
                0x000000000800360c                __errno
 .text.__libc_init_array
                0x0000000008003618       0x48 /usr/lib/gcc/arm-none-eabi/9.2.0/../../../../arm-none-eabi/lib/thumb/v7e-m/nofp/libg_nano.a(lib_a-init.o)
                0x0000000008003618                __libc_init_array
 .text.memset   0x0000000008003660       0x10 /usr/lib/gcc/arm-none-eabi/9.2.0/../../../../arm-none-eabi/lib/thumb/v7e-m/nofp/libg_nano.a(lib_a-memset.o)
                0x0000000008003660                memset
 .text.sprintf  0x0000000008003670       0x40 /usr/lib/gcc/arm-none-eabi/9.2.0/../../../../arm-none-eabi/lib/thumb/v7e-m/nofp/libg_nano.a(lib_a-sprintf.o)
                0x0000000008003670                sprintf
                0x0000000008003670                siprintf
 .text._strtol_l.isra.0
                0x00000000080036b0       0xf4 /usr/lib/gcc/arm-none-eabi/9.2.0/../../../../arm-none-eabi/lib/thumb/v7e-m/nofp/libg_nano.a(lib_a-strtol.o)
 .text.strtol   0x00000000080037a4       0x14 /usr/lib/gcc/arm-none-eabi/9.2.0/../../../../arm-none-eabi/lib/thumb/v7e-m/nofp/libg_nano.a(lib_a-strtol.o)
                0x00000000080037a4                strtol
 .text.__retarget_lock_acquire_recursive
                0x00000000080037b8        0x2 /usr/lib/gcc/arm-none-eabi/9.2.0/../../../../arm-none-eabi/lib/thumb/v7e-m/nofp/libg_nano.a(lib_a-lock.o)
                0x00000000080037b8                __retarget_lock_acquire_recursive
 .text.__retarget_lock_release_recursive
                0x00000000080037ba        0x2 /usr/lib/gcc/arm-none-eabi/9.2.0/../../../../arm-none-eabi/lib/thumb/v7e-m/nofp/libg_nano.a(lib_a-lock.o)
                0x00000000080037ba                __retarget_lock_release_recursive
 .text.__ssputs_r
                0x00000000080037bc       0xb6 /usr/lib/gcc/arm-none-eabi/9.2.0/../../../../arm-none-eabi/lib/thumb/v7e-m/nofp/libg_nano.a(lib_a-nano-svfprintf.o)
                0x00000000080037bc                __ssputs_r
 *fill*         0x0000000008003872        0x2 
 .text._svfprintf_r
                0x0000000008003874      0x200 /usr/lib/gcc/arm-none-eabi/9.2.0/../../../../arm-none-eabi/lib/thumb/v7e-m/nofp/libg_nano.a(lib_a-nano-svfprintf.o)
                0x0000000008003874                _svfprintf_r
                0x0000000008003874                _svfiprintf_r
 .text._printf_common
                0x0000000008003a74       0xda /usr/lib/gcc/arm-none-eabi/9.2.0/../../../../arm-none-eabi/lib/thumb/v7e-m/nofp/libg_nano.a(lib_a-nano-vfprintf_i.o)
                0x0000000008003a74                _printf_common
 *fill*         0x0000000008003b4e        0x2 
 .text._printf_i
                0x0000000008003b50      0x24c /usr/lib/gcc/arm-none-eabi/9.2.0/../../../../arm-none-eabi/lib/thumb/v7e-m/nofp/libg_nano.a(lib_a-nano-vfprintf_i.o)
                0x0000000008003b50                _printf_i
 .text.memcpy   0x0000000008003d9c       0x1c /usr/lib/gcc/arm-none-eabi/9.2.0/../../../../arm-none-eabi/lib/thumb/v7e-m/nofp/libg_nano.a(lib_a-memcpy-stub.o)
                0x0000000008003d9c                memcpy
 .text.memmove  0x0000000008003db8       0x34 /usr/lib/gcc/arm-none-eabi/9.2.0/../../../../arm-none-eabi/lib/thumb/v7e-m/nofp/libg_nano.a(lib_a-memmove.o)
                0x0000000008003db8                memmove
 .text._free_r  0x0000000008003dec       0x9c /usr/lib/gcc/arm-none-eabi/9.2.0/../../../../arm-none-eabi/lib/thumb/v7e-m/nofp/libg_nano.a(lib_a-nano-freer.o)
                0x0000000008003dec                _free_r
 .text._malloc_r
                0x0000000008003e88       0xb4 /usr/lib/gcc/arm-none-eabi/9.2.0/../../../../arm-none-eabi/lib/thumb/v7e-m/nofp/libg_nano.a(lib_a-nano-mallocr.o)
                0x0000000008003e88                _malloc_r
 .text._realloc_r
                0x0000000008003f3c       0x4c /usr/lib/gcc/arm-none-eabi/9.2.0/../../../../arm-none-eabi/lib/thumb/v7e-m/nofp/libg_nano.a(lib_a-nano-reallocr.o)
                0x0000000008003f3c                _realloc_r
 .text._sbrk_r  0x0000000008003f88       0x20 /usr/lib/gcc/arm-none-eabi/9.2.0/../../../../arm-none-eabi/lib/thumb/v7e-m/nofp/libg_nano.a(lib_a-sbrkr.o)
                0x0000000008003f88                _sbrk_r
 .text.__malloc_lock
                0x0000000008003fa8        0xc /usr/lib/gcc/arm-none-eabi/9.2.0/../../../../arm-none-eabi/lib/thumb/v7e-m/nofp/libg_nano.a(lib_a-mlock.o)
                0x0000000008003fa8                __malloc_lock
 .text.__malloc_unlock
                0x0000000008003fb4        0xc /usr/lib/gcc/arm-none-eabi/9.2.0/../../../../arm-none-eabi/lib/thumb/v7e-m/nofp/libg_nano.a(lib_a-mlock.o)
                0x0000000008003fb4                __malloc_unlock
 .text._malloc_usable_size_r
                0x0000000008003fc0       0x10 /usr/lib/gcc/arm-none-eabi/9.2.0/../../../../arm-none-eabi/lib/thumb/v7e-m/nofp/libg_nano.a(lib_a-nano-msizer.o)
                0x0000000008003fc0                _malloc_usable_size_r
 *(.glue_7)
 .glue_7        0x0000000008003fd0        0x0 linker stubs
 *(.glue_7t)
 .glue_7t       0x0000000008003fd0        0x0 linker stubs
 *(.eh_frame)
 .eh_frame      0x0000000008003fd0        0x0 /usr/lib/gcc/arm-none-eabi/9.2.0/thumb/v7e-m/nofp/crtbegin.o
 *(.init)
 .init          0x0000000008003fd0        0x4 /usr/lib/gcc/arm-none-eabi/9.2.0/thumb/v7e-m/nofp/crti.o
                0x0000000008003fd0                _init
 .init          0x0000000008003fd4        0x8 /usr/lib/gcc/arm-none-eabi/9.2.0/thumb/v7e-m/nofp/crtn.o
 *(.fini)
 .fini          0x0000000008003fdc        0x4 /usr/lib/gcc/arm-none-eabi/9.2.0/thumb/v7e-m/nofp/crti.o
                0x0000000008003fdc                _fini
 .fini          0x0000000008003fe0        0x8 /usr/lib/gcc/arm-none-eabi/9.2.0/thumb/v7e-m/nofp/crtn.o
                0x0000000008003fe8                . = ALIGN (0x4)
                0x0000000008003fe8                _etext = .

.vfp11_veneer   0x0000000008003fe8        0x0
 .vfp11_veneer  0x0000000008003fe8        0x0 linker stubs

.v4_bx          0x0000000008003fe8        0x0
 .v4_bx         0x0000000008003fe8        0x0 linker stubs

.iplt           0x0000000008003fe8        0x0
 .iplt          0x0000000008003fe8        0x0 /usr/lib/gcc/arm-none-eabi/9.2.0/thumb/v7e-m/nofp/crtbegin.o

.rodata         0x0000000008003fe8      0x158
                0x0000000008003fe8                . = ALIGN (0x4)
 *(.rodata)
 .rodata        0x0000000008003fe8        0xb CMakeFiles/4wheelsSTM32F411.elf.dir/Src/main.c.obj
 *(.rodata*)
 *fill*         0x0000000008003ff3        0x1 
 .rodata.AHBPrescTable
                0x0000000008003ff4       0x10 CMakeFiles/4wheelsSTM32F411.elf.dir/Src/system_stm32f4xx.c.obj
                0x0000000008003ff4                AHBPrescTable
 .rodata.APBPrescTable
                0x0000000008004004        0x8 CMakeFiles/4wheelsSTM32F411.elf.dir/Src/system_stm32f4xx.c.obj
                0x0000000008004004                APBPrescTable
 .rodata._ctype_
                0x000000000800400c      0x101 /usr/lib/gcc/arm-none-eabi/9.2.0/../../../../arm-none-eabi/lib/thumb/v7e-m/nofp/libg_nano.a(lib_a-ctype_.o)
                0x000000000800400c                _ctype_
 .rodata._svfprintf_r.str1.1
                0x000000000800410d       0x11 /usr/lib/gcc/arm-none-eabi/9.2.0/../../../../arm-none-eabi/lib/thumb/v7e-m/nofp/libg_nano.a(lib_a-nano-svfprintf.o)
 .rodata._printf_i.str1.1
                0x000000000800411e       0x22 /usr/lib/gcc/arm-none-eabi/9.2.0/../../../../arm-none-eabi/lib/thumb/v7e-m/nofp/libg_nano.a(lib_a-nano-vfprintf_i.o)
                0x0000000008004140                . = ALIGN (0x4)

.ARM.extab
 *(.ARM.extab* .gnu.linkonce.armextab.*)

.ARM            0x0000000008004140        0x8
                0x0000000008004140                __exidx_start = .
 *(.ARM.exidx*)
 .ARM.exidx.text.__udivmoddi4
                0x0000000008004140        0x8 /usr/lib/gcc/arm-none-eabi/9.2.0/thumb/v7e-m/nofp/libgcc.a(_udivmoddi4.o)
                0x0000000008004148                __exidx_end = .

.rel.dyn        0x0000000008004148        0x0
 .rel.iplt      0x0000000008004148        0x0 /usr/lib/gcc/arm-none-eabi/9.2.0/thumb/v7e-m/nofp/crtbegin.o

.preinit_array  0x0000000008004148        0x0
                0x0000000008004148                PROVIDE (__preinit_array_start = .)
 *(.preinit_array*)
                0x0000000008004148                PROVIDE (__preinit_array_end = .)

.init_array     0x0000000008004148        0x4
                0x0000000008004148                PROVIDE (__init_array_start = .)
 *(SORT_BY_NAME(.init_array.*))
 *(.init_array*)
 .init_array    0x0000000008004148        0x4 /usr/lib/gcc/arm-none-eabi/9.2.0/thumb/v7e-m/nofp/crtbegin.o
                0x000000000800414c                PROVIDE (__init_array_end = .)

.fini_array     0x000000000800414c        0x4
                0x000000000800414c                PROVIDE (__fini_array_start = .)
 *(SORT_BY_NAME(.fini_array.*))
 *(.fini_array*)
 .fini_array    0x000000000800414c        0x4 /usr/lib/gcc/arm-none-eabi/9.2.0/thumb/v7e-m/nofp/crtbegin.o
                0x0000000008004150                PROVIDE (__fini_array_end = .)
                0x0000000008004150                _sidata = LOADADDR (.data)

.data           0x0000000020000000      0x19c load address 0x0000000008004150
                0x0000000020000000                . = ALIGN (0x4)
                0x0000000020000000                _sdata = .
 *(.data)
 *(.data*)
 .data.uwTickPrio
                0x0000000020000000        0x4 CMakeFiles/4wheelsSTM32F411.elf.dir/Drivers/STM32F4xx_HAL_Driver/Src/stm32f4xx_hal.c.obj
                0x0000000020000000                uwTickPrio
 .data.uwTickFreq
                0x0000000020000004        0x1 CMakeFiles/4wheelsSTM32F411.elf.dir/Drivers/STM32F4xx_HAL_Driver/Src/stm32f4xx_hal.c.obj
                0x0000000020000004                uwTickFreq
 *fill*         0x0000000020000005        0x3 
 .data.enabled  0x0000000020000008       0x64 CMakeFiles/4wheelsSTM32F411.elf.dir/Src/main.c.obj
                0x0000000020000008                enabled
 .data.disabled
                0x000000002000006c       0x64 CMakeFiles/4wheelsSTM32F411.elf.dir/Src/main.c.obj
                0x000000002000006c                disabled
 .data.error    0x00000000200000d0       0x64 CMakeFiles/4wheelsSTM32F411.elf.dir/Src/main.c.obj
                0x00000000200000d0                error
 .data.SystemCoreClock
                0x0000000020000134        0x4 CMakeFiles/4wheelsSTM32F411.elf.dir/Src/system_stm32f4xx.c.obj
                0x0000000020000134                SystemCoreClock
 .data._impure_ptr
                0x0000000020000138        0x4 /usr/lib/gcc/arm-none-eabi/9.2.0/../../../../arm-none-eabi/lib/thumb/v7e-m/nofp/libg_nano.a(lib_a-impure.o)
                0x0000000020000138                _impure_ptr
 .data.impure_data
                0x000000002000013c       0x60 /usr/lib/gcc/arm-none-eabi/9.2.0/../../../../arm-none-eabi/lib/thumb/v7e-m/nofp/libg_nano.a(lib_a-impure.o)
                0x000000002000019c                . = ALIGN (0x4)
                0x000000002000019c                _edata = .

.igot.plt       0x000000002000019c        0x0 load address 0x00000000080042ec
 .igot.plt      0x000000002000019c        0x0 /usr/lib/gcc/arm-none-eabi/9.2.0/thumb/v7e-m/nofp/crtbegin.o
                0x000000002000019c                . = ALIGN (0x4)

.bss            0x000000002000019c      0x12c load address 0x00000000080042ec
                0x000000002000019c                _sbss = .
                0x000000002000019c                __bss_start__ = _sbss
 *(.bss)
 *(.bss*)
 .bss.completed.8891
                0x000000002000019c        0x1 /usr/lib/gcc/arm-none-eabi/9.2.0/thumb/v7e-m/nofp/crtbegin.o
 *fill*         0x000000002000019d        0x3 
 .bss.object.8896
                0x00000000200001a0       0x18 /usr/lib/gcc/arm-none-eabi/9.2.0/thumb/v7e-m/nofp/crtbegin.o
 .bss.uwTick    0x00000000200001b8        0x4 CMakeFiles/4wheelsSTM32F411.elf.dir/Drivers/STM32F4xx_HAL_Driver/Src/stm32f4xx_hal.c.obj
                0x00000000200001b8                uwTick
 .bss.htim1     0x00000000200001bc       0x40 CMakeFiles/4wheelsSTM32F411.elf.dir/Src/main.c.obj
                0x00000000200001bc                htim1
 .bss.huart2    0x00000000200001fc       0x40 CMakeFiles/4wheelsSTM32F411.elf.dir/Src/main.c.obj
                0x00000000200001fc                huart2
 .bss.byte      0x000000002000023c        0x1 CMakeFiles/4wheelsSTM32F411.elf.dir/Src/main.c.obj
                0x000000002000023c                byte
 .bss.enable_car
                0x000000002000023d        0x1 CMakeFiles/4wheelsSTM32F411.elf.dir/Src/main.c.obj
                0x000000002000023d                enable_car
 *fill*         0x000000002000023e        0x2 
 .bss.car_speed
                0x0000000020000240        0x4 CMakeFiles/4wheelsSTM32F411.elf.dir/Src/main.c.obj
                0x0000000020000240                car_speed
 .bss.previous_car_speed
                0x0000000020000244        0x1 CMakeFiles/4wheelsSTM32F411.elf.dir/Src/main.c.obj
                0x0000000020000244                previous_car_speed
 *fill*         0x0000000020000245        0x3 
 .bss.speed     0x0000000020000248       0x64 CMakeFiles/4wheelsSTM32F411.elf.dir/Src/main.c.obj
                0x0000000020000248                speed
 .bss.heap_end.6018
                0x00000000200002ac        0x4 CMakeFiles/4wheelsSTM32F411.elf.dir/Src/syscalls.c.obj
 .bss.__malloc_free_list
                0x00000000200002b0        0x4 /usr/lib/gcc/arm-none-eabi/9.2.0/../../../../arm-none-eabi/lib/thumb/v7e-m/nofp/libg_nano.a(lib_a-nano-mallocr.o)
                0x00000000200002b0                __malloc_free_list
 .bss.__malloc_sbrk_start
                0x00000000200002b4        0x4 /usr/lib/gcc/arm-none-eabi/9.2.0/../../../../arm-none-eabi/lib/thumb/v7e-m/nofp/libg_nano.a(lib_a-nano-mallocr.o)
                0x00000000200002b4                __malloc_sbrk_start
 *(COMMON)
 COMMON         0x00000000200002b8        0x9 /usr/lib/gcc/arm-none-eabi/9.2.0/../../../../arm-none-eabi/lib/thumb/v7e-m/nofp/libg_nano.a(lib_a-lock.o)
                0x00000000200002b8                __lock___atexit_recursive_mutex
                0x00000000200002b9                __lock___arc4random_mutex
                0x00000000200002ba                __lock___env_recursive_mutex
                0x00000000200002bb                __lock___sinit_recursive_mutex
                0x00000000200002bc                __lock___malloc_recursive_mutex
                0x00000000200002bd                __lock___at_quick_exit_mutex
                0x00000000200002be                __lock___dd_hash_mutex
                0x00000000200002bf                __lock___tz_mutex
                0x00000000200002c0                __lock___sfp_recursive_mutex
 *fill*         0x00000000200002c1        0x3 
 COMMON         0x00000000200002c4        0x4 /usr/lib/gcc/arm-none-eabi/9.2.0/../../../../arm-none-eabi/lib/thumb/v7e-m/nofp/libg_nano.a(lib_a-reent.o)
                0x00000000200002c4                errno
                0x00000000200002c8                . = ALIGN (0x4)
                0x00000000200002c8                _ebss = .
                0x00000000200002c8                __bss_end__ = _ebss

._user_heap_stack
                0x00000000200002c8      0x600 load address 0x00000000080042ec
                0x00000000200002c8                . = ALIGN (0x8)
                0x00000000200002c8                PROVIDE (end = .)
                [!provide]                        PROVIDE (_end = .)
                0x00000000200004c8                . = (. + _Min_Heap_Size)
 *fill*         0x00000000200002c8      0x200 
                0x00000000200008c8                . = (. + _Min_Stack_Size)
 *fill*         0x00000000200004c8      0x400 
                0x00000000200008c8                . = ALIGN (0x8)

/DISCARD/
 libc.a(*)
 libm.a(*)
 libgcc.a(*)

.ARM.attributes
                0x0000000000000000       0x2a
 *(.ARM.attributes)
 .ARM.attributes
                0x0000000000000000       0x1e /usr/lib/gcc/arm-none-eabi/9.2.0/thumb/v7e-m/nofp/crti.o
 .ARM.attributes
                0x000000000000001e       0x2e /usr/lib/gcc/arm-none-eabi/9.2.0/thumb/v7e-m/nofp/crtbegin.o
 .ARM.attributes
                0x000000000000004c       0x2e CMakeFiles/4wheelsSTM32F411.elf.dir/Drivers/STM32F4xx_HAL_Driver/Src/stm32f4xx_hal.c.obj
 .ARM.attributes
                0x000000000000007a       0x2e CMakeFiles/4wheelsSTM32F411.elf.dir/Drivers/STM32F4xx_HAL_Driver/Src/stm32f4xx_hal_cortex.c.obj
 .ARM.attributes
                0x00000000000000a8       0x2e CMakeFiles/4wheelsSTM32F411.elf.dir/Drivers/STM32F4xx_HAL_Driver/Src/stm32f4xx_hal_dma.c.obj
 .ARM.attributes
                0x00000000000000d6       0x2e CMakeFiles/4wheelsSTM32F411.elf.dir/Drivers/STM32F4xx_HAL_Driver/Src/stm32f4xx_hal_gpio.c.obj
 .ARM.attributes
                0x0000000000000104       0x2e CMakeFiles/4wheelsSTM32F411.elf.dir/Drivers/STM32F4xx_HAL_Driver/Src/stm32f4xx_hal_rcc.c.obj
 .ARM.attributes
                0x0000000000000132       0x2e CMakeFiles/4wheelsSTM32F411.elf.dir/Drivers/STM32F4xx_HAL_Driver/Src/stm32f4xx_hal_tim.c.obj
 .ARM.attributes
                0x0000000000000160       0x2e CMakeFiles/4wheelsSTM32F411.elf.dir/Drivers/STM32F4xx_HAL_Driver/Src/stm32f4xx_hal_tim_ex.c.obj
 .ARM.attributes
                0x000000000000018e       0x2e CMakeFiles/4wheelsSTM32F411.elf.dir/Drivers/STM32F4xx_HAL_Driver/Src/stm32f4xx_hal_uart.c.obj
 .ARM.attributes
                0x00000000000001bc       0x2e CMakeFiles/4wheelsSTM32F411.elf.dir/Src/main.c.obj
 .ARM.attributes
                0x00000000000001ea       0x2e CMakeFiles/4wheelsSTM32F411.elf.dir/Src/stm32f4xx_hal_msp.c.obj
 .ARM.attributes
                0x0000000000000218       0x2e CMakeFiles/4wheelsSTM32F411.elf.dir/Src/stm32f4xx_it.c.obj
 .ARM.attributes
                0x0000000000000246       0x2e CMakeFiles/4wheelsSTM32F411.elf.dir/Src/syscalls.c.obj
 .ARM.attributes
                0x0000000000000274       0x2e CMakeFiles/4wheelsSTM32F411.elf.dir/Src/system_stm32f4xx.c.obj
 .ARM.attributes
                0x00000000000002a2       0x21 CMakeFiles/4wheelsSTM32F411.elf.dir/startup/startup_stm32f411xe.s.obj
 .ARM.attributes
                0x00000000000002c3       0x1e /usr/lib/gcc/arm-none-eabi/9.2.0/thumb/v7e-m/nofp/libgcc.a(_aeabi_uldivmod.o)
 .ARM.attributes
                0x00000000000002e1       0x2e /usr/lib/gcc/arm-none-eabi/9.2.0/thumb/v7e-m/nofp/libgcc.a(_udivmoddi4.o)
 .ARM.attributes
                0x000000000000030f       0x1e /usr/lib/gcc/arm-none-eabi/9.2.0/thumb/v7e-m/nofp/libgcc.a(_dvmd_tls.o)
 .ARM.attributes
                0x000000000000032d       0x2e /usr/lib/gcc/arm-none-eabi/9.2.0/../../../../arm-none-eabi/lib/thumb/v7e-m/nofp/libg_nano.a(lib_a-atoi.o)
 .ARM.attributes
                0x000000000000035b       0x2e /usr/lib/gcc/arm-none-eabi/9.2.0/../../../../arm-none-eabi/lib/thumb/v7e-m/nofp/libg_nano.a(lib_a-errno.o)
 .ARM.attributes
                0x0000000000000389       0x2e /usr/lib/gcc/arm-none-eabi/9.2.0/../../../../arm-none-eabi/lib/thumb/v7e-m/nofp/libg_nano.a(lib_a-impure.o)
 .ARM.attributes
                0x00000000000003b7       0x2e /usr/lib/gcc/arm-none-eabi/9.2.0/../../../../arm-none-eabi/lib/thumb/v7e-m/nofp/libg_nano.a(lib_a-init.o)
 .ARM.attributes
                0x00000000000003e5       0x2e /usr/lib/gcc/arm-none-eabi/9.2.0/../../../../arm-none-eabi/lib/thumb/v7e-m/nofp/libg_nano.a(lib_a-memset.o)
 .ARM.attributes
                0x0000000000000413       0x2e /usr/lib/gcc/arm-none-eabi/9.2.0/../../../../arm-none-eabi/lib/thumb/v7e-m/nofp/libg_nano.a(lib_a-sprintf.o)
 .ARM.attributes
                0x0000000000000441       0x2e /usr/lib/gcc/arm-none-eabi/9.2.0/../../../../arm-none-eabi/lib/thumb/v7e-m/nofp/libg_nano.a(lib_a-strtol.o)
 .ARM.attributes
                0x000000000000046f       0x2e /usr/lib/gcc/arm-none-eabi/9.2.0/../../../../arm-none-eabi/lib/thumb/v7e-m/nofp/libg_nano.a(lib_a-ctype_.o)
 .ARM.attributes
                0x000000000000049d       0x2e /usr/lib/gcc/arm-none-eabi/9.2.0/../../../../arm-none-eabi/lib/thumb/v7e-m/nofp/libg_nano.a(lib_a-lock.o)
 .ARM.attributes
                0x00000000000004cb       0x2e /usr/lib/gcc/arm-none-eabi/9.2.0/../../../../arm-none-eabi/lib/thumb/v7e-m/nofp/libg_nano.a(lib_a-nano-svfprintf.o)
 .ARM.attributes
                0x00000000000004f9       0x2e /usr/lib/gcc/arm-none-eabi/9.2.0/../../../../arm-none-eabi/lib/thumb/v7e-m/nofp/libg_nano.a(lib_a-nano-vfprintf_i.o)
 .ARM.attributes
                0x0000000000000527       0x1c /usr/lib/gcc/arm-none-eabi/9.2.0/../../../../arm-none-eabi/lib/thumb/v7e-m/nofp/libg_nano.a(lib_a-memchr.o)
 .ARM.attributes
                0x0000000000000543       0x2e /usr/lib/gcc/arm-none-eabi/9.2.0/../../../../arm-none-eabi/lib/thumb/v7e-m/nofp/libg_nano.a(lib_a-memcpy-stub.o)
 .ARM.attributes
                0x0000000000000571       0x2e /usr/lib/gcc/arm-none-eabi/9.2.0/../../../../arm-none-eabi/lib/thumb/v7e-m/nofp/libg_nano.a(lib_a-memmove.o)
 .ARM.attributes
                0x000000000000059f       0x2e /usr/lib/gcc/arm-none-eabi/9.2.0/../../../../arm-none-eabi/lib/thumb/v7e-m/nofp/libg_nano.a(lib_a-nano-freer.o)
 .ARM.attributes
                0x00000000000005cd       0x2e /usr/lib/gcc/arm-none-eabi/9.2.0/../../../../arm-none-eabi/lib/thumb/v7e-m/nofp/libg_nano.a(lib_a-nano-mallocr.o)
 .ARM.attributes
                0x00000000000005fb       0x2e /usr/lib/gcc/arm-none-eabi/9.2.0/../../../../arm-none-eabi/lib/thumb/v7e-m/nofp/libg_nano.a(lib_a-nano-reallocr.o)
 .ARM.attributes
                0x0000000000000629       0x2e /usr/lib/gcc/arm-none-eabi/9.2.0/../../../../arm-none-eabi/lib/thumb/v7e-m/nofp/libg_nano.a(lib_a-sbrkr.o)
 .ARM.attributes
                0x0000000000000657       0x2e /usr/lib/gcc/arm-none-eabi/9.2.0/../../../../arm-none-eabi/lib/thumb/v7e-m/nofp/libg_nano.a(lib_a-mlock.o)
 .ARM.attributes
                0x0000000000000685       0x2e /usr/lib/gcc/arm-none-eabi/9.2.0/../../../../arm-none-eabi/lib/thumb/v7e-m/nofp/libg_nano.a(lib_a-nano-msizer.o)
 .ARM.attributes
                0x00000000000006b3       0x2e /usr/lib/gcc/arm-none-eabi/9.2.0/../../../../arm-none-eabi/lib/thumb/v7e-m/nofp/libg_nano.a(lib_a-reent.o)
 .ARM.attributes
                0x00000000000006e1       0x1e /usr/lib/gcc/arm-none-eabi/9.2.0/thumb/v7e-m/nofp/crtn.o
OUTPUT(4wheelsSTM32F411.elf elf32-littlearm)

.debug_info     0x0000000000000000     0xca40
 .debug_info    0x0000000000000000      0x93d CMakeFiles/4wheelsSTM32F411.elf.dir/Drivers/STM32F4xx_HAL_Driver/Src/stm32f4xx_hal.c.obj
 .debug_info    0x000000000000093d      0xe3c CMakeFiles/4wheelsSTM32F411.elf.dir/Drivers/STM32F4xx_HAL_Driver/Src/stm32f4xx_hal_cortex.c.obj
 .debug_info    0x0000000000001779      0x9de CMakeFiles/4wheelsSTM32F411.elf.dir/Drivers/STM32F4xx_HAL_Driver/Src/stm32f4xx_hal_dma.c.obj
 .debug_info    0x0000000000002157      0x84d CMakeFiles/4wheelsSTM32F411.elf.dir/Drivers/STM32F4xx_HAL_Driver/Src/stm32f4xx_hal_gpio.c.obj
 .debug_info    0x00000000000029a4      0x9b7 CMakeFiles/4wheelsSTM32F411.elf.dir/Drivers/STM32F4xx_HAL_Driver/Src/stm32f4xx_hal_rcc.c.obj
 .debug_info    0x000000000000335b     0x26ba CMakeFiles/4wheelsSTM32F411.elf.dir/Drivers/STM32F4xx_HAL_Driver/Src/stm32f4xx_hal_tim.c.obj
 .debug_info    0x0000000000005a15     0x124c CMakeFiles/4wheelsSTM32F411.elf.dir/Drivers/STM32F4xx_HAL_Driver/Src/stm32f4xx_hal_tim_ex.c.obj
 .debug_info    0x0000000000006c61     0x1344 CMakeFiles/4wheelsSTM32F411.elf.dir/Drivers/STM32F4xx_HAL_Driver/Src/stm32f4xx_hal_uart.c.obj
 .debug_info    0x0000000000007fa5     0x1bd1 CMakeFiles/4wheelsSTM32F411.elf.dir/Src/main.c.obj
 .debug_info    0x0000000000009b76      0xee0 CMakeFiles/4wheelsSTM32F411.elf.dir/Src/stm32f4xx_hal_msp.c.obj
 .debug_info    0x000000000000aa56      0x9f4 CMakeFiles/4wheelsSTM32F411.elf.dir/Src/stm32f4xx_it.c.obj
 .debug_info    0x000000000000b44a     0x100f CMakeFiles/4wheelsSTM32F411.elf.dir/Src/syscalls.c.obj
 .debug_info    0x000000000000c459      0x5c5 CMakeFiles/4wheelsSTM32F411.elf.dir/Src/system_stm32f4xx.c.obj
 .debug_info    0x000000000000ca1e       0x22 CMakeFiles/4wheelsSTM32F411.elf.dir/startup/startup_stm32f411xe.s.obj

.debug_abbrev   0x0000000000000000     0x1d63
 .debug_abbrev  0x0000000000000000      0x21b CMakeFiles/4wheelsSTM32F411.elf.dir/Drivers/STM32F4xx_HAL_Driver/Src/stm32f4xx_hal.c.obj
 .debug_abbrev  0x000000000000021b      0x339 CMakeFiles/4wheelsSTM32F411.elf.dir/Drivers/STM32F4xx_HAL_Driver/Src/stm32f4xx_hal_cortex.c.obj
 .debug_abbrev  0x0000000000000554      0x216 CMakeFiles/4wheelsSTM32F411.elf.dir/Drivers/STM32F4xx_HAL_Driver/Src/stm32f4xx_hal_dma.c.obj
 .debug_abbrev  0x000000000000076a      0x1ee CMakeFiles/4wheelsSTM32F411.elf.dir/Drivers/STM32F4xx_HAL_Driver/Src/stm32f4xx_hal_gpio.c.obj
 .debug_abbrev  0x0000000000000958      0x272 CMakeFiles/4wheelsSTM32F411.elf.dir/Drivers/STM32F4xx_HAL_Driver/Src/stm32f4xx_hal_rcc.c.obj
 .debug_abbrev  0x0000000000000bca      0x26c CMakeFiles/4wheelsSTM32F411.elf.dir/Drivers/STM32F4xx_HAL_Driver/Src/stm32f4xx_hal_tim.c.obj
 .debug_abbrev  0x0000000000000e36      0x25a CMakeFiles/4wheelsSTM32F411.elf.dir/Drivers/STM32F4xx_HAL_Driver/Src/stm32f4xx_hal_tim_ex.c.obj
 .debug_abbrev  0x0000000000001090      0x27e CMakeFiles/4wheelsSTM32F411.elf.dir/Drivers/STM32F4xx_HAL_Driver/Src/stm32f4xx_hal_uart.c.obj
 .debug_abbrev  0x000000000000130e      0x2f5 CMakeFiles/4wheelsSTM32F411.elf.dir/Src/main.c.obj
 .debug_abbrev  0x0000000000001603      0x1c5 CMakeFiles/4wheelsSTM32F411.elf.dir/Src/stm32f4xx_hal_msp.c.obj
 .debug_abbrev  0x00000000000017c8      0x19e CMakeFiles/4wheelsSTM32F411.elf.dir/Src/stm32f4xx_it.c.obj
 .debug_abbrev  0x0000000000001966      0x2a9 CMakeFiles/4wheelsSTM32F411.elf.dir/Src/syscalls.c.obj
 .debug_abbrev  0x0000000000001c0f      0x142 CMakeFiles/4wheelsSTM32F411.elf.dir/Src/system_stm32f4xx.c.obj
 .debug_abbrev  0x0000000000001d51       0x12 CMakeFiles/4wheelsSTM32F411.elf.dir/startup/startup_stm32f411xe.s.obj

.debug_aranges  0x0000000000000000      0xc78
 .debug_aranges
                0x0000000000000000       0xf0 CMakeFiles/4wheelsSTM32F411.elf.dir/Drivers/STM32F4xx_HAL_Driver/Src/stm32f4xx_hal.c.obj
 .debug_aranges
                0x00000000000000f0      0x118 CMakeFiles/4wheelsSTM32F411.elf.dir/Drivers/STM32F4xx_HAL_Driver/Src/stm32f4xx_hal_cortex.c.obj
 .debug_aranges
                0x0000000000000208       0x90 CMakeFiles/4wheelsSTM32F411.elf.dir/Drivers/STM32F4xx_HAL_Driver/Src/stm32f4xx_hal_dma.c.obj
 .debug_aranges
                0x0000000000000298       0x58 CMakeFiles/4wheelsSTM32F411.elf.dir/Drivers/STM32F4xx_HAL_Driver/Src/stm32f4xx_hal_gpio.c.obj
 .debug_aranges
                0x00000000000002f0       0x88 CMakeFiles/4wheelsSTM32F411.elf.dir/Drivers/STM32F4xx_HAL_Driver/Src/stm32f4xx_hal_rcc.c.obj
 .debug_aranges
                0x0000000000000378      0x3a8 CMakeFiles/4wheelsSTM32F411.elf.dir/Drivers/STM32F4xx_HAL_Driver/Src/stm32f4xx_hal_tim.c.obj
 .debug_aranges
                0x0000000000000720      0x150 CMakeFiles/4wheelsSTM32F411.elf.dir/Drivers/STM32F4xx_HAL_Driver/Src/stm32f4xx_hal_tim_ex.c.obj
 .debug_aranges
                0x0000000000000870      0x1d0 CMakeFiles/4wheelsSTM32F411.elf.dir/Drivers/STM32F4xx_HAL_Driver/Src/stm32f4xx_hal_uart.c.obj
 .debug_aranges
                0x0000000000000a40       0x58 CMakeFiles/4wheelsSTM32F411.elf.dir/Src/main.c.obj
 .debug_aranges
                0x0000000000000a98       0x48 CMakeFiles/4wheelsSTM32F411.elf.dir/Src/stm32f4xx_hal_msp.c.obj
 .debug_aranges
                0x0000000000000ae0       0x98 CMakeFiles/4wheelsSTM32F411.elf.dir/Src/stm32f4xx_it.c.obj
 .debug_aranges
                0x0000000000000b78       0xb0 CMakeFiles/4wheelsSTM32F411.elf.dir/Src/syscalls.c.obj
 .debug_aranges
                0x0000000000000c28       0x28 CMakeFiles/4wheelsSTM32F411.elf.dir/Src/system_stm32f4xx.c.obj
 .debug_aranges
                0x0000000000000c50       0x28 CMakeFiles/4wheelsSTM32F411.elf.dir/startup/startup_stm32f411xe.s.obj

.debug_ranges   0x0000000000000000      0xba0
 .debug_ranges  0x0000000000000000       0xe0 CMakeFiles/4wheelsSTM32F411.elf.dir/Drivers/STM32F4xx_HAL_Driver/Src/stm32f4xx_hal.c.obj
 .debug_ranges  0x00000000000000e0      0x108 CMakeFiles/4wheelsSTM32F411.elf.dir/Drivers/STM32F4xx_HAL_Driver/Src/stm32f4xx_hal_cortex.c.obj
 .debug_ranges  0x00000000000001e8       0x80 CMakeFiles/4wheelsSTM32F411.elf.dir/Drivers/STM32F4xx_HAL_Driver/Src/stm32f4xx_hal_dma.c.obj
 .debug_ranges  0x0000000000000268       0x48 CMakeFiles/4wheelsSTM32F411.elf.dir/Drivers/STM32F4xx_HAL_Driver/Src/stm32f4xx_hal_gpio.c.obj
 .debug_ranges  0x00000000000002b0       0x78 CMakeFiles/4wheelsSTM32F411.elf.dir/Drivers/STM32F4xx_HAL_Driver/Src/stm32f4xx_hal_rcc.c.obj
 .debug_ranges  0x0000000000000328      0x398 CMakeFiles/4wheelsSTM32F411.elf.dir/Drivers/STM32F4xx_HAL_Driver/Src/stm32f4xx_hal_tim.c.obj
 .debug_ranges  0x00000000000006c0      0x140 CMakeFiles/4wheelsSTM32F411.elf.dir/Drivers/STM32F4xx_HAL_Driver/Src/stm32f4xx_hal_tim_ex.c.obj
 .debug_ranges  0x0000000000000800      0x1c0 CMakeFiles/4wheelsSTM32F411.elf.dir/Drivers/STM32F4xx_HAL_Driver/Src/stm32f4xx_hal_uart.c.obj
 .debug_ranges  0x00000000000009c0       0x48 CMakeFiles/4wheelsSTM32F411.elf.dir/Src/main.c.obj
 .debug_ranges  0x0000000000000a08       0x38 CMakeFiles/4wheelsSTM32F411.elf.dir/Src/stm32f4xx_hal_msp.c.obj
 .debug_ranges  0x0000000000000a40       0x88 CMakeFiles/4wheelsSTM32F411.elf.dir/Src/stm32f4xx_it.c.obj
 .debug_ranges  0x0000000000000ac8       0xa0 CMakeFiles/4wheelsSTM32F411.elf.dir/Src/syscalls.c.obj
 .debug_ranges  0x0000000000000b68       0x18 CMakeFiles/4wheelsSTM32F411.elf.dir/Src/system_stm32f4xx.c.obj
 .debug_ranges  0x0000000000000b80       0x20 CMakeFiles/4wheelsSTM32F411.elf.dir/startup/startup_stm32f411xe.s.obj

.debug_line     0x0000000000000000     0x8175
 .debug_line    0x0000000000000000      0x559 CMakeFiles/4wheelsSTM32F411.elf.dir/Drivers/STM32F4xx_HAL_Driver/Src/stm32f4xx_hal.c.obj
 .debug_line    0x0000000000000559      0x81a CMakeFiles/4wheelsSTM32F411.elf.dir/Drivers/STM32F4xx_HAL_Driver/Src/stm32f4xx_hal_cortex.c.obj
 .debug_line    0x0000000000000d73      0xad9 CMakeFiles/4wheelsSTM32F411.elf.dir/Drivers/STM32F4xx_HAL_Driver/Src/stm32f4xx_hal_dma.c.obj
 .debug_line    0x000000000000184c      0x6bd CMakeFiles/4wheelsSTM32F411.elf.dir/Drivers/STM32F4xx_HAL_Driver/Src/stm32f4xx_hal_gpio.c.obj
 .debug_line    0x0000000000001f09      0x905 CMakeFiles/4wheelsSTM32F411.elf.dir/Drivers/STM32F4xx_HAL_Driver/Src/stm32f4xx_hal_rcc.c.obj
 .debug_line    0x000000000000280e     0x23b9 CMakeFiles/4wheelsSTM32F411.elf.dir/Drivers/STM32F4xx_HAL_Driver/Src/stm32f4xx_hal_tim.c.obj
 .debug_line    0x0000000000004bc7      0xd88 CMakeFiles/4wheelsSTM32F411.elf.dir/Drivers/STM32F4xx_HAL_Driver/Src/stm32f4xx_hal_tim_ex.c.obj
 .debug_line    0x000000000000594f     0x13a0 CMakeFiles/4wheelsSTM32F411.elf.dir/Drivers/STM32F4xx_HAL_Driver/Src/stm32f4xx_hal_uart.c.obj
 .debug_line    0x0000000000006cef      0x5c8 CMakeFiles/4wheelsSTM32F411.elf.dir/Src/main.c.obj
 .debug_line    0x00000000000072b7      0x377 CMakeFiles/4wheelsSTM32F411.elf.dir/Src/stm32f4xx_hal_msp.c.obj
 .debug_line    0x000000000000762e      0x3e7 CMakeFiles/4wheelsSTM32F411.elf.dir/Src/stm32f4xx_it.c.obj
 .debug_line    0x0000000000007a15      0x3e1 CMakeFiles/4wheelsSTM32F411.elf.dir/Src/syscalls.c.obj
 .debug_line    0x0000000000007df6      0x2cb CMakeFiles/4wheelsSTM32F411.elf.dir/Src/system_stm32f4xx.c.obj
 .debug_line    0x00000000000080c1       0xb4 CMakeFiles/4wheelsSTM32F411.elf.dir/startup/startup_stm32f411xe.s.obj

.debug_str      0x0000000000000000     0x4071
 .debug_str     0x0000000000000000      0x9e6 CMakeFiles/4wheelsSTM32F411.elf.dir/Drivers/STM32F4xx_HAL_Driver/Src/stm32f4xx_hal.c.obj
                                        0xa54 (size before relaxing)
 .debug_str     0x00000000000009e6      0x522 CMakeFiles/4wheelsSTM32F411.elf.dir/Drivers/STM32F4xx_HAL_Driver/Src/stm32f4xx_hal_cortex.c.obj
                                        0xbc6 (size before relaxing)
 .debug_str     0x0000000000000f08      0x561 CMakeFiles/4wheelsSTM32F411.elf.dir/Drivers/STM32F4xx_HAL_Driver/Src/stm32f4xx_hal_dma.c.obj
                                        0x85e (size before relaxing)
 .debug_str     0x0000000000001469      0x213 CMakeFiles/4wheelsSTM32F411.elf.dir/Drivers/STM32F4xx_HAL_Driver/Src/stm32f4xx_hal_gpio.c.obj
                                        0x5f6 (size before relaxing)
 .debug_str     0x000000000000167c      0x329 CMakeFiles/4wheelsSTM32F411.elf.dir/Drivers/STM32F4xx_HAL_Driver/Src/stm32f4xx_hal_rcc.c.obj
                                        0x7ad (size before relaxing)
 .debug_str     0x00000000000019a5      0xffa CMakeFiles/4wheelsSTM32F411.elf.dir/Drivers/STM32F4xx_HAL_Driver/Src/stm32f4xx_hal_tim.c.obj
                                       0x156e (size before relaxing)
 .debug_str     0x000000000000299f      0x5ae CMakeFiles/4wheelsSTM32F411.elf.dir/Drivers/STM32F4xx_HAL_Driver/Src/stm32f4xx_hal_tim_ex.c.obj
                                        0xd6e (size before relaxing)
 .debug_str     0x0000000000002f4d      0x712 CMakeFiles/4wheelsSTM32F411.elf.dir/Drivers/STM32F4xx_HAL_Driver/Src/stm32f4xx_hal_uart.c.obj
                                        0xcae (size before relaxing)
 .debug_str     0x000000000000365f      0x4e8 CMakeFiles/4wheelsSTM32F411.elf.dir/Src/main.c.obj
                                       0x1570 (size before relaxing)
 .debug_str     0x0000000000003b47       0x6d CMakeFiles/4wheelsSTM32F411.elf.dir/Src/stm32f4xx_hal_msp.c.obj
                                        0xe35 (size before relaxing)
 .debug_str     0x0000000000003bb4      0x170 CMakeFiles/4wheelsSTM32F411.elf.dir/Src/stm32f4xx_it.c.obj
                                        0x9cd (size before relaxing)
 .debug_str     0x0000000000003d24      0x26f CMakeFiles/4wheelsSTM32F411.elf.dir/Src/syscalls.c.obj
                                        0x882 (size before relaxing)
 .debug_str     0x0000000000003f93       0x7a CMakeFiles/4wheelsSTM32F411.elf.dir/Src/system_stm32f4xx.c.obj
                                        0x45a (size before relaxing)
 .debug_str     0x000000000000400d       0x64 CMakeFiles/4wheelsSTM32F411.elf.dir/startup/startup_stm32f411xe.s.obj
                                         0xae (size before relaxing)

.comment        0x0000000000000000       0x1d
 .comment       0x0000000000000000       0x1d CMakeFiles/4wheelsSTM32F411.elf.dir/Drivers/STM32F4xx_HAL_Driver/Src/stm32f4xx_hal.c.obj
                                         0x1e (size before relaxing)
 .comment       0x000000000000001d       0x1e CMakeFiles/4wheelsSTM32F411.elf.dir/Drivers/STM32F4xx_HAL_Driver/Src/stm32f4xx_hal_cortex.c.obj
 .comment       0x000000000000001d       0x1e CMakeFiles/4wheelsSTM32F411.elf.dir/Drivers/STM32F4xx_HAL_Driver/Src/stm32f4xx_hal_dma.c.obj
 .comment       0x000000000000001d       0x1e CMakeFiles/4wheelsSTM32F411.elf.dir/Drivers/STM32F4xx_HAL_Driver/Src/stm32f4xx_hal_gpio.c.obj
 .comment       0x000000000000001d       0x1e CMakeFiles/4wheelsSTM32F411.elf.dir/Drivers/STM32F4xx_HAL_Driver/Src/stm32f4xx_hal_rcc.c.obj
 .comment       0x000000000000001d       0x1e CMakeFiles/4wheelsSTM32F411.elf.dir/Drivers/STM32F4xx_HAL_Driver/Src/stm32f4xx_hal_tim.c.obj
 .comment       0x000000000000001d       0x1e CMakeFiles/4wheelsSTM32F411.elf.dir/Drivers/STM32F4xx_HAL_Driver/Src/stm32f4xx_hal_tim_ex.c.obj
 .comment       0x000000000000001d       0x1e CMakeFiles/4wheelsSTM32F411.elf.dir/Drivers/STM32F4xx_HAL_Driver/Src/stm32f4xx_hal_uart.c.obj
 .comment       0x000000000000001d       0x1e CMakeFiles/4wheelsSTM32F411.elf.dir/Src/main.c.obj
 .comment       0x000000000000001d       0x1e CMakeFiles/4wheelsSTM32F411.elf.dir/Src/stm32f4xx_hal_msp.c.obj
 .comment       0x000000000000001d       0x1e CMakeFiles/4wheelsSTM32F411.elf.dir/Src/stm32f4xx_it.c.obj
 .comment       0x000000000000001d       0x1e CMakeFiles/4wheelsSTM32F411.elf.dir/Src/syscalls.c.obj
 .comment       0x000000000000001d       0x1e CMakeFiles/4wheelsSTM32F411.elf.dir/Src/system_stm32f4xx.c.obj

.debug_frame    0x0000000000000000     0x38bc
 .debug_frame   0x0000000000000000      0x374 CMakeFiles/4wheelsSTM32F411.elf.dir/Drivers/STM32F4xx_HAL_Driver/Src/stm32f4xx_hal.c.obj
 .debug_frame   0x0000000000000374      0x498 CMakeFiles/4wheelsSTM32F411.elf.dir/Drivers/STM32F4xx_HAL_Driver/Src/stm32f4xx_hal_cortex.c.obj
 .debug_frame   0x000000000000080c      0x250 CMakeFiles/4wheelsSTM32F411.elf.dir/Drivers/STM32F4xx_HAL_Driver/Src/stm32f4xx_hal_dma.c.obj
 .debug_frame   0x0000000000000a5c      0x14c CMakeFiles/4wheelsSTM32F411.elf.dir/Drivers/STM32F4xx_HAL_Driver/Src/stm32f4xx_hal_gpio.c.obj
 .debug_frame   0x0000000000000ba8      0x1ec CMakeFiles/4wheelsSTM32F411.elf.dir/Drivers/STM32F4xx_HAL_Driver/Src/stm32f4xx_hal_rcc.c.obj
 .debug_frame   0x0000000000000d94     0x10e8 CMakeFiles/4wheelsSTM32F411.elf.dir/Drivers/STM32F4xx_HAL_Driver/Src/stm32f4xx_hal_tim.c.obj
 .debug_frame   0x0000000000001e7c      0x5c0 CMakeFiles/4wheelsSTM32F411.elf.dir/Drivers/STM32F4xx_HAL_Driver/Src/stm32f4xx_hal_tim_ex.c.obj
 .debug_frame   0x000000000000243c      0x844 CMakeFiles/4wheelsSTM32F411.elf.dir/Drivers/STM32F4xx_HAL_Driver/Src/stm32f4xx_hal_uart.c.obj
 .debug_frame   0x0000000000002c80      0x11c CMakeFiles/4wheelsSTM32F411.elf.dir/Src/main.c.obj
 .debug_frame   0x0000000000002d9c       0xe8 CMakeFiles/4wheelsSTM32F411.elf.dir/Src/stm32f4xx_hal_msp.c.obj
 .debug_frame   0x0000000000002e84      0x1d4 CMakeFiles/4wheelsSTM32F411.elf.dir/Src/stm32f4xx_it.c.obj
 .debug_frame   0x0000000000003058      0x2d0 CMakeFiles/4wheelsSTM32F411.elf.dir/Src/syscalls.c.obj
 .debug_frame   0x0000000000003328       0x58 CMakeFiles/4wheelsSTM32F411.elf.dir/Src/system_stm32f4xx.c.obj
 .debug_frame   0x0000000000003380       0x2c /usr/lib/gcc/arm-none-eabi/9.2.0/thumb/v7e-m/nofp/libgcc.a(_aeabi_uldivmod.o)
 .debug_frame   0x00000000000033ac       0x38 /usr/lib/gcc/arm-none-eabi/9.2.0/thumb/v7e-m/nofp/libgcc.a(_udivmoddi4.o)
 .debug_frame   0x00000000000033e4       0x30 /usr/lib/gcc/arm-none-eabi/9.2.0/../../../../arm-none-eabi/lib/thumb/v7e-m/nofp/libg_nano.a(lib_a-atoi.o)
 .debug_frame   0x0000000000003414       0x20 /usr/lib/gcc/arm-none-eabi/9.2.0/../../../../arm-none-eabi/lib/thumb/v7e-m/nofp/libg_nano.a(lib_a-errno.o)
 .debug_frame   0x0000000000003434       0x2c /usr/lib/gcc/arm-none-eabi/9.2.0/../../../../arm-none-eabi/lib/thumb/v7e-m/nofp/libg_nano.a(lib_a-init.o)
 .debug_frame   0x0000000000003460       0x20 /usr/lib/gcc/arm-none-eabi/9.2.0/../../../../arm-none-eabi/lib/thumb/v7e-m/nofp/libg_nano.a(lib_a-memset.o)
 .debug_frame   0x0000000000003480       0x6c /usr/lib/gcc/arm-none-eabi/9.2.0/../../../../arm-none-eabi/lib/thumb/v7e-m/nofp/libg_nano.a(lib_a-sprintf.o)
 .debug_frame   0x00000000000034ec       0x64 /usr/lib/gcc/arm-none-eabi/9.2.0/../../../../arm-none-eabi/lib/thumb/v7e-m/nofp/libg_nano.a(lib_a-strtol.o)
 .debug_frame   0x0000000000003550       0xb0 /usr/lib/gcc/arm-none-eabi/9.2.0/../../../../arm-none-eabi/lib/thumb/v7e-m/nofp/libg_nano.a(lib_a-lock.o)
 .debug_frame   0x0000000000003600       0x90 /usr/lib/gcc/arm-none-eabi/9.2.0/../../../../arm-none-eabi/lib/thumb/v7e-m/nofp/libg_nano.a(lib_a-nano-svfprintf.o)
 .debug_frame   0x0000000000003690       0x60 /usr/lib/gcc/arm-none-eabi/9.2.0/../../../../arm-none-eabi/lib/thumb/v7e-m/nofp/libg_nano.a(lib_a-nano-vfprintf_i.o)
 .debug_frame   0x00000000000036f0       0x28 /usr/lib/gcc/arm-none-eabi/9.2.0/../../../../arm-none-eabi/lib/thumb/v7e-m/nofp/libg_nano.a(lib_a-memcpy-stub.o)
 .debug_frame   0x0000000000003718       0x28 /usr/lib/gcc/arm-none-eabi/9.2.0/../../../../arm-none-eabi/lib/thumb/v7e-m/nofp/libg_nano.a(lib_a-memmove.o)
 .debug_frame   0x0000000000003740       0x38 /usr/lib/gcc/arm-none-eabi/9.2.0/../../../../arm-none-eabi/lib/thumb/v7e-m/nofp/libg_nano.a(lib_a-nano-freer.o)
 .debug_frame   0x0000000000003778       0x30 /usr/lib/gcc/arm-none-eabi/9.2.0/../../../../arm-none-eabi/lib/thumb/v7e-m/nofp/libg_nano.a(lib_a-nano-mallocr.o)
 .debug_frame   0x00000000000037a8       0x3c /usr/lib/gcc/arm-none-eabi/9.2.0/../../../../arm-none-eabi/lib/thumb/v7e-m/nofp/libg_nano.a(lib_a-nano-reallocr.o)
 .debug_frame   0x00000000000037e4       0x2c /usr/lib/gcc/arm-none-eabi/9.2.0/../../../../arm-none-eabi/lib/thumb/v7e-m/nofp/libg_nano.a(lib_a-sbrkr.o)
 .debug_frame   0x0000000000003810       0x30 /usr/lib/gcc/arm-none-eabi/9.2.0/../../../../arm-none-eabi/lib/thumb/v7e-m/nofp/libg_nano.a(lib_a-mlock.o)
 .debug_frame   0x0000000000003840       0x20 /usr/lib/gcc/arm-none-eabi/9.2.0/../../../../arm-none-eabi/lib/thumb/v7e-m/nofp/libg_nano.a(lib_a-nano-msizer.o)
 .debug_frame   0x0000000000003860       0x5c /usr/lib/gcc/arm-none-eabi/9.2.0/../../../../arm-none-eabi/lib/thumb/v7e-m/nofp/libg_nano.a(lib_a-reent.o)
