Archive member included to satisfy reference by file (symbol)

app/libapp.a(main.c.obj)      (--whole-archive)
zephyr/libzephyr.a(crc32_sw.c.obj)
                              (--whole-archive)
zephyr/libzephyr.a(crc16_sw.c.obj)
                              (--whole-archive)
zephyr/libzephyr.a(crc8_sw.c.obj)
                              (--whole-archive)
zephyr/libzephyr.a(crc7_sw.c.obj)
                              (--whole-archive)
zephyr/libzephyr.a(dec.c.obj)
                              (--whole-archive)
zephyr/libzephyr.a(fdtable.c.obj)
                              (--whole-archive)
zephyr/libzephyr.a(hex.c.obj)
                              (--whole-archive)
zephyr/libzephyr.a(mempool.c.obj)
                              (--whole-archive)
zephyr/libzephyr.a(notify.c.obj)
                              (--whole-archive)
zephyr/libzephyr.a(printk.c.obj)
                              (--whole-archive)
zephyr/libzephyr.a(onoff.c.obj)
                              (--whole-archive)
zephyr/libzephyr.a(rb.c.obj)  (--whole-archive)
zephyr/libzephyr.a(sem.c.obj)
                              (--whole-archive)
zephyr/libzephyr.a(thread_entry.c.obj)
                              (--whole-archive)
zephyr/libzephyr.a(timeutil.c.obj)
                              (--whole-archive)
zephyr/libzephyr.a(work_q.c.obj)
                              (--whole-archive)
zephyr/libzephyr.a(heap.c.obj)
                              (--whole-archive)
zephyr/libzephyr.a(heap-validate.c.obj)
                              (--whole-archive)
zephyr/libzephyr.a(prf.c.obj)
                              (--whole-archive)
zephyr/libzephyr.a(configs.c.obj)
                              (--whole-archive)
zephyr/libzephyr.a(soc_m7.c.obj)
                              (--whole-archive)
zephyr/libzephyr.a(stm32cube_hal.c.obj)
                              (--whole-archive)
zephyr/libzephyr.a(log_list.c.obj)
                              (--whole-archive)
zephyr/libzephyr.a(log_core.c.obj)
                              (--whole-archive)
zephyr/libzephyr.a(log_msg.c.obj)
                              (--whole-archive)
zephyr/libzephyr.a(log_output.c.obj)
                              (--whole-archive)
zephyr/libzephyr.a(log_backend_uart.c.obj)
                              (--whole-archive)
zephyr/libzephyr.a(uart_console.c.obj)
                              (--whole-archive)
zephyr/libzephyr.a(intc_exti_stm32.c.obj)
                              (--whole-archive)
zephyr/libzephyr.a(clock_stm32_ll_h7.c.obj)
                              (--whole-archive)
zephyr/libzephyr.a(pinmux_stm32.c.obj)
                              (--whole-archive)
zephyr/libzephyr.a(sys_clock_init.c.obj)
                              (--whole-archive)
zephyr/libzephyr.a(cortex_m_systick.c.obj)
                              (--whole-archive)
zephyr/arch/common/libarch__common.a(sw_isr_common.c.obj)
                              (--whole-archive)
zephyr/arch/arch/arm/core/aarch32/libarch__arm__core__aarch32.a(swap.c.obj)
                              (--whole-archive)
zephyr/arch/arch/arm/core/aarch32/libarch__arm__core__aarch32.a(swap_helper.S.obj)
                              (--whole-archive)
zephyr/arch/arch/arm/core/aarch32/libarch__arm__core__aarch32.a(irq_manage.c.obj)
                              (--whole-archive)
zephyr/arch/arch/arm/core/aarch32/libarch__arm__core__aarch32.a(thread.c.obj)
                              (--whole-archive)
zephyr/arch/arch/arm/core/aarch32/libarch__arm__core__aarch32.a(cpu_idle.S.obj)
                              (--whole-archive)
zephyr/arch/arch/arm/core/aarch32/libarch__arm__core__aarch32.a(fatal.c.obj)
                              (--whole-archive)
zephyr/arch/arch/arm/core/aarch32/libarch__arm__core__aarch32.a(nmi.c.obj)
                              (--whole-archive)
zephyr/arch/arch/arm/core/aarch32/libarch__arm__core__aarch32.a(nmi_on_reset.S.obj)
                              (--whole-archive)
zephyr/arch/arch/arm/core/aarch32/libarch__arm__core__aarch32.a(prep_c.c.obj)
                              (--whole-archive)
zephyr/arch/arch/arm/core/aarch32/libarch__arm__core__aarch32.a(isr_wrapper.S.obj)
                              (--whole-archive)
zephyr/arch/arch/arm/core/aarch32/cortex_m/libarch__arm__core__aarch32__cortex_m.a(vector_table.S.obj)
                              (--whole-archive)
zephyr/arch/arch/arm/core/aarch32/cortex_m/libarch__arm__core__aarch32__cortex_m.a(reset.S.obj)
                              (--whole-archive)
zephyr/arch/arch/arm/core/aarch32/cortex_m/libarch__arm__core__aarch32__cortex_m.a(fault_s.S.obj)
                              (--whole-archive)
zephyr/arch/arch/arm/core/aarch32/cortex_m/libarch__arm__core__aarch32__cortex_m.a(fault.c.obj)
                              (--whole-archive)
zephyr/arch/arch/arm/core/aarch32/cortex_m/libarch__arm__core__aarch32__cortex_m.a(exc_exit.S.obj)
                              (--whole-archive)
[...]
Memory Configuration

Name             Origin             Length             Attributes
FLASH            0x0000000008000000 0x0000000000200000 xr
DTCM             0x0000000020000000 0x0000000000020000 rw
SRAM             0x0000000024000000 0x0000000000080000 xw
IDT_LIST         0x0000000024080000 0x0000000000000800 xw
*default*        0x0000000000000000 0xffffffffffffffff

Linker script and memory map

LOAD zephyr/CMakeFiles/zephyr_prebuilt.dir/misc/empty_file.c.obj
                0x0000000000000020                _region_min_align = 0x20

.rel.plt        0x0000000008000000        0x0
 *(SORT_BY_ALIGNMENT(.rel.plt))
                [!provide]                        PROVIDE (__rel_iplt_start = .)
 *(SORT_BY_ALIGNMENT(.rel.iplt))
 .rel.iplt      0x0000000008000000        0x0 app/libapp.a(main.c.obj)
                [!provide]                        PROVIDE (__rel_iplt_end = .)

.rela.plt       0x0000000000000000        0x0
 *(SORT_BY_ALIGNMENT(.rela.plt))
                [!provide]                        PROVIDE (__rela_iplt_start = .)
 *(SORT_BY_ALIGNMENT(.rela.iplt))
                [!provide]                        PROVIDE (__rela_iplt_end = .)

.rel.dyn
 *(SORT_BY_ALIGNMENT(.rel.*))

.rela.dyn
 *(SORT_BY_ALIGNMENT(.rela.*))

/DISCARD/
 *(SORT_BY_ALIGNMENT(.plt))
 *(SORT_BY_ALIGNMENT(.iplt))
 *(SORT_BY_ALIGNMENT(.got.plt))
 *(SORT_BY_ALIGNMENT(.igot.plt))
 *(SORT_BY_ALIGNMENT(.got))
 *(SORT_BY_ALIGNMENT(.igot))
 *(SORT_BY_ALIGNMENT(.note.GNU-stack))
                0x0000000008000000                _image_rom_start = 0x8000000

rom_start       0x0000000008000000      0x298
                0x0000000000000000                . = 0x0
                0x0000000000000000                . = ALIGN (0x4)
                0x0000000000000000                . = ALIGN (0x80)
                0x0000000000000000                . = ALIGN (0x400)
                0x0000000008000000                _vector_start = .
 *(SORT_BY_ALIGNMENT(.exc_vector_table))
 *(SORT_BY_ALIGNMENT(.exc_vector_table.*))
 .exc_vector_table._vector_table_section
                0x0000000008000000       0x40 zephyr/arch/arch/arm/core/aarch32/cortex_m/libarch__arm__core__aarch32__cortex_m.a(vector_table.S.obj)
                0x0000000008000000                _vector_table
 *(SORT_BY_ALIGNMENT(.gnu.linkonce.irq_vector_table*))
 .gnu.linkonce.irq_vector_table*
                0x0000000008000040      0x258 zephyr/arch/common/libisr_tables.a(isr_tables.c.obj)
                0x0000000008000040                _irq_vector_table
 *(SORT_BY_ALIGNMENT(.vectors))
                0x0000000008000298                _vector_end = .
 *(SORT_BY_ALIGNMENT(.openocd_dbg))
 *(SORT_BY_ALIGNMENT(.openocd_dbg.*))

text            0x0000000008000298     0x4928
                0x0000000008000298                _image_text_start = .
 *(SORT_BY_ALIGNMENT(.text))
 .text          0x0000000008000298      0x21c /opt/zephyr-sdk-0.11.3/arm-zephyr-eabi/bin/../lib/gcc/arm-zephyr-eabi/9.2.0/thumb/v7e-m/nofp/libgcc.a(_arm_addsubsf3.o)
                0x0000000008000298                __aeabi_frsub
                0x00000000080002a0                __subsf3
                0x00000000080002a0                __aeabi_fsub
                0x00000000080002a4                __aeabi_fadd
                0x00000000080002a4                __addsf3
                0x0000000008000404                __aeabi_ui2f
                0x0000000008000404                __floatunsisf
                0x000000000800040c                __aeabi_i2f
                0x000000000800040c                __floatsisf
                0x0000000008000428                __floatundisf
                0x0000000008000428                __aeabi_ul2f
                0x0000000008000438                __floatdisf
                0x0000000008000438                __aeabi_l2f
 .text          0x00000000080004b4      0x2a0 /opt/zephyr-sdk-0.11.3/arm-zephyr-eabi/bin/../lib/gcc/arm-zephyr-eabi/9.2.0/thumb/v7e-m/nofp/libgcc.a(_arm_muldivsf3.o)
                0x00000000080004b4                __mulsf3
                0x00000000080004b4                __aeabi_fmul
                0x000000000800061c                __divsf3
                0x000000000800061c                __aeabi_fdiv
 .text          0x0000000008000754       0x40 /opt/zephyr-sdk-0.11.3/arm-zephyr-eabi/bin/../lib/gcc/arm-zephyr-eabi/9.2.0/thumb/v7e-m/nofp/libgcc.a(_arm_fixunssfsi.o)
                0x0000000008000754                __aeabi_f2uiz
                0x0000000008000754                __fixunssfsi
 .text          0x0000000008000794       0x30 /opt/zephyr-sdk-0.11.3/arm-zephyr-eabi/bin/../lib/gcc/arm-zephyr-eabi/9.2.0/thumb/v7e-m/nofp/libgcc.a(_aeabi_uldivmod.o)
                0x0000000008000794                __aeabi_uldivmod
 .text          0x00000000080007c4      0x2c4 /opt/zephyr-sdk-0.11.3/arm-zephyr-eabi/bin/../lib/gcc/arm-zephyr-eabi/9.2.0/thumb/v7e-m/nofp/libgcc.a(_udivmoddi4.o)
                0x00000000080007c4                __udivmoddi4
 .text          0x0000000008000a88        0x4 /opt/zephyr-sdk-0.11.3/arm-zephyr-eabi/bin/../lib/gcc/arm-zephyr-eabi/9.2.0/thumb/v7e-m/nofp/libgcc.a(_dvmd_tls.o)
                0x0000000008000a88                __aeabi_ldiv0
                0x0000000008000a88                __aeabi_idiv0
 *(SORT_BY_ALIGNMENT(.text.*))
 .text.pwm_pin_set_usec.constprop.0
                0x0000000008000a8c       0x90 app/libapp.a(main.c.obj)
 .text.main     0x0000000008000b1c       0xc4 app/libapp.a(main.c.obj)
                0x0000000008000b1c                main
 .text.print_digits
                0x0000000008000be0       0x90 zephyr/libzephyr.a(printk.c.obj)
 .text.__printk_hook_install
                0x0000000008000c70        0xc zephyr/libzephyr.a(printk.c.obj)
                0x0000000008000c70                __printk_hook_install
 .text.z_vprintk
                0x0000000008000c7c      0x25c zephyr/libzephyr.a(printk.c.obj)
                0x0000000008000c7c                z_vprintk
 .text.stm32h7_init
                0x0000000008000ed8       0xd8 zephyr/libzephyr.a(soc_m7.c.obj)
 .text.log_generic
                0x0000000008000fb0       0x5c zephyr/libzephyr.a(log_core.c.obj)
                0x0000000008000fb0                log_generic
 .text.log_core_init
                0x000000000800100c       0x18 zephyr/libzephyr.a(log_core.c.obj)
                0x000000000800100c                log_core_init
 .text.log_source_name_get
                0x0000000008001024       0x1c zephyr/libzephyr.a(log_core.c.obj)
                0x0000000008001024                log_source_name_get
 .text.log_backend_enable
                0x0000000008001040       0x34 zephyr/libzephyr.a(log_core.c.obj)
                0x0000000008001040                log_backend_enable
 .text.log_init
                0x0000000008001074       0x54 zephyr/libzephyr.a(log_core.c.obj)
                0x0000000008001074                log_init
 .text.z_impl_log_panic
                0x00000000080010c8       0x40 zephyr/libzephyr.a(log_core.c.obj)
                0x00000000080010c8                z_impl_log_panic
 .text.print_formatted
                0x0000000008001108       0x24 zephyr/libzephyr.a(log_output.c.obj)
 .text.prefix_print
                0x000000000800112c      0x11c zephyr/libzephyr.a(log_output.c.obj)
 .text.postfix_print
                0x0000000008001248       0x3c zephyr/libzephyr.a(log_output.c.obj)
 .text.hexdump_line_print
                0x0000000008001284       0xdc zephyr/libzephyr.a(log_output.c.obj)
 .text.log_output_string
                0x0000000008001360       0x70 zephyr/libzephyr.a(log_output.c.obj)
                0x0000000008001360                log_output_string
 .text.log_output_hexdump
                0x00000000080013d0       0x74 zephyr/libzephyr.a(log_output.c.obj)
                0x00000000080013d0                log_output_hexdump
 .text.log_output_timestamp_freq_set
                0x0000000008001444       0x30 zephyr/libzephyr.a(log_output.c.obj)
                0x0000000008001444                log_output_timestamp_freq_set
 .text.char_out
                0x0000000008001474       0x24 zephyr/libzephyr.a(log_backend_uart.c.obj)
 .text.panic    0x0000000008001498        0xc zephyr/libzephyr.a(log_backend_uart.c.obj)
 .text.log_backend_uart_init
                0x00000000080014a4       0x18 zephyr/libzephyr.a(log_backend_uart.c.obj)
 .text.sync_hexdump
                0x00000000080014bc       0x20 zephyr/libzephyr.a(log_backend_uart.c.obj)
 .text.sync_string
                0x00000000080014dc       0x1c zephyr/libzephyr.a(log_backend_uart.c.obj)
 .text.uart_console_init
                0x00000000080014f8       0x2c zephyr/libzephyr.a(uart_console.c.obj)
 .text.console_out
                0x0000000008001524       0x28 zephyr/libzephyr.a(uart_console.c.obj)
 .text.stm32_exti_enable
                0x000000000800154c       0x20 zephyr/libzephyr.a(intc_exti_stm32.c.obj)
                0x000000000800154c                stm32_exti_enable
 .text.stm32_exti_set_callback
                0x000000000800156c       0x24 zephyr/libzephyr.a(intc_exti_stm32.c.obj)
                0x000000000800156c                stm32_exti_set_callback
 .text.stm32_exti_unset_callback
                0x0000000008001590       0x14 zephyr/libzephyr.a(intc_exti_stm32.c.obj)
                0x0000000008001590                stm32_exti_unset_callback
 .text.stm32_clock_control_on
                0x00000000080015a4      0x110 zephyr/libzephyr.a(clock_stm32_ll_h7.c.obj)
 .text.stm32_clock_control_off
                0x00000000080016b4       0xc4 zephyr/libzephyr.a(clock_stm32_ll_h7.c.obj)
 .text.stm32_clock_control_get_subsys_rate
                0x0000000008001778       0x28 zephyr/libzephyr.a(clock_stm32_ll_h7.c.obj)
 .text.stm32_clock_control_init
                0x00000000080017a0      0x234 zephyr/libzephyr.a(clock_stm32_ll_h7.c.obj)
 .text.enable_port
                0x00000000080019d4       0x38 zephyr/libzephyr.a(pinmux_stm32.c.obj)
 .text.stm32_dt_pinctrl_configure
                0x0000000008001a0c       0x74 zephyr/libzephyr.a(pinmux_stm32.c.obj)
                0x0000000008001a0c                stm32_dt_pinctrl_configure
 .text.elapsed  0x0000000008001a80       0x3c zephyr/libzephyr.a(cortex_m_systick.c.obj)
 .text.z_clock_isr
                0x0000000008001abc       0x44 zephyr/libzephyr.a(cortex_m_systick.c.obj)
                0x0000000008001abc                z_clock_isr
 .text.z_clock_driver_init
                0x0000000008001b00       0x38 zephyr/libzephyr.a(cortex_m_systick.c.obj)
                0x0000000008001b00                z_clock_driver_init
 .text.z_clock_set_timeout
                0x0000000008001b38       0xc8 zephyr/libzephyr.a(cortex_m_systick.c.obj)
                0x0000000008001b38                z_clock_set_timeout
 .text.z_clock_elapsed
                0x0000000008001c00       0x3c zephyr/libzephyr.a(cortex_m_systick.c.obj)
                0x0000000008001c00                z_clock_elapsed
 .text.arch_swap
                0x0000000008001c3c       0x34 zephyr/arch/arch/arm/core/aarch32/libarch__arm__core__aarch32.a(swap.c.obj)
                0x0000000008001c3c                arch_swap
 .text.z_arm_pendsv
                0x0000000008001c70       0x54 zephyr/arch/arch/arm/core/aarch32/libarch__arm__core__aarch32.a(swap_helper.S.obj)
                0x0000000008001c70                z_arm_pendsv
 .text.z_arm_svc
                0x0000000008001cc4       0x20 zephyr/arch/arch/arm/core/aarch32/libarch__arm__core__aarch32.a(swap_helper.S.obj)
                0x0000000008001cc4                z_arm_svc
 .text.arch_irq_enable
                0x0000000008001ce4       0x20 zephyr/arch/arch/arm/core/aarch32/libarch__arm__core__aarch32.a(irq_manage.c.obj)
                0x0000000008001ce4                arch_irq_enable
 .text.z_arm_irq_priority_set
                0x0000000008001d04       0x2c zephyr/arch/arch/arm/core/aarch32/libarch__arm__core__aarch32.a(irq_manage.c.obj)
                0x0000000008001d04                z_arm_irq_priority_set
 .text.arch_new_thread
                0x0000000008001d30       0x2c zephyr/arch/arch/arm/core/aarch32/libarch__arm__core__aarch32.a(thread.c.obj)
                0x0000000008001d30                arch_new_thread
 .text.z_check_thread_stack_fail
                0x0000000008001d5c       0x34 zephyr/arch/arch/arm/core/aarch32/libarch__arm__core__aarch32.a(thread.c.obj)
                0x0000000008001d5c                z_check_thread_stack_fail
 .text.arch_switch_to_main_thread
                0x0000000008001d90       0x34 zephyr/arch/arch/arm/core/aarch32/libarch__arm__core__aarch32.a(thread.c.obj)
                0x0000000008001d90                arch_switch_to_main_thread
 .text.z_arm_cpu_idle_init
                0x0000000008001dc4        0xc zephyr/arch/arch/arm/core/aarch32/libarch__arm__core__aarch32.a(cpu_idle.S.obj)
                0x0000000008001dc4                z_arm_cpu_idle_init
 .text.arch_cpu_idle
                0x0000000008001dd0       0x1c zephyr/arch/arch/arm/core/aarch32/libarch__arm__core__aarch32.a(cpu_idle.S.obj)
                0x0000000008001dd0                arch_cpu_idle
 .text.z_arm_fatal_error
                0x0000000008001dec       0x70 zephyr/arch/arch/arm/core/aarch32/libarch__arm__core__aarch32.a(fatal.c.obj)
                0x0000000008001dec                z_arm_fatal_error
 .text.z_SysNmiOnReset
                0x0000000008001e5c        0x8 zephyr/arch/arch/arm/core/aarch32/libarch__arm__core__aarch32.a(nmi_on_reset.S.obj)
                0x0000000008001e5c                z_SysNmiOnReset
 .text.z_arm_prep_c
                0x0000000008001e64       0x44 zephyr/arch/arch/arm/core/aarch32/libarch__arm__core__aarch32.a(prep_c.c.obj)
                0x0000000008001e64                z_arm_prep_c
 .text._isr_wrapper
                0x0000000008001ea8       0x28 zephyr/arch/arch/arm/core/aarch32/libarch__arm__core__aarch32.a(isr_wrapper.S.obj)
                0x0000000008001ea8                _isr_wrapper
 .text._reset_section
                0x0000000008001ed0       0x2c zephyr/arch/arch/arm/core/aarch32/cortex_m/libarch__arm__core__aarch32__cortex_m.a(reset.S.obj)
                0x0000000008001ed0                z_arm_reset
                0x0000000008001ed0                __start
 .text.__fault  0x0000000008001efc       0x14 zephyr/arch/arch/arm/core/aarch32/cortex_m/libarch__arm__core__aarch32__cortex_m.a(fault_s.S.obj)
                0x0000000008001efc                z_arm_bus_fault
                0x0000000008001efc                z_arm_usage_fault
                0x0000000008001efc                z_arm_mpu_fault
                0x0000000008001efc                z_arm_exc_spurious
                0x0000000008001efc                z_arm_debug_monitor
                0x0000000008001efc                z_arm_hard_fault
 .text.mem_manage_fault
                0x0000000008001f10       0xfc zephyr/arch/arch/arm/core/aarch32/cortex_m/libarch__arm__core__aarch32__cortex_m.a(fault.c.obj)
 .text.bus_fault.isra.0
                0x000000000800200c       0xd8 zephyr/arch/arch/arm/core/aarch32/cortex_m/libarch__arm__core__aarch32__cortex_m.a(fault.c.obj)
 .text.usage_fault.isra.0
                0x00000000080020e4       0xb8 zephyr/arch/arch/arm/core/aarch32/cortex_m/libarch__arm__core__aarch32__cortex_m.a(fault.c.obj)
 .text.z_arm_fault
                0x000000000800219c      0x19c zephyr/arch/arch/arm/core/aarch32/cortex_m/libarch__arm__core__aarch32__cortex_m.a(fault.c.obj)
                0x000000000800219c                z_arm_fault
 .text.z_arm_fault_init
                0x0000000008002338       0x10 zephyr/arch/arch/arm/core/aarch32/cortex_m/libarch__arm__core__aarch32__cortex_m.a(fault.c.obj)
                0x0000000008002338                z_arm_fault_init
 .text._HandlerModeExit
                0x0000000008002348       0x1c zephyr/arch/arch/arm/core/aarch32/cortex_m/libarch__arm__core__aarch32__cortex_m.a(exc_exit.S.obj)
                0x0000000008002348                z_arm_exc_exit
                0x0000000008002348                z_arm_int_exit
 .text.z_arm_interrupt_init
                0x0000000008002364       0x18 zephyr/arch/arch/arm/core/aarch32/cortex_m/libarch__arm__core__aarch32__cortex_m.a(irq_init.c.obj)
                0x0000000008002364                z_arm_interrupt_init
 .text.z_impl_k_thread_abort
                0x000000000800237c       0x44 zephyr/arch/arch/arm/core/aarch32/cortex_m/libarch__arm__core__aarch32__cortex_m.a(thread_abort.c.obj)
                0x000000000800237c                z_impl_k_thread_abort
 .text.z_arm_configure_static_mpu_regions
                0x00000000080023c0       0x38 zephyr/arch/arch/arm/core/aarch32/cortex_m/mpu/libarch__arm__core__aarch32__cortex_m__mpu.a(arm_core_mpu.c.obj)
                0x00000000080023c0                z_arm_configure_static_mpu_regions
 .text.z_arm_configure_dynamic_mpu_regions
                0x00000000080023f8       0x28 zephyr/arch/arch/arm/core/aarch32/cortex_m/mpu/libarch__arm__core__aarch32__cortex_m__mpu.a(arm_core_mpu.c.obj)
                0x00000000080023f8                z_arm_configure_dynamic_mpu_regions
 .text.mpu_configure_regions
                0x0000000008002420       0xc0 zephyr/arch/arch/arm/core/aarch32/cortex_m/mpu/libarch__arm__core__aarch32__cortex_m__mpu.a(arm_mpu.c.obj)
 .text.arm_core_mpu_enable
                0x00000000080024e0       0x14 zephyr/arch/arch/arm/core/aarch32/cortex_m/mpu/libarch__arm__core__aarch32__cortex_m__mpu.a(arm_mpu.c.obj)
                0x00000000080024e0                arm_core_mpu_enable
 .text.arm_core_mpu_disable
                0x00000000080024f4       0x10 zephyr/arch/arch/arm/core/aarch32/cortex_m/mpu/libarch__arm__core__aarch32__cortex_m__mpu.a(arm_mpu.c.obj)
                0x00000000080024f4                arm_core_mpu_disable
 .text.arm_mpu_init
                0x0000000008002504       0x5c zephyr/arch/arch/arm/core/aarch32/cortex_m/mpu/libarch__arm__core__aarch32__cortex_m__mpu.a(arm_mpu.c.obj)
 .text.arm_core_mpu_configure_static_mpu_regions
                0x0000000008002560       0x14 zephyr/arch/arch/arm/core/aarch32/cortex_m/mpu/libarch__arm__core__aarch32__cortex_m__mpu.a(arm_mpu.c.obj)
                0x0000000008002560                arm_core_mpu_configure_static_mpu_regions
 .text.arm_core_mpu_configure_dynamic_mpu_regions
                0x0000000008002574       0x2c zephyr/arch/arch/arm/core/aarch32/cortex_m/mpu/libarch__arm__core__aarch32__cortex_m__mpu.a(arm_mpu.c.obj)
                0x0000000008002574                arm_core_mpu_configure_dynamic_mpu_regions
 .text.__stdout_hook_install
                0x00000000080025a0        0xc zephyr/lib/libc/minimal/liblib__libc__minimal.a(stdout_console.c.obj)
                0x00000000080025a0                __stdout_hook_install
 .text.gpio_stm32_pin_interrupt_configure
                0x00000000080025ac      0x130 zephyr/drivers/gpio/libdrivers__gpio.a(gpio_stm32.c.obj)
 .text.gpio_stm32_init
                0x00000000080026dc       0x28 zephyr/drivers/gpio/libdrivers__gpio.a(gpio_stm32.c.obj)
 .text.pwm_stm32_pin_set
                0x0000000008002704      0x1e4 zephyr/drivers/pwm/libdrivers__pwm.a(pwm_stm32.c.obj)
 .text.pwm_stm32_init
                0x00000000080028e8      0x124 zephyr/drivers/pwm/libdrivers__pwm.a(pwm_stm32.c.obj)
 .text.uart_stm32_set_baudrate
                0x0000000008002a0c       0x50 zephyr/drivers/serial/libdrivers__serial.a(uart_stm32.c.obj)
 .text.uart_stm32_init
                0x0000000008002a5c       0xe0 zephyr/drivers/serial/libdrivers__serial.a(uart_stm32.c.obj)
 .text.uart_stm32_configure
                0x0000000008002b3c      0x14c zephyr/drivers/serial/libdrivers__serial.a(uart_stm32.c.obj)
 .text.LL_RCC_HSE_IsReady
                0x0000000008002c88       0x10 modules/stm32/stm32cube/lib..__modules__hal__stm32__stm32cube.a(stm32h7xx_ll_rcc.c.obj)
 .text.LL_RCC_HSI_IsReady
                0x0000000008002c98       0x10 modules/stm32/stm32cube/lib..__modules__hal__stm32__stm32cube.a(stm32h7xx_ll_rcc.c.obj)
 .text.LL_RCC_CSI_IsReady
                0x0000000008002ca8       0x10 modules/stm32/stm32cube/lib..__modules__hal__stm32__stm32cube.a(stm32h7xx_ll_rcc.c.obj)
 .text.LL_RCC_GetPLL1ClockFreq
                0x0000000008002cb8       0xe8 modules/stm32/stm32cube/lib..__modules__hal__stm32__stm32cube.a(stm32h7xx_ll_rcc.c.obj)
                0x0000000008002cb8                LL_RCC_GetPLL1ClockFreq
 .text.RCC_GetSystemClockFreq
                0x0000000008002da0       0x54 modules/stm32/stm32cube/lib..__modules__hal__stm32__stm32cube.a(stm32h7xx_ll_rcc.c.obj)
                0x0000000008002da0                RCC_GetSystemClockFreq
 .text.RCC_GetHCLKClockFreq
                0x0000000008002df4       0x1c modules/stm32/stm32cube/lib..__modules__hal__stm32__stm32cube.a(stm32h7xx_ll_rcc.c.obj)
                0x0000000008002df4                RCC_GetHCLKClockFreq
 .text.RCC_GetPCLK1ClockFreq
                0x0000000008002e10       0x1c modules/stm32/stm32cube/lib..__modules__hal__stm32__stm32cube.a(stm32h7xx_ll_rcc.c.obj)
                0x0000000008002e10                RCC_GetPCLK1ClockFreq
 .text.RCC_GetPCLK2ClockFreq
                0x0000000008002e2c       0x1c modules/stm32/stm32cube/lib..__modules__hal__stm32__stm32cube.a(stm32h7xx_ll_rcc.c.obj)
                0x0000000008002e2c                RCC_GetPCLK2ClockFreq
 .text.RCC_GetPCLK3ClockFreq
                0x0000000008002e48       0x1c modules/stm32/stm32cube/lib..__modules__hal__stm32__stm32cube.a(stm32h7xx_ll_rcc.c.obj)
                0x0000000008002e48                RCC_GetPCLK3ClockFreq
 .text.RCC_GetPCLK4ClockFreq
                0x0000000008002e64       0x1c modules/stm32/stm32cube/lib..__modules__hal__stm32__stm32cube.a(stm32h7xx_ll_rcc.c.obj)
                0x0000000008002e64                RCC_GetPCLK4ClockFreq
 .text.LL_TIM_Init
                0x0000000008002e80       0xc8 modules/stm32/stm32cube/lib..__modules__hal__stm32__stm32cube.a(stm32h7xx_ll_tim.c.obj)
                0x0000000008002e80                LL_TIM_Init
 .text.LL_TIM_OC_Init
                0x0000000008002f48      0x2f4 modules/stm32/stm32cube/lib..__modules__hal__stm32__stm32cube.a(stm32h7xx_ll_tim.c.obj)
                0x0000000008002f48                LL_TIM_OC_Init
 .text.LL_SetFlashLatency
                0x000000000800323c       0xec modules/stm32/stm32cube/lib..__modules__hal__stm32__stm32cube.a(stm32h7xx_ll_utils.c.obj)
                0x000000000800323c                LL_SetFlashLatency
 .text.z_sys_init_run_level
                0x0000000008003328       0x50 zephyr/kernel/libkernel.a(device.c.obj)
                0x0000000008003328                z_sys_init_run_level
 .text.z_device_ready
                0x0000000008003378       0x2c zephyr/kernel/libkernel.a(device.c.obj)
                0x0000000008003378                z_device_ready
 .text.z_impl_device_get_binding
                0x00000000080033a4       0x50 zephyr/kernel/libkernel.a(device.c.obj)
                0x00000000080033a4                z_impl_device_get_binding
 .text.k_sys_fatal_error_handler
                0x00000000080033f4       0x30 zephyr/kernel/libkernel.a(fatal.c.obj)
                0x00000000080033f4                k_sys_fatal_error_handler
 .text.z_fatal_error
                0x0000000008003424       0xc0 zephyr/kernel/libkernel.a(fatal.c.obj)
                0x0000000008003424                z_fatal_error
 .text.z_bss_zero
                0x00000000080034e4       0x30 zephyr/kernel/libkernel.a(init.c.obj)
                0x00000000080034e4                z_bss_zero
 .text.z_data_copy
                0x0000000008003514       0x4c zephyr/kernel/libkernel.a(init.c.obj)
                0x0000000008003514                z_data_copy
 .text.bg_thread_main
                0x0000000008003560       0x48 zephyr/kernel/libkernel.a(init.c.obj)
 .text.z_cstart
                0x00000000080035a8      0x100 zephyr/kernel/libkernel.a(init.c.obj)
                0x00000000080035a8                z_cstart
 .text.init_mem_slab_module
                0x00000000080036a8       0x44 zephyr/kernel/libkernel.a(mem_slab.c.obj)
 .text.z_reset_time_slice
                0x00000000080036ec       0x2c zephyr/kernel/libkernel.a(sched.c.obj)
                0x00000000080036ec                z_reset_time_slice
 .text.k_sched_time_slice_set
                0x0000000008003718       0x40 zephyr/kernel/libkernel.a(sched.c.obj)
                0x0000000008003718                k_sched_time_slice_set
 .text.z_reschedule
                0x0000000008003758       0x24 zephyr/kernel/libkernel.a(sched.c.obj)
                0x0000000008003758                z_reschedule
 .text.k_sched_lock
                0x000000000800377c       0x28 zephyr/kernel/libkernel.a(sched.c.obj)
                0x000000000800377c                k_sched_lock
 .text.z_priq_dumb_remove
                0x00000000080037a4       0x2c zephyr/kernel/libkernel.a(sched.c.obj)
                0x00000000080037a4                z_priq_dumb_remove
 .text.update_cache
                0x00000000080037d0       0x50 zephyr/kernel/libkernel.a(sched.c.obj)
 .text.k_sched_unlock
                0x0000000008003820       0x38 zephyr/kernel/libkernel.a(sched.c.obj)
                0x0000000008003820                k_sched_unlock
 .text.ready_thread
                0x0000000008003858       0x70 zephyr/kernel/libkernel.a(sched.c.obj)
 .text.z_sched_start
                0x00000000080038c8       0x3c zephyr/kernel/libkernel.a(sched.c.obj)
                0x00000000080038c8                z_sched_start
 .text.move_thread_to_end_of_prio_q
                0x0000000008003904       0x74 zephyr/kernel/libkernel.a(sched.c.obj)
 .text.z_time_slice
                0x0000000008003978       0x84 zephyr/kernel/libkernel.a(sched.c.obj)
                0x0000000008003978                z_time_slice
 .text.z_impl_k_thread_suspend
                0x00000000080039fc       0x68 zephyr/kernel/libkernel.a(sched.c.obj)
                0x00000000080039fc                z_impl_k_thread_suspend
 .text.z_thread_single_abort
                0x0000000008003a64      0x104 zephyr/kernel/libkernel.a(sched.c.obj)
                0x0000000008003a64                z_thread_single_abort
 .text.unready_thread
                0x0000000008003b68       0x34 zephyr/kernel/libkernel.a(sched.c.obj)
 .text.z_tick_sleep.part.0
                0x0000000008003b9c       0x5c zephyr/kernel/libkernel.a(sched.c.obj)
 .text.z_sched_init
                0x0000000008003bf8       0x18 zephyr/kernel/libkernel.a(sched.c.obj)
                0x0000000008003bf8                z_sched_init
 .text.z_impl_k_yield
                0x0000000008003c10       0x9c zephyr/kernel/libkernel.a(sched.c.obj)
                0x0000000008003c10                z_impl_k_yield
 .text.z_impl_k_sleep
                0x0000000008003cac       0x40 zephyr/kernel/libkernel.a(sched.c.obj)
                0x0000000008003cac                z_impl_k_sleep
 .text.z_impl_k_current_get
                0x0000000008003cec        0xc zephyr/kernel/libkernel.a(sched.c.obj)
                0x0000000008003cec                z_impl_k_current_get
 .text.z_impl_k_sem_give
                0x0000000008003cf8       0x40 zephyr/kernel/libkernel.a(sem.c.obj)
                0x0000000008003cf8                z_impl_k_sem_give
 .text.z_setup_new_thread
                0x0000000008003d38       0x64 zephyr/kernel/libkernel.a(thread.c.obj)
                0x0000000008003d38                z_setup_new_thread
 .text.z_init_static_threads
                0x0000000008003d9c       0x98 zephyr/kernel/libkernel.a(thread.c.obj)
                0x0000000008003d9c                z_init_static_threads
 .text.z_self_abort
                0x0000000008003e34       0x28 zephyr/kernel/libkernel.a(thread_abort.c.obj)
                0x0000000008003e34                z_self_abort
 .text.elapsed  0x0000000008003e5c       0x14 zephyr/kernel/libkernel.a(timeout.c.obj)
 .text.remove_timeout
                0x0000000008003e70       0x34 zephyr/kernel/libkernel.a(timeout.c.obj)
 .text.next_timeout
                0x0000000008003ea4       0x50 zephyr/kernel/libkernel.a(timeout.c.obj)
 .text.z_add_timeout
                0x0000000008003ef4      0x110 zephyr/kernel/libkernel.a(timeout.c.obj)
                0x0000000008003ef4                z_add_timeout
 .text.z_clock_announce
                0x0000000008004004       0xd8 zephyr/kernel/libkernel.a(timeout.c.obj)
                0x0000000008004004                z_clock_announce
 .text.z_tick_get
                0x00000000080040dc       0x34 zephyr/kernel/libkernel.a(timeout.c.obj)
                0x00000000080040dc                z_tick_get
 .text.statics_init
                0x0000000008004110       0x24 zephyr/kernel/libkernel.a(kheap.c.obj)
 .text.arch_printk_char_out
                0x0000000008004134        0x4 zephyr/libzephyr.a(printk.c.obj)
                0x0000000008004134                arch_printk_char_out
 .text.printk   0x0000000008004138       0x1a zephyr/libzephyr.a(printk.c.obj)
                0x0000000008004138                printk
 .text.z_thread_entry
                0x0000000008004152       0x14 zephyr/libzephyr.a(thread_entry.c.obj)
                0x0000000008004152                z_thread_entry
 .text.chunk_field
                0x0000000008004166       0x16 zephyr/libzephyr.a(heap.c.obj)
 .text.chunk_set
                0x000000000800417c       0x16 zephyr/libzephyr.a(heap.c.obj)
 .text.chunk_size
                0x0000000008004192        0xc zephyr/libzephyr.a(heap.c.obj)
 .text.set_chunk_used
                0x000000000800419e       0x30 zephyr/libzephyr.a(heap.c.obj)
 .text.set_chunk_size
                0x00000000080041ce        0x8 zephyr/libzephyr.a(heap.c.obj)
 .text.bucket_idx
                0x00000000080041d6       0x1a zephyr/libzephyr.a(heap.c.obj)
 .text.free_list_add
                0x00000000080041f0       0x8a zephyr/libzephyr.a(heap.c.obj)
 .text.sys_heap_init
                0x000000000800427a       0xa4 zephyr/libzephyr.a(heap.c.obj)
                0x000000000800427a                sys_heap_init
 .text._ConfigAbsSyms
                0x000000000800431e        0x2 zephyr/libzephyr.a(configs.c.obj)
                0x000000000800431e                _ConfigAbsSyms
 .text.k_uptime_get_32
                0x0000000008004320       0x10 zephyr/libzephyr.a(log_core.c.obj)
 .text.dummy_timestamp
                0x0000000008004330        0x4 zephyr/libzephyr.a(log_core.c.obj)
 .text.log_printk
                0x0000000008004334        0xc zephyr/libzephyr.a(log_core.c.obj)
                0x0000000008004334                log_printk
 .text.log_string_sync
                0x0000000008004340       0x1c zephyr/libzephyr.a(log_core.c.obj)
                0x0000000008004340                log_string_sync
 .text.enable_logger
                0x000000000800435c        0xa zephyr/libzephyr.a(log_core.c.obj)
 .text.log_strdup
                0x0000000008004366        0x2 zephyr/libzephyr.a(log_core.c.obj)
                0x0000000008004366                log_strdup
 .text.out_func
                0x0000000008004368       0x18 zephyr/libzephyr.a(log_output.c.obj)
 .text.buffer_write
                0x0000000008004380       0x1a zephyr/libzephyr.a(log_output.c.obj)
 .text.log_output_flush
                0x000000000800439a       0x1a zephyr/libzephyr.a(log_output.c.obj)
                0x000000000800439a                log_output_flush
 .text.__stm32_exti_isr.isra.0
                0x00000000080043b4       0x42 zephyr/libzephyr.a(intc_exti_stm32.c.obj)
 .text.__stm32_exti_isr_0
                0x00000000080043f6        0xa zephyr/libzephyr.a(intc_exti_stm32.c.obj)
 .text.__stm32_exti_isr_1
                0x0000000008004400        0xa zephyr/libzephyr.a(intc_exti_stm32.c.obj)
 .text.__stm32_exti_isr_2
                0x000000000800440a        0xa zephyr/libzephyr.a(intc_exti_stm32.c.obj)
 .text.__stm32_exti_isr_3
                0x0000000008004414        0xa zephyr/libzephyr.a(intc_exti_stm32.c.obj)
 .text.__stm32_exti_isr_4
                0x000000000800441e        0xa zephyr/libzephyr.a(intc_exti_stm32.c.obj)
 .text.__stm32_exti_isr_9_5
                0x0000000008004428        0xa zephyr/libzephyr.a(intc_exti_stm32.c.obj)
 .text.__stm32_exti_isr_15_10
                0x0000000008004432        0xa zephyr/libzephyr.a(intc_exti_stm32.c.obj)
 .text.stm32_exti_init
                0x000000000800443c       0x4c zephyr/libzephyr.a(intc_exti_stm32.c.obj)
 .text.stm32_exti_disable
                0x0000000008004488       0x1c zephyr/libzephyr.a(intc_exti_stm32.c.obj)
                0x0000000008004488                stm32_exti_disable
 .text.stm32_exti_trigger
                0x00000000080044a4       0x6a zephyr/libzephyr.a(intc_exti_stm32.c.obj)
                0x00000000080044a4                stm32_exti_trigger
 .text.z_irq_spurious
                0x000000000800450e        0x8 zephyr/arch/arch/arm/core/aarch32/libarch__arm__core__aarch32.a(irq_manage.c.obj)
                0x000000000800450e                z_irq_spurious
 .text.z_do_kernel_oops
                0x0000000008004516        0x8 zephyr/arch/arch/arm/core/aarch32/libarch__arm__core__aarch32.a(fatal.c.obj)
                0x0000000008004516                z_do_kernel_oops
 .text.z_arm_nmi
                0x000000000800451e        0xe zephyr/arch/arch/arm/core/aarch32/libarch__arm__core__aarch32.a(nmi.c.obj)
                0x000000000800451e                z_arm_nmi
 .text.strcmp   0x000000000800452c       0x18 zephyr/lib/libc/minimal/liblib__libc__minimal.a(string.c.obj)
                0x000000000800452c                strcmp
 .text.memcpy   0x0000000008004544       0x56 zephyr/lib/libc/minimal/liblib__libc__minimal.a(string.c.obj)
                0x0000000008004544                memcpy
 .text.memset   0x000000000800459a       0x46 zephyr/lib/libc/minimal/liblib__libc__minimal.a(string.c.obj)
                0x000000000800459a                memset
 .text._stdout_hook_default
                0x00000000080045e0        0x6 zephyr/lib/libc/minimal/liblib__libc__minimal.a(stdout_console.c.obj)
 .text.gpio_stm32_isr
                0x00000000080045e6       0x36 zephyr/drivers/gpio/libdrivers__gpio.a(gpio_stm32.c.obj)
 .text.gpio_stm32_port_get_raw
                0x000000000800461c        0xc zephyr/drivers/gpio/libdrivers__gpio.a(gpio_stm32.c.obj)
 .text.gpio_stm32_port_set_masked_raw
                0x0000000008004628       0x12 zephyr/drivers/gpio/libdrivers__gpio.a(gpio_stm32.c.obj)
 .text.gpio_stm32_port_set_bits_raw
                0x000000000800463a        0xa zephyr/drivers/gpio/libdrivers__gpio.a(gpio_stm32.c.obj)
 .text.gpio_stm32_port_clear_bits_raw
                0x0000000008004644        0xc zephyr/drivers/gpio/libdrivers__gpio.a(gpio_stm32.c.obj)
 .text.gpio_stm32_port_toggle_bits
                0x0000000008004650        0xe zephyr/drivers/gpio/libdrivers__gpio.a(gpio_stm32.c.obj)
 .text.gpio_stm32_manage_callback
                0x000000000800465e       0x56 zephyr/drivers/gpio/libdrivers__gpio.a(gpio_stm32.c.obj)
 .text.gpio_stm32_configure
                0x00000000080046b4       0xa6 zephyr/drivers/gpio/libdrivers__gpio.a(gpio_stm32.c.obj)
                0x00000000080046b4                gpio_stm32_configure
 .text.gpio_stm32_config
                0x000000000800475a       0x78 zephyr/drivers/gpio/libdrivers__gpio.a(gpio_stm32.c.obj)
 .text.LL_TIM_OC_SetCompareCH1
                0x00000000080047d2        0x4 zephyr/drivers/pwm/libdrivers__pwm.a(pwm_stm32.c.obj)
 .text.LL_TIM_OC_SetCompareCH2
                0x00000000080047d6        0x4 zephyr/drivers/pwm/libdrivers__pwm.a(pwm_stm32.c.obj)
 .text.LL_TIM_OC_SetCompareCH3
                0x00000000080047da        0x4 zephyr/drivers/pwm/libdrivers__pwm.a(pwm_stm32.c.obj)
 .text.LL_TIM_OC_SetCompareCH4
                0x00000000080047de        0x4 zephyr/drivers/pwm/libdrivers__pwm.a(pwm_stm32.c.obj)
 .text.LL_TIM_OC_SetCompareCH5
                0x00000000080047e2        0x6 zephyr/drivers/pwm/libdrivers__pwm.a(pwm_stm32.c.obj)
 .text.LL_TIM_OC_SetCompareCH6
                0x00000000080047e8        0x4 zephyr/drivers/pwm/libdrivers__pwm.a(pwm_stm32.c.obj)
 .text.pwm_stm32_get_cycles_per_sec
                0x00000000080047ec       0x18 zephyr/drivers/pwm/libdrivers__pwm.a(pwm_stm32.c.obj)
 .text.uart_stm32_config_get
                0x0000000008004804       0x78 zephyr/drivers/serial/libdrivers__serial.a(uart_stm32.c.obj)
 .text.uart_stm32_poll_out
                0x000000000800487c       0x12 zephyr/drivers/serial/libdrivers__serial.a(uart_stm32.c.obj)
 .text.uart_stm32_err_check
                0x000000000800488e       0x3c zephyr/drivers/serial/libdrivers__serial.a(uart_stm32.c.obj)
 .text.uart_stm32_poll_in
                0x00000000080048ca       0x22 zephyr/drivers/serial/libdrivers__serial.a(uart_stm32.c.obj)
 .text.LL_RCC_CalcPLLClockFreq
                0x00000000080048ec       0x5c modules/stm32/stm32cube/lib..__modules__hal__stm32__stm32cube.a(stm32h7xx_ll_rcc.c.obj)
                0x00000000080048ec                LL_RCC_CalcPLLClockFreq
 .text.LL_RCC_GetSystemClocksFreq
                0x0000000008004948       0x30 modules/stm32/stm32cube/lib..__modules__hal__stm32__stm32cube.a(stm32h7xx_ll_rcc.c.obj)
                0x0000000008004948                LL_RCC_GetSystemClocksFreq
 .text.LL_TIM_StructInit
                0x0000000008004978       0x12 modules/stm32/stm32cube/lib..__modules__hal__stm32__stm32cube.a(stm32h7xx_ll_tim.c.obj)
                0x0000000008004978                LL_TIM_StructInit
 .text.LL_TIM_OC_StructInit
                0x000000000800498a       0x14 modules/stm32/stm32cube/lib..__modules__hal__stm32__stm32cube.a(stm32h7xx_ll_tim.c.obj)
                0x000000000800498a                LL_TIM_OC_StructInit
 .text.arch_system_halt
                0x000000000800499e       0x12 zephyr/kernel/libkernel.a(fatal.c.obj)
                0x000000000800499e                arch_system_halt
 .text.z_reschedule_irqlock
                0x00000000080049b0       0x18 zephyr/kernel/libkernel.a(sched.c.obj)
                0x00000000080049b0                z_reschedule_irqlock
 .text.z_reschedule_unlocked
                0x00000000080049c8       0x14 zephyr/kernel/libkernel.a(sched.c.obj)
 .text.unpend_thread_no_timeout
                0x00000000080049dc       0x18 zephyr/kernel/libkernel.a(sched.c.obj)
 .text.z_priq_dumb_best
                0x00000000080049f4       0x14 zephyr/kernel/libkernel.a(sched.c.obj)
                0x00000000080049f4                z_priq_dumb_best
 .text.z_ready_thread
                0x0000000008004a08       0x20 zephyr/kernel/libkernel.a(sched.c.obj)
                0x0000000008004a08                z_ready_thread
 .text.z_thread_timeout
                0x0000000008004a28       0x40 zephyr/kernel/libkernel.a(sched.c.obj)
                0x0000000008004a28                z_thread_timeout
 .text.z_unpend_first_thread
                0x0000000008004a68       0x4a zephyr/kernel/libkernel.a(sched.c.obj)
                0x0000000008004a68                z_unpend_first_thread
 .text.k_thread_name_get
                0x0000000008004ab2        0x4 zephyr/kernel/libkernel.a(thread.c.obj)
                0x0000000008004ab2                k_thread_name_get
 .text.z_abort_timeout
                0x0000000008004ab6       0x2c zephyr/kernel/libkernel.a(timeout.c.obj)
                0x0000000008004ab6                z_abort_timeout
 .text.z_get_next_timeout_expiry
                0x0000000008004ae2       0x20 zephyr/kernel/libkernel.a(timeout.c.obj)
                0x0000000008004ae2                z_get_next_timeout_expiry
 .text.z_set_timeout_expiry
                0x0000000008004b02       0x34 zephyr/kernel/libkernel.a(timeout.c.obj)
                0x0000000008004b02                z_set_timeout_expiry
 .text.z_tick_get_32
                0x0000000008004b36        0x8 zephyr/kernel/libkernel.a(timeout.c.obj)
                0x0000000008004b36                z_tick_get_32
 .text.z_impl_k_uptime_ticks
                0x0000000008004b3e        0x4 zephyr/kernel/libkernel.a(timeout.c.obj)
                0x0000000008004b3e                z_impl_k_uptime_ticks
 .text.idle     0x0000000008004b42       0x6c zephyr/kernel/libkernel.a(idle.c.obj)
                0x0000000008004b42                idle
 .text.k_heap_init
                0x0000000008004bae       0x10 zephyr/kernel/libkernel.a(kheap.c.obj)
                0x0000000008004bae                k_heap_init
 .text._OffsetAbsSyms
                0x0000000008004bbe        0x2 zephyr/CMakeFiles/offsets.dir/./arch/arm/core/offsets/offsets.c.obj
                0x0000000008004bbe                _OffsetAbsSyms
 *(SORT_BY_ALIGNMENT(.TEXT.*))
 *(SORT_BY_ALIGNMENT(.gnu.linkonce.t.*))
 *(SORT_BY_ALIGNMENT(.glue_7t))
 .glue_7t       0x0000000008004bc0        0x0 linker stubs
 *(SORT_BY_ALIGNMENT(.glue_7))
 .glue_7        0x0000000008004bc0        0x0 linker stubs
 *(SORT_BY_ALIGNMENT(.vfp11_veneer))
 .vfp11_veneer  0x0000000008004bc0        0x0 linker stubs
 *(SORT_BY_ALIGNMENT(.v4_bx))
 .v4_bx         0x0000000008004bc0        0x0 linker stubs
                0x0000000008004bc0                _image_text_end = .

.ARM.exidx      0x0000000008004bc0        0x8
                0x0000000008004bc0                __exidx_start = .
 *(SORT_BY_ALIGNMENT(.ARM.exidx*) SORT_BY_ALIGNMENT(gnu.linkonce.armexidx.*))
 .ARM.exidx     0x0000000008004bc0        0x8 /opt/zephyr-sdk-0.11.3/arm-zephyr-eabi/bin/../lib/gcc/arm-zephyr-eabi/9.2.0/thumb/v7e-m/nofp/libgcc.a(_udivmoddi4.o)
                0x0000000008004bc8                __exidx_end = .
                0x0000000008004bc8                _image_rodata_start = .

initlevel       0x0000000008004bc8       0xb0
                0x0000000008004bc8                __init_start = .
                0x0000000008004bc8                __init_PRE_KERNEL_1_start = .
 *(SORT_BY_NAME(SORT_BY_ALIGNMENT(.init_PRE_KERNEL_1[0-9]*)))
 .init_PRE_KERNEL_10
                0x0000000008004bc8        0x8 zephyr/libzephyr.a(soc_m7.c.obj)
 .init_PRE_KERNEL_11
                0x0000000008004bd0        0x8 zephyr/libzephyr.a(clock_stm32_ll_h7.c.obj)
 .init_PRE_KERNEL_130
                0x0000000008004bd8        0x8 zephyr/kernel/libkernel.a(mem_slab.c.obj)
 .init_PRE_KERNEL_130
                0x0000000008004be0        0x8 zephyr/kernel/libkernel.a(kheap.c.obj)
 .init_PRE_KERNEL_140
                0x0000000008004be8        0x8 zephyr/arch/arch/arm/core/aarch32/cortex_m/mpu/libarch__arm__core__aarch32__cortex_m__mpu.a(arm_mpu.c.obj)
 .init_PRE_KERNEL_150
                0x0000000008004bf0        0x8 zephyr/libzephyr.a(intc_exti_stm32.c.obj)
 .init_PRE_KERNEL_150
                0x0000000008004bf8        0x8 zephyr/drivers/serial/libdrivers__serial.a(uart_stm32.c.obj)
 .init_PRE_KERNEL_160
                0x0000000008004c00        0x8 zephyr/libzephyr.a(uart_console.c.obj)
 *(SORT_BY_NAME(SORT_BY_ALIGNMENT(.init_PRE_KERNEL_1[1-9][0-9]*)))
                0x0000000008004c08                __init_PRE_KERNEL_2_start = .
 *(SORT_BY_NAME(SORT_BY_ALIGNMENT(.init_PRE_KERNEL_2[0-9]*)))
 .init_PRE_KERNEL_20
                0x0000000008004c08        0x8 zephyr/libzephyr.a(sys_clock_init.c.obj)
 *(SORT_BY_NAME(SORT_BY_ALIGNMENT(.init_PRE_KERNEL_2[1-9][0-9]*)))
                0x0000000008004c10                __init_POST_KERNEL_start = .
 *(SORT_BY_NAME(SORT_BY_ALIGNMENT(.init_POST_KERNEL[0-9]*)))
 .init_POST_KERNEL0
                0x0000000008004c10        0x8 zephyr/libzephyr.a(log_core.c.obj)
 .init_POST_KERNEL40
                0x0000000008004c18       0x58 zephyr/drivers/gpio/libdrivers__gpio.a(gpio_stm32.c.obj)
 .init_POST_KERNEL50
                0x0000000008004c70        0x8 zephyr/drivers/pwm/libdrivers__pwm.a(pwm_stm32.c.obj)
 *(SORT_BY_NAME(SORT_BY_ALIGNMENT(.init_POST_KERNEL[1-9][0-9]*)))
                0x0000000008004c78                __init_APPLICATION_start = .
 *(SORT_BY_NAME(SORT_BY_ALIGNMENT(.init_APPLICATION[0-9]*)))
 *(SORT_BY_NAME(SORT_BY_ALIGNMENT(.init_APPLICATION[1-9][0-9]*)))
                0x0000000008004c78                __init_SMP_start = .
 *(SORT_BY_NAME(SORT_BY_ALIGNMENT(.init_SMP[0-9]*)))
 *(SORT_BY_NAME(SORT_BY_ALIGNMENT(.init_SMP[1-9][0-9]*)))
                0x0000000008004c78                __init_end = .

sw_isr_table    0x0000000008004c78      0x4b0
                0x0000000008004c78                . = ALIGN (0x0)
 *(SORT_BY_ALIGNMENT(.gnu.linkonce.sw_isr_table*))
 .gnu.linkonce.sw_isr_table*
                0x0000000008004c78      0x4b0 zephyr/arch/common/libisr_tables.a(isr_tables.c.obj)
                0x0000000008004c78                _sw_isr_table

initlevel_error
                0x0000000008004bc8        0x0
 *(SORT_BY_NAME(SORT_BY_ALIGNMENT(.init_[_A-Z0-9]*)))
                0x0000000000000001                ASSERT ((SIZEOF (initlevel_error) == 0x0), Undefined initialization levels used.)

app_shmem_regions
                0x0000000008005128        0x0
                0x0000000008005128                __app_shmem_regions_start = .
 *(SORT_BY_NAME(SORT_BY_ALIGNMENT(.app_regions.*)))
                0x0000000008005128                __app_shmem_regions_end = .

bt_l2cap_fixed_chan_area
                0x0000000008005128        0x0
                0x0000000008005128                _bt_l2cap_fixed_chan_list_start = .
 *(SORT_BY_NAME(SORT_BY_ALIGNMENT(._bt_l2cap_fixed_chan.static.*)))
                0x0000000008005128                _bt_l2cap_fixed_chan_list_end = .

bt_gatt_service_static_area
                0x0000000008005128        0x0
                0x0000000008005128                _bt_gatt_service_static_list_start = .
 *(SORT_BY_NAME(SORT_BY_ALIGNMENT(._bt_gatt_service_static.static.*)))
                0x0000000008005128                _bt_gatt_service_static_list_end = .

log_const_sections
                0x0000000008005128       0x28
                0x0000000008005128                __log_const_start = .
 *(SORT_BY_NAME(SORT_BY_ALIGNMENT(.log_const_*)))
 .log_const_log
                0x0000000008005128        0x8 zephyr/libzephyr.a(log_core.c.obj)
                0x0000000008005128                log_const_log
 .log_const_mpu
                0x0000000008005130        0x8 zephyr/arch/arch/arm/core/aarch32/cortex_m/mpu/libarch__arm__core__aarch32__cortex_m__mpu.a(arm_core_mpu.c.obj)
                0x0000000008005130                log_const_mpu
 .log_const_os  0x0000000008005138        0x8 zephyr/kernel/libkernel.a(init.c.obj)
                0x0000000008005138                log_const_os
 .log_const_pwm_stm32
                0x0000000008005140        0x8 zephyr/drivers/pwm/libdrivers__pwm.a(pwm_stm32.c.obj)
                0x0000000008005140                log_const_pwm_stm32
 .log_const_uart_stm32
                0x0000000008005148        0x8 zephyr/drivers/serial/libdrivers__serial.a(uart_stm32.c.obj)
                0x0000000008005148                log_const_uart_stm32
                0x0000000008005150                __log_const_end = .

log_backends_sections
                0x0000000008005150       0x10
                0x0000000008005150                __log_backends_start = .
 *(SORT_BY_ALIGNMENT(._log_backend.*))
 ._log_backend.static.log_backend_uart
                0x0000000008005150       0x10 zephyr/libzephyr.a(log_backend_uart.c.obj)
                0x0000000008005160                __log_backends_end = .

shell_area      0x0000000008005160        0x0
                0x0000000008005160                _shell_list_start = .
 *(SORT_BY_NAME(SORT_BY_ALIGNMENT(._shell.static.*)))
                0x0000000008005160                _shell_list_end = .

shell_root_cmds_sections
                0x0000000008005160        0x0
                0x0000000008005160                __shell_root_cmds_start = .
 *(SORT_BY_NAME(SORT_BY_ALIGNMENT(.shell_root_cmd_*)))
                0x0000000008005160                __shell_root_cmds_end = .

font_entry_sections
                0x0000000008005160        0x0
                0x0000000008005160                __font_entry_start = .
 *(SORT_BY_NAME(SORT_BY_ALIGNMENT(._cfb_font.*)))
                0x0000000008005160                __font_entry_end = .

tracing_backend_area
                0x0000000008005160        0x0
                0x0000000008005160                _tracing_backend_list_start = .
 *(SORT_BY_NAME(SORT_BY_ALIGNMENT(._tracing_backend.static.*)))
                0x0000000008005160                _tracing_backend_list_end = .

tdata           0x0000000008005160        0x0
 *(SORT_BY_ALIGNMENT(.tdata) SORT_BY_ALIGNMENT(.tdata.*) SORT_BY_ALIGNMENT(.gnu.linkonce.td.*))

tbss            0x0000000008005160        0x0
 *(SORT_BY_ALIGNMENT(.tbss) SORT_BY_ALIGNMENT(.tbss.*) SORT_BY_ALIGNMENT(.gnu.linkonce.tb.*) SORT_BY_ALIGNMENT(.tcommon))
                [!provide]                        PROVIDE (__tdata_start = LOADADDR (tdata))
                [!provide]                        PROVIDE (__tdata_size = SIZEOF (tdata))
                [!provide]                        PROVIDE (__tdata_end = (__tdata_start + __tdata_size))
                [!provide]                        PROVIDE (__tbss_start = LOADADDR (tbss))
                [!provide]                        PROVIDE (__tbss_size = SIZEOF (tbss))
                [!provide]                        PROVIDE (__tbss_end = (__tbss_start + __tbss_size))
                [!provide]                        PROVIDE (__tls_start = __tdata_start)
                [!provide]                        PROVIDE (__tls_end = __tbss_end)
                [!provide]                        PROVIDE (__tls_size = (__tbss_end - __tdata_start))

rodata          0x0000000008005160      0xb70
 *(SORT_BY_ALIGNMENT(.rodata))
 .rodata        0x0000000008005160        0x8 zephyr/drivers/gpio/libdrivers__gpio.a(gpio_stm32.c.obj)
 *(SORT_BY_ALIGNMENT(.rodata.*))
 .rodata.colors
                0x0000000008005168       0x14 zephyr/libzephyr.a(log_output.c.obj)
 .rodata.severity
                0x000000000800517c       0x14 zephyr/libzephyr.a(log_output.c.obj)
 .rodata.log_backend_uart_api
                0x0000000008005190       0x18 zephyr/libzephyr.a(log_backend_uart.c.obj)
                0x0000000008005190                log_backend_uart_api
 .rodata.log_output_uart
                0x00000000080051a8       0x10 zephyr/libzephyr.a(log_backend_uart.c.obj)
 .rodata.CSWTCH.71
                0x00000000080051b8        0xc zephyr/libzephyr.a(clock_stm32_ll_h7.c.obj)
 .rodata.ports_enable
                0x00000000080051c4       0x2c zephyr/libzephyr.a(pinmux_stm32.c.obj)
 .rodata.mpu_config
                0x00000000080051f0        0x8 zephyr/soc/arm/common/cortex_m/libsoc__arm__common__cortex_m.a(arm_mpu_regions.c.obj)
                0x00000000080051f0                mpu_config
 .rodata.mpu_regions
                0x00000000080051f8       0x18 zephyr/soc/arm/common/cortex_m/libsoc__arm__common__cortex_m.a(arm_mpu_regions.c.obj)
 .rodata.gpio_stm32_cfg_a
                0x0000000008005210       0x14 zephyr/drivers/gpio/libdrivers__gpio.a(gpio_stm32.c.obj)
 .rodata.gpio_stm32_cfg_b
                0x0000000008005224       0x14 zephyr/drivers/gpio/libdrivers__gpio.a(gpio_stm32.c.obj)
 .rodata.gpio_stm32_cfg_c
                0x0000000008005238       0x14 zephyr/drivers/gpio/libdrivers__gpio.a(gpio_stm32.c.obj)
 .rodata.gpio_stm32_cfg_d
                0x000000000800524c       0x14 zephyr/drivers/gpio/libdrivers__gpio.a(gpio_stm32.c.obj)
 .rodata.gpio_stm32_cfg_e
                0x0000000008005260       0x14 zephyr/drivers/gpio/libdrivers__gpio.a(gpio_stm32.c.obj)
 .rodata.gpio_stm32_cfg_f
                0x0000000008005274       0x14 zephyr/drivers/gpio/libdrivers__gpio.a(gpio_stm32.c.obj)
 .rodata.gpio_stm32_cfg_g
                0x0000000008005288       0x14 zephyr/drivers/gpio/libdrivers__gpio.a(gpio_stm32.c.obj)
 .rodata.gpio_stm32_cfg_h
                0x000000000800529c       0x14 zephyr/drivers/gpio/libdrivers__gpio.a(gpio_stm32.c.obj)
 .rodata.gpio_stm32_cfg_i
                0x00000000080052b0       0x14 zephyr/drivers/gpio/libdrivers__gpio.a(gpio_stm32.c.obj)
 .rodata.gpio_stm32_cfg_j
                0x00000000080052c4       0x14 zephyr/drivers/gpio/libdrivers__gpio.a(gpio_stm32.c.obj)
 .rodata.gpio_stm32_cfg_k
                0x00000000080052d8       0x14 zephyr/drivers/gpio/libdrivers__gpio.a(gpio_stm32.c.obj)
 .rodata.gpio_stm32_driver
                0x00000000080052ec       0x24 zephyr/drivers/gpio/libdrivers__gpio.a(gpio_stm32.c.obj)
 .rodata.ch2ll  0x0000000008005310       0x18 zephyr/drivers/pwm/libdrivers__pwm.a(pwm_stm32.c.obj)
 .rodata.pwm_pins_0
                0x0000000008005328        0x8 zephyr/drivers/pwm/libdrivers__pwm.a(pwm_stm32.c.obj)
 .rodata.pwm_stm32_config_0
                0x0000000008005330       0x18 zephyr/drivers/pwm/libdrivers__pwm.a(pwm_stm32.c.obj)
 .rodata.pwm_stm32_driver_api
                0x0000000008005348        0x8 zephyr/drivers/pwm/libdrivers__pwm.a(pwm_stm32.c.obj)
 .rodata.set_timer_compare
                0x0000000008005350       0x18 zephyr/drivers/pwm/libdrivers__pwm.a(pwm_stm32.c.obj)
 .rodata.uart_pins_0
                0x0000000008005368       0x10 zephyr/drivers/serial/libdrivers__serial.a(uart_stm32.c.obj)
 .rodata.uart_stm32_cfg_0
                0x0000000008005378       0x20 zephyr/drivers/serial/libdrivers__serial.a(uart_stm32.c.obj)
 .rodata.uart_stm32_driver_api
                0x0000000008005398       0x14 zephyr/drivers/serial/libdrivers__serial.a(uart_stm32.c.obj)
 .rodata.levels.21366
                0x00000000080053ac       0x14 zephyr/kernel/libkernel.a(device.c.obj)
 .rodata._k_neg_eagain
                0x00000000080053c0        0x4 zephyr/kernel/libkernel.a(errno.c.obj)
                0x00000000080053c0                _k_neg_eagain
 .rodata.CSWTCH.17
                0x00000000080053c4       0x14 zephyr/kernel/libkernel.a(fatal.c.obj)
 .rodata.exti_irq_table
                0x00000000080053d8       0x20 zephyr/libzephyr.a(intc_exti_stm32.c.obj)
                0x00000000080053d8                exti_irq_table
 .rodata.CSWTCH.74
                0x00000000080053f8       0x10 zephyr/libzephyr.a(clock_stm32_ll_h7.c.obj)
 .rodata.CSWTCH.62
                0x0000000008005408        0x6 zephyr/drivers/serial/libdrivers__serial.a(uart_stm32.c.obj)
 .rodata.main.str1.1
                0x000000000800540e       0xf7 app/libapp.a(main.c.obj)
 .rodata.print_digits.str1.1
                0x0000000008005505       0x11 zephyr/libzephyr.a(printk.c.obj)
 .rodata.str1.1
                0x0000000008005516        0x4 zephyr/libzephyr.a(log_core.c.obj)
 .rodata.prefix_print.str1.1
                0x000000000800551a       0x3c zephyr/libzephyr.a(log_output.c.obj)
 .rodata.postfix_print.str1.1
                0x0000000008005556        0x3 zephyr/libzephyr.a(log_output.c.obj)
                                          0x5 (size before relaxing)
 .rodata.hexdump_line_print.str1.1
                0x0000000008005559        0xf zephyr/libzephyr.a(log_output.c.obj)
                                         0x11 (size before relaxing)
 .rodata.log_output_msg_process.str1.1
                0x0000000008005568        0x2 zephyr/libzephyr.a(log_output.c.obj)
 .rodata.str1.1
                0x000000000800556a       0x20 zephyr/libzephyr.a(log_output.c.obj)
 .rodata.log_backend_uart_init.str1.1
                0x000000000800558a        0x7 zephyr/libzephyr.a(log_backend_uart.c.obj)
 .rodata.str1.1
                0x0000000008005591       0x11 zephyr/libzephyr.a(log_backend_uart.c.obj)
 .rodata.uart_console_init.str1.1
                0x00000000080055a2        0x7 zephyr/libzephyr.a(uart_console.c.obj)
 .rodata.str1.1
                0x00000000080055a2        0xb zephyr/libzephyr.a(intc_exti_stm32.c.obj)
 .rodata.str1.1
                0x00000000080055ad        0x9 zephyr/libzephyr.a(clock_stm32_ll_h7.c.obj)
 .rodata.CSWTCH.73
                0x00000000080055b6       0x11 zephyr/libzephyr.a(clock_stm32_ll_h7.c.obj)
 .rodata.enable_port.str1.1
                0x00000000080055c7        0x9 zephyr/libzephyr.a(pinmux_stm32.c.obj)
 .rodata.str1.1
                0x00000000080055c7        0xa zephyr/libzephyr.a(sys_clock_init.c.obj)
 .rodata.z_arm_fatal_error.str1.1
                0x00000000080055d1       0x9b zephyr/arch/arch/arm/core/aarch32/libarch__arm__core__aarch32.a(fatal.c.obj)
 .rodata.mem_manage_fault.str1.1
                0x000000000800566c       0xd8 zephyr/arch/arch/arm/core/aarch32/cortex_m/libarch__arm__core__aarch32__cortex_m.a(fault.c.obj)
 .rodata.bus_fault.isra.0.str1.1
                0x0000000008005744       0x88 zephyr/arch/arch/arm/core/aarch32/cortex_m/libarch__arm__core__aarch32__cortex_m.a(fault.c.obj)
 .rodata.usage_fault.isra.0.str1.1
                0x00000000080057cc       0xcd zephyr/arch/arch/arm/core/aarch32/cortex_m/libarch__arm__core__aarch32__cortex_m.a(fault.c.obj)
 .rodata.z_arm_fault.str1.1
                0x0000000008005899       0xf9 zephyr/arch/arch/arm/core/aarch32/cortex_m/libarch__arm__core__aarch32__cortex_m.a(fault.c.obj)
 .rodata.str1.1
                0x0000000008005992        0x4 zephyr/arch/arch/arm/core/aarch32/cortex_m/mpu/libarch__arm__core__aarch32__cortex_m__mpu.a(arm_core_mpu.c.obj)
 .rodata.mpu_configure_regions.str1.1
                0x0000000008005996       0x49 zephyr/arch/arch/arm/core/aarch32/cortex_m/mpu/libarch__arm__core__aarch32__cortex_m__mpu.a(arm_mpu.c.obj)
 .rodata.str1.1
                0x00000000080059df        0xf zephyr/soc/arm/common/cortex_m/libsoc__arm__common__cortex_m.a(arm_mpu_regions.c.obj)
 .rodata.gpio_stm32_pin_interrupt_configure.str1.1
                0x00000000080059ee        0x9 zephyr/drivers/gpio/libdrivers__gpio.a(gpio_stm32.c.obj)
 .rodata.str1.1
                0x00000000080059ee       0x42 zephyr/drivers/gpio/libdrivers__gpio.a(gpio_stm32.c.obj)
 .rodata.pwm_stm32_pin_set.str1.1
                0x0000000008005a30       0x6e zephyr/drivers/pwm/libdrivers__pwm.a(pwm_stm32.c.obj)
 .rodata.pwm_stm32_init.str1.1
                0x0000000008005a9e       0x7b zephyr/drivers/pwm/libdrivers__pwm.a(pwm_stm32.c.obj)
                                         0x84 (size before relaxing)
 .rodata.str1.1
                0x0000000008005b19        0xa zephyr/drivers/pwm/libdrivers__pwm.a(pwm_stm32.c.obj)
                                         0x11 (size before relaxing)
 .rodata.OFFSET_TAB_CCMRx
                0x0000000008005b23        0x9 zephyr/drivers/pwm/libdrivers__pwm.a(pwm_stm32.c.obj)
 .rodata.SHIFT_TAB_CCxP
                0x0000000008005b2c        0x9 zephyr/drivers/pwm/libdrivers__pwm.a(pwm_stm32.c.obj)
 .rodata.SHIFT_TAB_OCxx
                0x0000000008005b35        0x9 zephyr/drivers/pwm/libdrivers__pwm.a(pwm_stm32.c.obj)
 .rodata.uart_stm32_set_baudrate.str1.1
                0x0000000008005b3e       0x23 zephyr/drivers/serial/libdrivers__serial.a(uart_stm32.c.obj)
 .rodata.uart_stm32_init.str1.1
                0x0000000008005b61       0x32 zephyr/drivers/serial/libdrivers__serial.a(uart_stm32.c.obj)
                                         0x3b (size before relaxing)
 .rodata.str1.1
                0x0000000008005b93        0xb zephyr/drivers/serial/libdrivers__serial.a(uart_stm32.c.obj)
                                         0x12 (size before relaxing)
 .rodata.LL_RCC_PrescTable
                0x0000000008005b9e       0x10 modules/stm32/stm32cube/lib..__modules__hal__stm32__stm32cube.a(stm32h7xx_ll_rcc.c.obj)
                0x0000000008005b9e                LL_RCC_PrescTable
 .rodata.k_sys_fatal_error_handler.str1.1
                0x0000000008005bae        0xf zephyr/kernel/libkernel.a(fatal.c.obj)
 .rodata.z_fatal_error.str1.1
                0x0000000008005bbd       0x77 zephyr/kernel/libkernel.a(fatal.c.obj)
 .rodata.str1.1
                0x0000000008005c34       0x4a zephyr/kernel/libkernel.a(fatal.c.obj)
 .rodata.bg_thread_main.str1.1
                0x0000000008005c7e       0x48 zephyr/kernel/libkernel.a(init.c.obj)
                                         0x49 (size before relaxing)
 .rodata.z_cstart.str1.1
                0x0000000008005cc6        0x5 zephyr/kernel/libkernel.a(init.c.obj)
 .rodata.str1.1
                0x0000000008005ccb        0x3 zephyr/kernel/libkernel.a(init.c.obj)
 *(SORT_BY_ALIGNMENT(.gnu.linkonce.r.*))
                0x0000000008005cd0                . = ALIGN (0x4)
 *fill*         0x0000000008005cce        0x2 
                0x0000000008005cd0                _image_rodata_end = .
                0x0000000008005ce0                . = ALIGN (_region_min_align)
                0x0000000008008000                . = ALIGN ((0x1 << LOG2CEIL ((_image_rodata_end - _image_rom_start))))
                0x0000000008008000                _image_rom_end = .
                0x0000000024000000                . = 0x24000000
                0x0000000024000000                . = ALIGN (_region_min_align)
                0x0000000024000000                _image_ram_start = .

.ramfunc        0x0000000024000000        0x0 load address 0x0000000008005cd0
                0x0000000024000000                . = ALIGN (_region_min_align)
                0x0000000024000000                . = ALIGN ((0x1 << LOG2CEIL (_ramfunc_ram_size)))
                0x0000000024000000                _ramfunc_ram_start = .
 *(SORT_BY_ALIGNMENT(.ramfunc))
 *(SORT_BY_ALIGNMENT(.ramfunc.*))
                0x0000000024000000                . = ALIGN (_region_min_align)
                0x0000000024000000                . = ALIGN ((0x1 << LOG2CEIL (_ramfunc_ram_size)))
                0x0000000024000000                _ramfunc_ram_end = .
                0x0000000000000000                _ramfunc_ram_size = (_ramfunc_ram_end - _ramfunc_ram_start)
                0x0000000008005cd0                _ramfunc_rom_start = LOADADDR (.ramfunc)

datas           0x0000000024000000       0x34 load address 0x0000000008005cd0
                0x0000000024000000                __data_ram_start = .
 *(SORT_BY_ALIGNMENT(.data))
 *(SORT_BY_ALIGNMENT(.data.*))
 .data._char_out
                0x0000000024000000        0x4 zephyr/libzephyr.a(printk.c.obj)
                0x0000000024000000                _char_out
 .data.timestamp_func
                0x0000000024000004        0x4 zephyr/libzephyr.a(log_core.c.obj)
 .data.stm32_clock_control_api
                0x0000000024000008       0x14 zephyr/libzephyr.a(clock_stm32_ll_h7.c.obj)
 .data._stdout_hook
                0x000000002400001c        0x4 zephyr/lib/libc/minimal/liblib__libc__minimal.a(stdout_console.c.obj)
 .data.uart_stm32_data_0
                0x0000000024000020        0x8 zephyr/drivers/serial/libdrivers__serial.a(uart_stm32.c.obj)
 .data.SystemCoreClock
                0x0000000024000028        0x4 modules/stm32/stm32cube/lib..__modules__hal__stm32__stm32cube.a(system_stm32h7xx.c.obj)
                0x0000000024000028                SystemCoreClock
 .data.timeout_list
                0x000000002400002c        0x8 zephyr/kernel/libkernel.a(timeout.c.obj)
 *(SORT_BY_ALIGNMENT(.kernel.*))
                0x0000000008005cd0                __data_rom_start = LOADADDR (datas)

devices         0x0000000024000034      0x104 load address 0x0000000008005d04
                0x0000000024000034                __device_start = .
                0x0000000024000034                __device_PRE_KERNEL_1_start = .
 *(SORT_BY_NAME(SORT_BY_ALIGNMENT(.device_PRE_KERNEL_1[0-9]*)))
 .device_PRE_KERNEL_11
                0x0000000024000034       0x10 zephyr/libzephyr.a(clock_stm32_ll_h7.c.obj)
 .device_PRE_KERNEL_150
                0x0000000024000044       0x10 zephyr/libzephyr.a(intc_exti_stm32.c.obj)
 .device_PRE_KERNEL_150
                0x0000000024000054       0x10 zephyr/drivers/serial/libdrivers__serial.a(uart_stm32.c.obj)
 *(SORT_BY_NAME(SORT_BY_ALIGNMENT(.device_PRE_KERNEL_1[1-9][0-9]*)))
                0x0000000024000064                __device_PRE_KERNEL_2_start = .
 *(SORT_BY_NAME(SORT_BY_ALIGNMENT(.device_PRE_KERNEL_2[0-9]*)))
 .device_PRE_KERNEL_20
                0x0000000024000064       0x10 zephyr/libzephyr.a(sys_clock_init.c.obj)
 *(SORT_BY_NAME(SORT_BY_ALIGNMENT(.device_PRE_KERNEL_2[1-9][0-9]*)))
                0x0000000024000074                __device_POST_KERNEL_start = .
 *(SORT_BY_NAME(SORT_BY_ALIGNMENT(.device_POST_KERNEL[0-9]*)))
 .device_POST_KERNEL40
                0x0000000024000074       0xb0 zephyr/drivers/gpio/libdrivers__gpio.a(gpio_stm32.c.obj)
 .device_POST_KERNEL50
                0x0000000024000124       0x10 zephyr/drivers/pwm/libdrivers__pwm.a(pwm_stm32.c.obj)
 *(SORT_BY_NAME(SORT_BY_ALIGNMENT(.device_POST_KERNEL[1-9][0-9]*)))
                0x0000000024000134                __device_APPLICATION_start = .
 *(SORT_BY_NAME(SORT_BY_ALIGNMENT(.device_APPLICATION[0-9]*)))
 *(SORT_BY_NAME(SORT_BY_ALIGNMENT(.device_APPLICATION[1-9][0-9]*)))
                0x0000000024000134                __device_SMP_start = .
 *(SORT_BY_NAME(SORT_BY_ALIGNMENT(.device_SMP[0-9]*)))
 *(SORT_BY_NAME(SORT_BY_ALIGNMENT(.device_SMP[1-9][0-9]*)))
                0x0000000024000134                __device_end = .
 FILL mask 0x00
                0x0000000024000134                __device_init_status_start = .
                0x0000000024000138                . = (. + (((((__device_end - __device_start) / 0x10) + 0x1f) / 0x20) * 0x4))
 *fill*         0x0000000024000134        0x4 00
                0x0000000024000138                __device_init_status_end = .

initshell       0x0000000024000138        0x0 load address 0x0000000008005e08
                0x0000000024000138                __shell_module_start = .
 *(SORT_BY_ALIGNMENT(.shell_module_*))
                0x0000000024000138                __shell_module_end = .
                0x0000000024000138                __shell_cmd_start = .
 *(SORT_BY_ALIGNMENT(.shell_cmd_*))
                0x0000000024000138                __shell_cmd_end = .

log_dynamic_sections
                0x0000000024000138        0x0 load address 0x0000000008005e08
                0x0000000024000138                __log_dynamic_start = .
 *(SORT_BY_NAME(SORT_BY_ALIGNMENT(.log_dynamic_*)))
                0x0000000024000138                __log_dynamic_end = .

_static_thread_data_area
                0x0000000024000138        0x0 load address 0x0000000008005e08
                0x0000000024000138                __static_thread_data_list_start = .
 *(SORT_BY_NAME(SORT_BY_ALIGNMENT(.__static_thread_data.static.*)))
                0x0000000024000138                __static_thread_data_list_end = .

k_timer_area    0x0000000024000138        0x0 load address 0x0000000008005e08
                0x0000000024000138                _k_timer_list_start = .
 *(SORT_BY_NAME(SORT_BY_ALIGNMENT(._k_timer.static.*)))
                0x0000000024000138                _k_timer_list_end = .

k_mem_slab_area
                0x0000000024000138        0x0 load address 0x0000000008005e08
                0x0000000024000138                _k_mem_slab_list_start = .
 *(SORT_BY_NAME(SORT_BY_ALIGNMENT(._k_mem_slab.static.*)))
                0x0000000024000138                _k_mem_slab_list_end = .

k_mem_pool_area
                0x0000000024000138        0x0 load address 0x0000000008005e08
                0x0000000024000138                _k_mem_pool_list_start = .
 *(SORT_BY_NAME(SORT_BY_ALIGNMENT(._k_mem_pool.static.*)))
                0x0000000024000138                _k_mem_pool_list_end = .

k_heap_area     0x0000000024000138        0x0 load address 0x0000000008005e08
                0x0000000024000138                _k_heap_list_start = .
 *(SORT_BY_NAME(SORT_BY_ALIGNMENT(._k_heap.static.*)))
                0x0000000024000138                _k_heap_list_end = .

k_mutex_area    0x0000000024000138        0x0 load address 0x0000000008005e08
                0x0000000024000138                _k_mutex_list_start = .
 *(SORT_BY_NAME(SORT_BY_ALIGNMENT(._k_mutex.static.*)))
                0x0000000024000138                _k_mutex_list_end = .

k_stack_area    0x0000000024000138        0x0 load address 0x0000000008005e08
                0x0000000024000138                _k_stack_list_start = .
 *(SORT_BY_NAME(SORT_BY_ALIGNMENT(._k_stack.static.*)))
                0x0000000024000138                _k_stack_list_end = .

k_msgq_area     0x0000000024000138        0x0 load address 0x0000000008005e08
                0x0000000024000138                _k_msgq_list_start = .
 *(SORT_BY_NAME(SORT_BY_ALIGNMENT(._k_msgq.static.*)))
                0x0000000024000138                _k_msgq_list_end = .

k_mbox_area     0x0000000024000138        0x0 load address 0x0000000008005e08
                0x0000000024000138                _k_mbox_list_start = .
 *(SORT_BY_NAME(SORT_BY_ALIGNMENT(._k_mbox.static.*)))
                0x0000000024000138                _k_mbox_list_end = .

k_pipe_area     0x0000000024000138        0x0 load address 0x0000000008005e08
                0x0000000024000138                _k_pipe_list_start = .
 *(SORT_BY_NAME(SORT_BY_ALIGNMENT(._k_pipe.static.*)))
                0x0000000024000138                _k_pipe_list_end = .

k_sem_area      0x0000000024000138       0x10 load address 0x0000000008005e08
                0x0000000024000138                _k_sem_list_start = .
 *(SORT_BY_NAME(SORT_BY_ALIGNMENT(._k_sem.static.*)))
 ._k_sem.static.log_process_thread_sem
                0x0000000024000138       0x10 zephyr/libzephyr.a(log_core.c.obj)
                0x0000000024000138                log_process_thread_sem
                0x0000000024000148                _k_sem_list_end = .

k_queue_area    0x0000000024000148        0x0 load address 0x0000000008005e18
                0x0000000024000148                _k_queue_list_start = .
 *(SORT_BY_NAME(SORT_BY_ALIGNMENT(._k_queue.static.*)))
                0x0000000024000148                _k_queue_list_end = .

_net_buf_pool_area
                0x0000000024000148        0x0 load address 0x0000000008005e18
                0x0000000024000148                _net_buf_pool_list = .
 *(SORT_BY_NAME(SORT_BY_ALIGNMENT(._net_buf_pool.static.*)))
                0x0000000024000148                __data_ram_end = .

bss             0x0000000024000148      0x2b9
                0x0000000024000148                . = ALIGN (0x4)
                0x0000000024000148                __bss_start = .
                0x0000000024000148                __kernel_ram_start = .
 *(SORT_BY_ALIGNMENT(.bss))
 *(SORT_BY_ALIGNMENT(.bss.*))
 .bss.z_idle_threads
                0x0000000024000148       0x80 zephyr/kernel/libkernel.a(init.c.obj)
                0x0000000024000148                z_idle_threads
 .bss.z_main_thread
                0x00000000240001c8       0x80 zephyr/kernel/libkernel.a(init.c.obj)
                0x00000000240001c8                z_main_thread
 .bss.curr_tick
                0x0000000024000248        0x8 zephyr/kernel/libkernel.a(timeout.c.obj)
 .bss.initialized
                0x0000000024000250        0x4 zephyr/libzephyr.a(log_core.c.obj)
 .bss.freq      0x0000000024000254        0x4 zephyr/libzephyr.a(log_output.c.obj)
 .bss.timestamp_div
                0x0000000024000258        0x4 zephyr/libzephyr.a(log_output.c.obj)
 .bss.backend_cb_log_backend_uart
                0x000000002400025c        0x8 zephyr/libzephyr.a(log_backend_uart.c.obj)
 .bss.log_output_uart_control_block
                0x0000000024000264        0xc zephyr/libzephyr.a(log_backend_uart.c.obj)
 .bss.uart_dev  0x0000000024000270        0x4 zephyr/libzephyr.a(log_backend_uart.c.obj)
 .bss.uart_console_dev
                0x0000000024000274        0x4 zephyr/libzephyr.a(uart_console.c.obj)
 .bss.exti_data
                0x0000000024000278       0x80 zephyr/libzephyr.a(intc_exti_stm32.c.obj)
 .bss.announced_cycles
                0x00000000240002f8        0x4 zephyr/libzephyr.a(cortex_m_systick.c.obj)
 .bss.cycle_count
                0x00000000240002fc        0x4 zephyr/libzephyr.a(cortex_m_systick.c.obj)
 .bss.last_load
                0x0000000024000300        0x4 zephyr/libzephyr.a(cortex_m_systick.c.obj)
 .bss.overflow_cyc
                0x0000000024000304        0x4 zephyr/libzephyr.a(cortex_m_systick.c.obj)
 .bss.gpio_stm32_data_a
                0x0000000024000308       0x10 zephyr/drivers/gpio/libdrivers__gpio.a(gpio_stm32.c.obj)
 .bss.gpio_stm32_data_b
                0x0000000024000318       0x10 zephyr/drivers/gpio/libdrivers__gpio.a(gpio_stm32.c.obj)
 .bss.gpio_stm32_data_c
                0x0000000024000328       0x10 zephyr/drivers/gpio/libdrivers__gpio.a(gpio_stm32.c.obj)
 .bss.gpio_stm32_data_d
                0x0000000024000338       0x10 zephyr/drivers/gpio/libdrivers__gpio.a(gpio_stm32.c.obj)
 .bss.gpio_stm32_data_e
                0x0000000024000348       0x10 zephyr/drivers/gpio/libdrivers__gpio.a(gpio_stm32.c.obj)
 .bss.gpio_stm32_data_f
                0x0000000024000358       0x10 zephyr/drivers/gpio/libdrivers__gpio.a(gpio_stm32.c.obj)
 .bss.gpio_stm32_data_g
                0x0000000024000368       0x10 zephyr/drivers/gpio/libdrivers__gpio.a(gpio_stm32.c.obj)
 .bss.gpio_stm32_data_h
                0x0000000024000378       0x10 zephyr/drivers/gpio/libdrivers__gpio.a(gpio_stm32.c.obj)
 .bss.gpio_stm32_data_i
                0x0000000024000388       0x10 zephyr/drivers/gpio/libdrivers__gpio.a(gpio_stm32.c.obj)
 .bss.gpio_stm32_data_j
                0x0000000024000398       0x10 zephyr/drivers/gpio/libdrivers__gpio.a(gpio_stm32.c.obj)
 .bss.gpio_stm32_data_k
                0x00000000240003a8       0x10 zephyr/drivers/gpio/libdrivers__gpio.a(gpio_stm32.c.obj)
 .bss.pwm_stm32_data_0
                0x00000000240003b8        0x4 zephyr/drivers/pwm/libdrivers__pwm.a(pwm_stm32.c.obj)
 .bss._kernel   0x00000000240003bc       0x30 zephyr/kernel/libkernel.a(sched.c.obj)
                0x00000000240003bc                _kernel
 .bss.pending_current
                0x00000000240003ec        0x4 zephyr/kernel/libkernel.a(sched.c.obj)
 .bss.slice_max_prio
                0x00000000240003f0        0x4 zephyr/kernel/libkernel.a(sched.c.obj)
 .bss.slice_time
                0x00000000240003f4        0x4 zephyr/kernel/libkernel.a(sched.c.obj)
 .bss.announce_remaining
                0x00000000240003f8        0x4 zephyr/kernel/libkernel.a(timeout.c.obj)
 .bss.backend_attached
                0x00000000240003fc        0x1 zephyr/libzephyr.a(log_core.c.obj)
 .bss.panic_mode
                0x00000000240003fd        0x1 zephyr/libzephyr.a(log_core.c.obj)
 .bss.uart_output_buf
                0x00000000240003fe        0x1 zephyr/libzephyr.a(log_backend_uart.c.obj)
 .bss.static_regions_num
                0x00000000240003ff        0x1 zephyr/arch/arch/arm/core/aarch32/cortex_m/mpu/libarch__arm__core__aarch32__cortex_m__mpu.a(arm_mpu.c.obj)
 .bss.z_sys_post_kernel
                0x0000000024000400        0x1 zephyr/kernel/libkernel.a(init.c.obj)
                0x0000000024000400                z_sys_post_kernel
 .bss.sched_spinlock
                0x0000000024000401        0x0 zephyr/kernel/libkernel.a(sched.c.obj)
 .bss.lock      0x0000000024000401        0x0 zephyr/kernel/libkernel.a(sem.c.obj)
 *(SORT_BY_ALIGNMENT(COMMON))
 *(SORT_BY_ALIGNMENT(.kernel_bss.*))
                0x0000000024000404                __bss_end = ALIGN (0x4)

noinit          0x0000000024000420      0xda0
 *(SORT_BY_ALIGNMENT(.noinit))
 *(SORT_BY_ALIGNMENT(.noinit.*))
 .noinit."WEST_TOPDIR/zephyr/kernel/init.c".2
                0x0000000024000420      0x420 zephyr/kernel/libkernel.a(init.c.obj)
                0x0000000024000420                z_main_stack
 .noinit."WEST_TOPDIR/zephyr/kernel/init.c".3
                0x0000000024000840      0x160 zephyr/kernel/libkernel.a(init.c.obj)
 .noinit."WEST_TOPDIR/zephyr/kernel/init.c".4
                0x00000000240009a0      0x820 zephyr/kernel/libkernel.a(init.c.obj)
                0x00000000240009a0                z_interrupt_stacks
 *(SORT_BY_ALIGNMENT(.kernel_noinit.*))
                0x00000000240011c0                _image_ram_end = .
                0x00000000240011c0                _end = .
                0x0000000024080000                __kernel_ram_end = 0x24080000
                0x000000000007feb8                __kernel_ram_size = (__kernel_ram_end - __kernel_ram_start)

.dtcm_bss       0x0000000020000000        0x0
                0x0000000020000000                __dtcm_start = .
                0x0000000020000000                __dtcm_bss_start = .
 *(SORT_BY_ALIGNMENT(.dtcm_bss))
 *(SORT_BY_ALIGNMENT(.dtcm_bss.*))
                0x0000000020000000                __dtcm_bss_end = .

.dtcm_noinit    0x0000000020000000        0x0
                0x0000000020000000                __dtcm_noinit_start = .
 *(SORT_BY_ALIGNMENT(.dtcm_noinit))
 *(SORT_BY_ALIGNMENT(.dtcm_noinit.*))
                0x0000000020000000                __dtcm_noinit_end = .

.dtcm_data      0x0000000020000000        0x0 load address 0x0000000008005e18
                0x0000000020000000                __dtcm_data_start = .
 *(SORT_BY_ALIGNMENT(.dtcm_data))
 *(SORT_BY_ALIGNMENT(.dtcm_data.*))
                0x0000000020000000                __dtcm_data_end = .
                0x0000000020000000                __dtcm_end = .
                0x0000000008005e18                __dtcm_data_rom_start = LOADADDR (.dtcm_data)

.intList        0x0000000024080000       0x78
 *(SORT_BY_ALIGNMENT(.irq_info*))
 .irq_info      0x0000000024080000        0x8 zephyr/arch/common/libisr_tables.a(isr_tables.c.obj)
                0x0000000024080000                _iheader
 *(SORT_BY_ALIGNMENT(.intList*))
 .intList       0x0000000024080008       0x70 zephyr/libzephyr.a(intc_exti_stm32.c.obj)

.stab
 *(SORT_BY_ALIGNMENT(.stab))

.stabstr
 *(SORT_BY_ALIGNMENT(.stabstr))

.stab.excl
 *(SORT_BY_ALIGNMENT(.stab.excl))

.stab.exclstr
 *(SORT_BY_ALIGNMENT(.stab.exclstr))

.stab.index
 *(SORT_BY_ALIGNMENT(.stab.index))

.stab.indexstr
 *(SORT_BY_ALIGNMENT(.stab.indexstr))

.gnu.build.attributes
 *(SORT_BY_ALIGNMENT(.gnu.build.attributes) SORT_BY_ALIGNMENT(.gnu.build.attributes.*))

.comment        0x0000000000000000       0x32
 *(SORT_BY_ALIGNMENT(.comment))
 .comment       0x0000000000000000       0x32 app/libapp.a(main.c.obj)
                                         0x33 (size before relaxing)
 .comment       0x0000000000000032       0x33 zephyr/libzephyr.a(printk.c.obj)
 .comment       0x0000000000000032       0x33 zephyr/libzephyr.a(thread_entry.c.obj)
 .comment       0x0000000000000032       0x33 zephyr/libzephyr.a(heap.c.obj)
 .comment       0x0000000000000032       0x33 zephyr/libzephyr.a(configs.c.obj)
 .comment       0x0000000000000032       0x33 zephyr/libzephyr.a(soc_m7.c.obj)
 .comment       0x0000000000000032       0x33 zephyr/libzephyr.a(log_core.c.obj)
 .comment       0x0000000000000032       0x33 zephyr/libzephyr.a(log_output.c.obj)
 .comment       0x0000000000000032       0x33 zephyr/libzephyr.a(log_backend_uart.c.obj)
 .comment       0x0000000000000032       0x33 zephyr/libzephyr.a(uart_console.c.obj)
 .comment       0x0000000000000032       0x33 zephyr/libzephyr.a(intc_exti_stm32.c.obj)
 .comment       0x0000000000000032       0x33 zephyr/libzephyr.a(clock_stm32_ll_h7.c.obj)
 .comment       0x0000000000000032       0x33 zephyr/libzephyr.a(pinmux_stm32.c.obj)
 .comment       0x0000000000000032       0x33 zephyr/libzephyr.a(sys_clock_init.c.obj)
 .comment       0x0000000000000032       0x33 zephyr/libzephyr.a(cortex_m_systick.c.obj)
 .comment       0x0000000000000032       0x33 zephyr/arch/arch/arm/core/aarch32/libarch__arm__core__aarch32.a(swap.c.obj)
 .comment       0x0000000000000032       0x33 zephyr/arch/arch/arm/core/aarch32/libarch__arm__core__aarch32.a(irq_manage.c.obj)
 .comment       0x0000000000000032       0x33 zephyr/arch/arch/arm/core/aarch32/libarch__arm__core__aarch32.a(thread.c.obj)
 .comment       0x0000000000000032       0x33 zephyr/arch/arch/arm/core/aarch32/libarch__arm__core__aarch32.a(fatal.c.obj)
 .comment       0x0000000000000032       0x33 zephyr/arch/arch/arm/core/aarch32/libarch__arm__core__aarch32.a(nmi.c.obj)
 .comment       0x0000000000000032       0x33 zephyr/arch/arch/arm/core/aarch32/libarch__arm__core__aarch32.a(prep_c.c.obj)
 .comment       0x0000000000000032       0x33 zephyr/arch/arch/arm/core/aarch32/cortex_m/libarch__arm__core__aarch32__cortex_m.a(fault.c.obj)
 .comment       0x0000000000000032       0x33 zephyr/arch/arch/arm/core/aarch32/cortex_m/libarch__arm__core__aarch32__cortex_m.a(irq_init.c.obj)
 .comment       0x0000000000000032       0x33 zephyr/arch/arch/arm/core/aarch32/cortex_m/libarch__arm__core__aarch32__cortex_m.a(thread_abort.c.obj)
 .comment       0x0000000000000032       0x33 zephyr/arch/arch/arm/core/aarch32/cortex_m/mpu/libarch__arm__core__aarch32__cortex_m__mpu.a(arm_core_mpu.c.obj)
 .comment       0x0000000000000032       0x33 zephyr/arch/arch/arm/core/aarch32/cortex_m/mpu/libarch__arm__core__aarch32__cortex_m__mpu.a(arm_mpu.c.obj)
 .comment       0x0000000000000032       0x33 zephyr/lib/libc/minimal/liblib__libc__minimal.a(string.c.obj)
 .comment       0x0000000000000032       0x33 zephyr/lib/libc/minimal/liblib__libc__minimal.a(stdout_console.c.obj)
 .comment       0x0000000000000032       0x33 zephyr/soc/arm/common/cortex_m/libsoc__arm__common__cortex_m.a(arm_mpu_regions.c.obj)
 .comment       0x0000000000000032       0x33 zephyr/drivers/gpio/libdrivers__gpio.a(gpio_stm32.c.obj)
 .comment       0x0000000000000032       0x33 zephyr/drivers/pwm/libdrivers__pwm.a(pwm_stm32.c.obj)
 .comment       0x0000000000000032       0x33 zephyr/drivers/serial/libdrivers__serial.a(uart_stm32.c.obj)
 .comment       0x0000000000000032       0x33 modules/stm32/stm32cube/lib..__modules__hal__stm32__stm32cube.a(system_stm32h7xx.c.obj)
 .comment       0x0000000000000032       0x33 modules/stm32/stm32cube/lib..__modules__hal__stm32__stm32cube.a(stm32h7xx_ll_rcc.c.obj)
 .comment       0x0000000000000032       0x33 modules/stm32/stm32cube/lib..__modules__hal__stm32__stm32cube.a(stm32h7xx_ll_tim.c.obj)
 .comment       0x0000000000000032       0x33 modules/stm32/stm32cube/lib..__modules__hal__stm32__stm32cube.a(stm32h7xx_ll_utils.c.obj)
 .comment       0x0000000000000032       0x33 zephyr/kernel/libkernel.a(device.c.obj)
 .comment       0x0000000000000032       0x33 zephyr/kernel/libkernel.a(errno.c.obj)
 .comment       0x0000000000000032       0x33 zephyr/kernel/libkernel.a(fatal.c.obj)
 .comment       0x0000000000000032       0x33 zephyr/kernel/libkernel.a(init.c.obj)
 .comment       0x0000000000000032       0x33 zephyr/kernel/libkernel.a(mem_slab.c.obj)
 .comment       0x0000000000000032       0x33 zephyr/kernel/libkernel.a(sched.c.obj)
 .comment       0x0000000000000032       0x33 zephyr/kernel/libkernel.a(sem.c.obj)
 .comment       0x0000000000000032       0x33 zephyr/kernel/libkernel.a(thread.c.obj)
 .comment       0x0000000000000032       0x33 zephyr/kernel/libkernel.a(thread_abort.c.obj)
 .comment       0x0000000000000032       0x33 zephyr/kernel/libkernel.a(timeout.c.obj)
 .comment       0x0000000000000032       0x33 zephyr/kernel/libkernel.a(idle.c.obj)
 .comment       0x0000000000000032       0x33 zephyr/kernel/libkernel.a(kheap.c.obj)
 .comment       0x0000000000000032       0x33 zephyr/CMakeFiles/offsets.dir/./arch/arm/core/offsets/offsets.c.obj
 .comment       0x0000000000000032       0x33 zephyr/arch/common/libisr_tables.a(isr_tables.c.obj)

.debug
 *(SORT_BY_ALIGNMENT(.debug))

.line
 *(SORT_BY_ALIGNMENT(.line))

.debug_srcinfo
 *(SORT_BY_ALIGNMENT(.debug_srcinfo))

.debug_sfnames
 *(SORT_BY_ALIGNMENT(.debug_sfnames))

.debug_aranges  0x0000000000000000     0x11f0
 *(SORT_BY_ALIGNMENT(.debug_aranges))
 .debug_aranges
                0x0000000000000000       0x28 zephyr/arch/arch/arm/core/aarch32/libarch__arm__core__aarch32.a(swap_helper.S.obj)
 .debug_aranges
                0x0000000000000028       0x30 zephyr/arch/arch/arm/core/aarch32/libarch__arm__core__aarch32.a(cpu_idle.S.obj)
 .debug_aranges
                0x0000000000000058       0x20 zephyr/arch/arch/arm/core/aarch32/libarch__arm__core__aarch32.a(nmi_on_reset.S.obj)
 .debug_aranges
                0x0000000000000078       0x20 zephyr/arch/arch/arm/core/aarch32/libarch__arm__core__aarch32.a(isr_wrapper.S.obj)
 .debug_aranges
                0x0000000000000098       0x20 zephyr/arch/arch/arm/core/aarch32/cortex_m/libarch__arm__core__aarch32__cortex_m.a(reset.S.obj)
 .debug_aranges
                0x00000000000000b8       0x20 zephyr/arch/arch/arm/core/aarch32/cortex_m/libarch__arm__core__aarch32__cortex_m.a(fault_s.S.obj)
 .debug_aranges
                0x00000000000000d8       0x20 zephyr/arch/arch/arm/core/aarch32/cortex_m/libarch__arm__core__aarch32__cortex_m.a(exc_exit.S.obj)
 .debug_aranges
                0x00000000000000f8       0x28 app/libapp.a(main.c.obj)
 .debug_aranges
                0x0000000000000120       0x78 zephyr/libzephyr.a(printk.c.obj)
 .debug_aranges
                0x0000000000000198       0x20 zephyr/libzephyr.a(thread_entry.c.obj)
 .debug_aranges
                0x00000000000001b8       0x98 zephyr/libzephyr.a(heap.c.obj)
 .debug_aranges
                0x0000000000000250       0x20 zephyr/libzephyr.a(configs.c.obj)
 .debug_aranges
                0x0000000000000270       0x20 zephyr/libzephyr.a(soc_m7.c.obj)
 .debug_aranges
                0x0000000000000290      0x158 zephyr/libzephyr.a(log_core.c.obj)
 .debug_aranges
                0x00000000000003e8       0x80 zephyr/libzephyr.a(log_output.c.obj)
 .debug_aranges
                0x0000000000000468       0x40 zephyr/libzephyr.a(log_backend_uart.c.obj)
 .debug_aranges
                0x00000000000004a8       0x28 zephyr/libzephyr.a(uart_console.c.obj)
 .debug_aranges
                0x00000000000004d0       0x88 zephyr/libzephyr.a(intc_exti_stm32.c.obj)
 .debug_aranges
                0x0000000000000558       0x38 zephyr/libzephyr.a(clock_stm32_ll_h7.c.obj)
 .debug_aranges
                0x0000000000000590       0x38 zephyr/libzephyr.a(pinmux_stm32.c.obj)
 .debug_aranges
                0x00000000000005c8       0x40 zephyr/libzephyr.a(sys_clock_init.c.obj)
 .debug_aranges
                0x0000000000000608       0x58 zephyr/libzephyr.a(cortex_m_systick.c.obj)
 .debug_aranges
                0x0000000000000660       0x20 zephyr/arch/arch/arm/core/aarch32/libarch__arm__core__aarch32.a(swap.c.obj)
 .debug_aranges
                0x0000000000000680       0x40 zephyr/arch/arch/arm/core/aarch32/libarch__arm__core__aarch32.a(irq_manage.c.obj)
 .debug_aranges
                0x00000000000006c0       0x30 zephyr/arch/arch/arm/core/aarch32/libarch__arm__core__aarch32.a(thread.c.obj)
 .debug_aranges
                0x00000000000006f0       0x30 zephyr/arch/arch/arm/core/aarch32/libarch__arm__core__aarch32.a(fatal.c.obj)
 .debug_aranges
                0x0000000000000720       0x20 zephyr/arch/arch/arm/core/aarch32/libarch__arm__core__aarch32.a(nmi.c.obj)
 .debug_aranges
                0x0000000000000740       0x20 zephyr/arch/arch/arm/core/aarch32/libarch__arm__core__aarch32.a(prep_c.c.obj)
 .debug_aranges
                0x0000000000000760       0x40 zephyr/arch/arch/arm/core/aarch32/cortex_m/libarch__arm__core__aarch32__cortex_m.a(fault.c.obj)
 .debug_aranges
                0x00000000000007a0       0x20 zephyr/arch/arch/arm/core/aarch32/cortex_m/libarch__arm__core__aarch32__cortex_m.a(irq_init.c.obj)
 .debug_aranges
                0x00000000000007c0       0x20 zephyr/arch/arch/arm/core/aarch32/cortex_m/libarch__arm__core__aarch32__cortex_m.a(thread_abort.c.obj)
 .debug_aranges
                0x00000000000007e0       0x28 zephyr/arch/arch/arm/core/aarch32/cortex_m/mpu/libarch__arm__core__aarch32__cortex_m__mpu.a(arm_core_mpu.c.obj)
 .debug_aranges
                0x0000000000000808       0x48 zephyr/arch/arch/arm/core/aarch32/cortex_m/mpu/libarch__arm__core__aarch32__cortex_m__mpu.a(arm_mpu.c.obj)
 .debug_aranges
                0x0000000000000850       0x98 zephyr/lib/libc/minimal/liblib__libc__minimal.a(string.c.obj)
 .debug_aranges
                0x00000000000008e8       0x58 zephyr/lib/libc/minimal/liblib__libc__minimal.a(stdout_console.c.obj)
 .debug_aranges
                0x0000000000000940       0x18 zephyr/soc/arm/common/cortex_m/libsoc__arm__common__cortex_m.a(arm_mpu_regions.c.obj)
 .debug_aranges
                0x0000000000000958       0x70 zephyr/drivers/gpio/libdrivers__gpio.a(gpio_stm32.c.obj)
 .debug_aranges
                0x00000000000009c8       0x60 zephyr/drivers/pwm/libdrivers__pwm.a(pwm_stm32.c.obj)
 .debug_aranges
                0x0000000000000a28       0x50 zephyr/drivers/serial/libdrivers__serial.a(uart_stm32.c.obj)
 .debug_aranges
                0x0000000000000a78       0x28 modules/stm32/stm32cube/lib..__modules__hal__stm32__stm32cube.a(system_stm32h7xx.c.obj)
 .debug_aranges
                0x0000000000000aa0      0x148 modules/stm32/stm32cube/lib..__modules__hal__stm32__stm32cube.a(stm32h7xx_ll_rcc.c.obj)
 .debug_aranges
                0x0000000000000be8       0x90 modules/stm32/stm32cube/lib..__modules__hal__stm32__stm32cube.a(stm32h7xx_ll_tim.c.obj)
 .debug_aranges
                0x0000000000000c78       0x58 modules/stm32/stm32cube/lib..__modules__hal__stm32__stm32cube.a(stm32h7xx_ll_utils.c.obj)
 .debug_aranges
                0x0000000000000cd0       0x40 zephyr/kernel/libkernel.a(device.c.obj)
 .debug_aranges
                0x0000000000000d10       0x20 zephyr/kernel/libkernel.a(errno.c.obj)
 .debug_aranges
                0x0000000000000d30       0x50 zephyr/kernel/libkernel.a(fatal.c.obj)
 .debug_aranges
                0x0000000000000d80       0x40 zephyr/kernel/libkernel.a(init.c.obj)
 .debug_aranges
                0x0000000000000dc0       0x38 zephyr/kernel/libkernel.a(mem_slab.c.obj)
 .debug_aranges
                0x0000000000000df8      0x1d0 zephyr/kernel/libkernel.a(sched.c.obj)
 .debug_aranges
                0x0000000000000fc8       0x30 zephyr/kernel/libkernel.a(sem.c.obj)
 .debug_aranges
                0x0000000000000ff8       0xa0 zephyr/kernel/libkernel.a(thread.c.obj)
 .debug_aranges
                0x0000000000001098       0x20 zephyr/kernel/libkernel.a(thread_abort.c.obj)
 .debug_aranges
                0x00000000000010b8       0x90 zephyr/kernel/libkernel.a(timeout.c.obj)
 .debug_aranges
                0x0000000000001148       0x28 zephyr/kernel/libkernel.a(idle.c.obj)
 .debug_aranges
                0x0000000000001170       0x48 zephyr/kernel/libkernel.a(kheap.c.obj)
 .debug_aranges
                0x00000000000011b8       0x20 zephyr/CMakeFiles/offsets.dir/./arch/arm/core/offsets/offsets.c.obj
 .debug_aranges
                0x00000000000011d8       0x18 zephyr/arch/common/libisr_tables.a(isr_tables.c.obj)

.debug_pubnames
 *(SORT_BY_ALIGNMENT(.debug_pubnames))

.debug_info     0x0000000000000000    0x495ca
 *(SORT_BY_ALIGNMENT(.debug_info) SORT_BY_ALIGNMENT(.gnu.linkonce.wi.*))
 .debug_info    0x0000000000000000     0x11c1 app/libapp.a(main.c.obj)
 .debug_info    0x00000000000011c1     0x1572 zephyr/libzephyr.a(printk.c.obj)
 .debug_info    0x0000000000002733      0xbdb zephyr/libzephyr.a(thread_entry.c.obj)
 .debug_info    0x000000000000330e     0x2962 zephyr/libzephyr.a(heap.c.obj)
 .debug_info    0x0000000000005c70       0x38 zephyr/libzephyr.a(configs.c.obj)
 .debug_info    0x0000000000005ca8     0x12ee zephyr/libzephyr.a(soc_m7.c.obj)
 .debug_info    0x0000000000006f96     0x3873 zephyr/libzephyr.a(log_core.c.obj)
 .debug_info    0x000000000000a809     0x2acd zephyr/libzephyr.a(log_output.c.obj)
 .debug_info    0x000000000000d2d6     0x18d6 zephyr/libzephyr.a(log_backend_uart.c.obj)
 .debug_info    0x000000000000ebac      0xf4b zephyr/libzephyr.a(uart_console.c.obj)
 .debug_info    0x000000000000faf7     0x1c4f zephyr/libzephyr.a(intc_exti_stm32.c.obj)
 .debug_info    0x0000000000011746     0x2bc8 zephyr/libzephyr.a(clock_stm32_ll_h7.c.obj)
 .debug_info    0x000000000001430e     0x1226 zephyr/libzephyr.a(pinmux_stm32.c.obj)
 .debug_info    0x0000000000015534      0xcf2 zephyr/libzephyr.a(sys_clock_init.c.obj)
 .debug_info    0x0000000000016226     0x1996 zephyr/libzephyr.a(cortex_m_systick.c.obj)
 .debug_info    0x0000000000017bbc      0xf0e zephyr/arch/arch/arm/core/aarch32/libarch__arm__core__aarch32.a(swap.c.obj)
 .debug_info    0x0000000000018aca       0x22 zephyr/arch/arch/arm/core/aarch32/libarch__arm__core__aarch32.a(swap_helper.S.obj)
 .debug_info    0x0000000000018aec     0x1554 zephyr/arch/arch/arm/core/aarch32/libarch__arm__core__aarch32.a(irq_manage.c.obj)
 .debug_info    0x000000000001a040      0xe25 zephyr/arch/arch/arm/core/aarch32/libarch__arm__core__aarch32.a(thread.c.obj)
 .debug_info    0x000000000001ae65       0x22 zephyr/arch/arch/arm/core/aarch32/libarch__arm__core__aarch32.a(cpu_idle.S.obj)
 .debug_info    0x000000000001ae87     0x115f zephyr/arch/arch/arm/core/aarch32/libarch__arm__core__aarch32.a(fatal.c.obj)
 .debug_info    0x000000000001bfe6      0xad5 zephyr/arch/arch/arm/core/aarch32/libarch__arm__core__aarch32.a(nmi.c.obj)
 .debug_info    0x000000000001cabb       0x26 zephyr/arch/arch/arm/core/aarch32/libarch__arm__core__aarch32.a(nmi_on_reset.S.obj)
 .debug_info    0x000000000001cae1     0x11f9 zephyr/arch/arch/arm/core/aarch32/libarch__arm__core__aarch32.a(prep_c.c.obj)
 .debug_info    0x000000000001dcda       0x26 zephyr/arch/arch/arm/core/aarch32/libarch__arm__core__aarch32.a(isr_wrapper.S.obj)
 .debug_info    0x000000000001dd00       0x26 zephyr/arch/arch/arm/core/aarch32/cortex_m/libarch__arm__core__aarch32__cortex_m.a(reset.S.obj)
 .debug_info    0x000000000001dd26       0x26 zephyr/arch/arch/arm/core/aarch32/cortex_m/libarch__arm__core__aarch32__cortex_m.a(fault_s.S.obj)
 .debug_info    0x000000000001dd4c     0x2413 zephyr/arch/arch/arm/core/aarch32/cortex_m/libarch__arm__core__aarch32__cortex_m.a(fault.c.obj)
 .debug_info    0x000000000002015f       0x26 zephyr/arch/arch/arm/core/aarch32/cortex_m/libarch__arm__core__aarch32__cortex_m.a(exc_exit.S.obj)
 .debug_info    0x0000000000020185      0xd4b zephyr/arch/arch/arm/core/aarch32/cortex_m/libarch__arm__core__aarch32__cortex_m.a(irq_init.c.obj)
 .debug_info    0x0000000000020ed0      0xfe6 zephyr/arch/arch/arm/core/aarch32/cortex_m/libarch__arm__core__aarch32__cortex_m.a(thread_abort.c.obj)
 .debug_info    0x0000000000021eb6      0xf5b zephyr/arch/arch/arm/core/aarch32/cortex_m/mpu/libarch__arm__core__aarch32__cortex_m__mpu.a(arm_core_mpu.c.obj)
 .debug_info    0x0000000000022e11     0x188b zephyr/arch/arch/arm/core/aarch32/cortex_m/mpu/libarch__arm__core__aarch32__cortex_m__mpu.a(arm_mpu.c.obj)
 .debug_info    0x000000000002469c      0x7bb zephyr/lib/libc/minimal/liblib__libc__minimal.a(string.c.obj)
 .debug_info    0x0000000000024e57      0x68f zephyr/lib/libc/minimal/liblib__libc__minimal.a(stdout_console.c.obj)
 .debug_info    0x00000000000254e6      0x43a zephyr/soc/arm/common/cortex_m/libsoc__arm__common__cortex_m.a(arm_mpu_regions.c.obj)
 .debug_info    0x0000000000025920     0x2dd5 zephyr/drivers/gpio/libdrivers__gpio.a(gpio_stm32.c.obj)